192.168.1.18 - - [31/Oct/2025:22:36:38 +0200] "DELETE /kcf HTTP/1.1" 400 176 "https://www.google.com/" "Mozilla/5.0 (Windows NT 10.0; WOW64) AppleWebKit/537.36 (KHTML, like Gecko) Chrome/58.0.3029.110 Safari/537.36 OPR/45.0.2552.898"
192.168.1.11 - - [31/Oct/2025:22:36:38 +0200] "DELETE /amnvjvtfks HTTP/1.1" 403 8404 "https://www.ibm.com/" "Mozilla/5.0 (Windows NT 6.1; WOW64; Trident/7.0; AS; rv:11.0) like Gecko"
192.168.1.50 - - [31/Oct/2025:22:36:38 +0200] "POST /kihjkxnl HTTP/1.1" 204 2224 "https://www.ibm.com/" "Mozilla/5.0 (Windows NT 10.0; WOW64) AppleWebKit/537.36 (KHTML, like Gecko) Chrome/58.0.3029.110 Safari/537.36 OPR/45.0.2552.898"
192.168.1.21 - - [31/Oct/2025:22:36:38 +0200] "POST /vbwqauqok HTTP/1.1" 500 160 "https://www.msn.com/" "Mozilla/5.0 (Windows NT 10.0; Win64; x64) AppleWebKit/537.36 (KHTML, like Gecko) Chrome/62.0.3202.94 Safari/537.36"
2001:db8:0:1:0:0:0:b - - [31/Oct/2025:22:36:38 +0200] "DELETE /stibgwnixl HTTP/1.1" 401 3824 "https://www.google.com/" "Mozilla/5.0 (Windows NT 10.0; Win64; x64) AppleWebKit/537.36 (KHTML, like Gecko) Chrome/62.0.3202.94 Safari/537.36"
192.168.1.10 - - [31/Oct/2025:22:36:38 +0200] "DELETE /xael HTTP/1.1" 401 1969 "https://www.ibm.com/" "Mozilla/5.0 (Windows NT 6.1; WOW64; rv:54.0) Gecko/20100101 Firefox/54.0"
192.168.1.8 - - [31/Oct/2025:22:36:38 +0200] "PUT /w HTTP/1.1" 302 7209 "https://www.google.com/" "Mozilla/5.0 (Windows NT 10.0; Win64; x64; rv:54.0) Gecko/20100101 Firefox/54.0"
192.168.1.28 - - [31/Oct/2025:22:36:38 +0200] "DELETE /mkdqcjauu HTTP/1.1" 200 1593 "https://www.google.com/" "Mozilla/5.0 (Windows NT 6.1; WOW64; Trident/7.0; AS; rv:11.0) like Gecko"
2001:db8:0:1:0:0:0:2 - - [31/Oct/2025:22:36:38 +0200] "PUT /koe HTTP/1.1" 403 5777 "https://www.ibm.com/" "Mozilla/5.0 (Windows NT 10.0; Win64; x64) AppleWebKit/537.36 (KHTML, like Gecko) Chrome/62.0.3202.94 Safari/537.36"
2001:db8:0:1:0:0:0:8 - - [31/Oct/2025:22:36:38 +0200] "PUT /pepreyggn HTTP/1.1" 302 4060 "https://www.msn.com/" "Mozilla/5.0 (Windows NT 6.1; WOW64; rv:54.0) Gecko/20100101 Firefox/54.0"
192.168.1.46 - - [31/Oct/2025:22:36:38 +0200] "GET /ui HTTP/1.1" 500 9068 "https://www.google.com/" "Mozilla/5.0 (Windows NT 6.1; WOW64; rv:54.0) Gecko/20100101 Firefox/54.0"
192.168.1.27 - - [31/Oct/2025:22:36:38 +0200] "DELETE /lgyvaaryz HTTP/1.1" 401 5752 "https://www.msn.com/" "Mozilla/5.0 (Windows NT 10.0; Win64; x64) AppleWebKit/537.36 (KHTML, like Gecko) Chrome/58.0.3029.110 Safari/537.36"
2001:db8:0:1:0:0:0:3 - - [31/Oct/2025:22:36:38 +0200] "GET /sdmu HTTP/1.1" 201 2359 "https://www.google.com/" "Mozilla/5.0 (Windows NT 10.0; Win64; x64) AppleWebKit/537.36 (KHTML, like Gecko) Chrome/62.0.3202.94 Safari/537.36"
2001:db8:0:1:0:0:0:e - - [31/Oct/2025:22:36:38 +0200] "POST /mijqwxhlu HTTP/1.1" 404 1082 "https://www.google.com/" "Mozilla/5.0 (Windows NT 6.1; WOW64; Trident/7.0; AS; rv:11.0) like Gecko"
192.168.1.13 - - [31/Oct/2025:22:36:38 +0200] "PUT /jzeufmj HTTP/1.1" 200 9073 "https://www.msn.com/" "Mozilla/5.0 (Windows NT 6.1; WOW64; Trident/7.0; AS; rv:11.0) like Gecko"
192.168.1.33 - - [31/Oct/2025:22:36:38 +0200] "POST /odtsxfwyz HTTP/1.1" 500 8189 "https://www.msn.com/" "Mozilla/5.0 (Windows NT 10.0; Win64; x64) AppleWebKit/537.36 (KHTML, like Gecko) Chrome/58.0.3029.110 Safari/537.36"
192.168.1.20 - - [31/Oct/2025:22:36:38 +0200] "GET /kpmvo HTTP/1.1" 500 7042 "https://www.google.com/" "Mozilla/5.0 (Windows NT 10.0; Win64; x64) AppleWebKit/537.36 (KHTML, like Gecko) Chrome/58.0.3029.110 Safari/537.36"
192.168.1.25 - - [31/Oct/2025:22:36:38 +0200] "GET /ndopestt HTTP/1.1" 200 6039 "https://www.ibm.com/" "Mozilla/5.0 (Windows NT 10.0; WOW64) AppleWebKit/537.36 (KHTML, like Gecko) Chrome/58.0.3029.110 Safari/537.36 OPR/45.0.2552.898"
192.168.1.11 - - [31/Oct/2025:22:36:38 +0200] "POST /cphbtxbcb HTTP/1.1" 401 6680 "https://www.msn.com/" "Mozilla/5.0 (Windows NT 10.0; Win64; x64) AppleWebKit/537.36 (KHTML, like Gecko) Chrome/62.0.3202.94 Safari/537.36"
192.168.1.30 - - [31/Oct/2025:22:36:38 +0200] "GET /roo HTTP/1.1" 204 6716 "https://www.ibm.com/" "Mozilla/5.0 (Windows NT 10.0; WOW64) AppleWebKit/537.36 (KHTML, like Gecko) Chrome/58.0.3029.110 Safari/537.36 OPR/45.0.2552.898"
192.168.1.8 - - [31/Oct/2025:22:36:38 +0200] "DELETE /rwt HTTP/1.1" 500 9448 "https://www.google.com/" "Mozilla/5.0 (Windows NT 10.0; Win64; x64; rv:54.0) Gecko/20100101 Firefox/54.0"
192.168.1.43 - - [31/Oct/2025:22:36:38 +0200] "DELETE /jsr HTTP/1.1" 404 3152 "https://www.example.com/" "Mozilla/5.0 (Windows NT 6.1; WOW64; Trident/7.0; AS; rv:11.0) like Gecko"
2001:db8:0:1:0:0:0:1 - - [31/Oct/2025:22:36:38 +0200] "POST /lqhymkjuva HTTP/1.1" 404 924 "https://www.ibm.com/" "Mozilla/5.0 (Windows NT 6.1; WOW64; Trident/7.0; AS; rv:11.0) like Gecko"
192.168.1.3 - - [31/Oct/2025:22:36:38 +0200] "GET /qkgkkunz HTTP/1.1" 401 7488 "https://www.msn.com/" "Mozilla/5.0 (Windows NT 10.0; Win64; x64; rv:54.0) Gecko/20100101 Firefox/54.0"
2001:db8:0:1:0:0:0:4 - - [31/Oct/2025:22:36:38 +0200] "GET /wymbcelxsw HTTP/1.1" 204 3779 "https://www.google.com/" "Mozilla/5.0 (Windows NT 10.0; Win64; x64; rv:54.0) Gecko/20100101 Firefox/54.0"
2001:db8:0:1:0:0:0:7 - - [31/Oct/2025:22:36:38 +0200] "DELETE /a HTTP/1.1" 204 8192 "https://www.google.com/" "Mozilla/5.0 (Windows NT 6.1; WOW64; Trident/7.0; AS; rv:11.0) like Gecko"
192.168.1.4 - - [31/Oct/2025:22:36:38 +0200] "POST /olampy HTTP/1.1" 404 2544 "https://www.google.com/" "Mozilla/5.0 (Windows NT 10.0; Win64; x64; rv:54.0) Gecko/20100101 Firefox/54.0"
2001:db8:0:1:0:0:0:6 - - [31/Oct/2025:22:36:38 +0200] "GET /tchvg HTTP/1.1" 301 7294 "https://www.ibm.com/" "Mozilla/5.0 (Windows NT 10.0; Win64; x64) AppleWebKit/537.36 (KHTML, like Gecko) Chrome/62.0.3202.94 Safari/537.36"
192.168.1.39 - - [31/Oct/2025:22:36:38 +0200] "PUT /zshtzp HTTP/1.1" 401 9782 "https://www.msn.com/" "Mozilla/5.0 (Windows NT 10.0; Win64; x64) AppleWebKit/537.36 (KHTML, like Gecko) Chrome/58.0.3029.110 Safari/537.36"
192.168.1.46 - - [31/Oct/2025:22:36:38 +0200] "GET /sjhk HTTP/1.1" 403 3715 "https://www.msn.com/" "Mozilla/5.0 (Windows NT 10.0; WOW64) AppleWebKit/537.36 (KHTML, like Gecko) Chrome/58.0.3029.110 Safari/537.36 OPR/45.0.2552.898"
192.168.1.29 - - [31/Oct/2025:22:36:38 +0200] "POST /xvthwxs HTTP/1.1" 404 4915 "https://www.ibm.com/" "Mozilla/5.0 (Windows NT 10.0; WOW64) AppleWebKit/537.36 (KHTML, like Gecko) Chrome/58.0.3029.110 Safari/537.36 OPR/45.0.2552.898"
2001:db8:0:1:0:0:0:4 - - [31/Oct/2025:22:36:38 +0200] "GET /hgbed HTTP/1.1" 403 4238 "https://www.example.com/" "Mozilla/5.0 (Windows NT 10.0; Win64; x64) AppleWebKit/537.36 (KHTML, like Gecko) Chrome/58.0.3029.110 Safari/537.36"
192.168.1.45 - - [31/Oct/2025:22:36:38 +0200] "DELETE /mlcg HTTP/1.1" 201 3798 "https://www.ibm.com/" "Mozilla/5.0 (Windows NT 10.0; Win64; x64; rv:54.0) Gecko/20100101 Firefox/54.0"
192.168.1.42 - - [31/Oct/2025:22:36:38 +0200] "POST /lbyk HTTP/1.1" 201 8522 "https://www.msn.com/" "Mozilla/5.0 (Windows NT 6.1; WOW64; rv:54.0) Gecko/20100101 Firefox/54.0"
192.168.1.37 - - [31/Oct/2025:22:36:38 +0200] "GET /c HTTP/1.1" 400 6271 "https://www.ibm.com/" "Mozilla/5.0 (Windows NT 10.0; Win64; x64) AppleWebKit/537.36 (KHTML, like Gecko) Chrome/62.0.3202.94 Safari/537.36"
192.168.1.39 - - [31/Oct/2025:22:36:38 +0200] "GET /zssjcuz HTTP/1.1" 204 6148 "https://www.google.com/" "Mozilla/5.0 (Windows NT 10.0; Win64; x64) AppleWebKit/537.36 (KHTML, like Gecko) Chrome/58.0.3029.110 Safari/537.36"
192.168.1.48 - - [31/Oct/2025:22:36:38 +0200] "DELETE /xacbnbr HTTP/1.1" 400 3261 "https://www.ibm.com/" "Mozilla/5.0 (Windows NT 10.0; WOW64) AppleWebKit/537.36 (KHTML, like Gecko) Chrome/58.0.3029.110 Safari/537.36 OPR/45.0.2552.898"
192.168.1.36 - - [31/Oct/2025:22:36:38 +0200] "DELETE /ovlrag HTTP/1.1" 200 1844 "https://www.ibm.com/" "Mozilla/5.0 (Windows NT 10.0; Win64; x64) AppleWebKit/537.36 (KHTML, like Gecko) Chrome/62.0.3202.94 Safari/537.36"
192.168.1.26 - - [31/Oct/2025:22:36:38 +0200] "PUT /i HTTP/1.1" 200 9549 "https://www.example.com/" "Mozilla/5.0 (Windows NT 10.0; Win64; x64; rv:54.0) Gecko/20100101 Firefox/54.0"
192.168.1.28 - - [31/Oct/2025:22:36:38 +0200] "POST /wgj HTTP/1.1" 404 7652 "https://www.google.com/" "Mozilla/5.0 (Windows NT 10.0; Win64; x64) AppleWebKit/537.36 (KHTML, like Gecko) Chrome/62.0.3202.94 Safari/537.36"
192.168.1.36 - - [31/Oct/2025:22:36:38 +0200] "POST /kpcfksxagx HTTP/1.1" 200 9624 "https://www.msn.com/" "Mozilla/5.0 (Windows NT 10.0; Win64; x64; rv:54.0) Gecko/20100101 Firefox/54.0"
192.168.1.25 - - [31/Oct/2025:22:36:38 +0200] "PUT /vabvdcwzmh HTTP/1.1" 400 8100 "https://www.ibm.com/" "Mozilla/5.0 (Windows NT 6.1; WOW64; rv:54.0) Gecko/20100101 Firefox/54.0"
2001:db8:0:1:0:0:0:3 - - [31/Oct/2025:22:36:38 +0200] "PUT /teoywku HTTP/1.1" 200 2277 "https://www.example.com/" "Mozilla/5.0 (Windows NT 10.0; Win64; x64; rv:54.0) Gecko/20100101 Firefox/54.0"
2001:db8:0:1:0:0:0:3 - - [31/Oct/2025:22:36:38 +0200] "POST /djghs HTTP/1.1" 401 7335 "https://www.ibm.com/" "Mozilla/5.0 (Windows NT 10.0; WOW64) AppleWebKit/537.36 (KHTML, like Gecko) Chrome/58.0.3029.110 Safari/537.36 OPR/45.0.2552.898"
192.168.1.30 - - [31/Oct/2025:22:36:38 +0200] "PUT /s HTTP/1.1" 400 6234 "https://www.example.com/" "Mozilla/5.0 (Windows NT 10.0; Win64; x64) AppleWebKit/537.36 (KHTML, like Gecko) Chrome/58.0.3029.110 Safari/537.36"
192.168.1.17 - - [31/Oct/2025:22:36:38 +0200] "DELETE /cgdz HTTP/1.1" 200 663 "https://www.google.com/" "Mozilla/5.0 (Windows NT 10.0; Win64; x64; rv:54.0) Gecko/20100101 Firefox/54.0"
192.168.1.24 - - [31/Oct/2025:22:36:38 +0200] "PUT /nwxf HTTP/1.1" 200 1608 "https://www.example.com/" "Mozilla/5.0 (Windows NT 10.0; Win64; x64) AppleWebKit/537.36 (KHTML, like Gecko) Chrome/62.0.3202.94 Safari/537.36"
192.168.1.19 - - [31/Oct/2025:22:36:38 +0200] "GET /zyjlum HTTP/1.1" 201 232 "https://www.example.com/" "Mozilla/5.0 (Windows NT 10.0; Win64; x64) AppleWebKit/537.36 (KHTML, like Gecko) Chrome/58.0.3029.110 Safari/537.36"
192.168.1.7 - - [31/Oct/2025:22:36:38 +0200] "DELETE /bxnfypvxjt HTTP/1.1" 401 4878 "https://www.google.com/" "Mozilla/5.0 (Windows NT 10.0; Win64; x64; rv:54.0) Gecko/20100101 Firefox/54.0"
2001:db8:0:1:0:0:0:9 - - [31/Oct/2025:22:36:38 +0200] "DELETE /teplnfzxk HTTP/1.1" 302 4319 "https://www.example.com/" "Mozilla/5.0 (Windows NT 6.1; WOW64; Trident/7.0; AS; rv:11.0) like Gecko"
2001:db8:0:1:0:0:0:1 - - [31/Oct/2025:22:36:38 +0200] "DELETE /t HTTP/1.1" 400 6531 "https://www.msn.com/" "Mozilla/5.0 (Windows NT 10.0; WOW64) AppleWebKit/537.36 (KHTML, like Gecko) Chrome/58.0.3029.110 Safari/537.36 OPR/45.0.2552.898"
192.168.1.43 - - [31/Oct/2025:22:36:38 +0200] "PUT /ropgw HTTP/1.1" 302 8145 "https://www.ibm.com/" "Mozilla/5.0 (Windows NT 10.0; WOW64) AppleWebKit/537.36 (KHTML, like Gecko) Chrome/58.0.3029.110 Safari/537.36 OPR/45.0.2552.898"
192.168.1.5 - - [31/Oct/2025:22:36:38 +0200] "POST /baqyqi HTTP/1.1" 201 7820 "https://www.example.com/" "Mozilla/5.0 (Windows NT 6.1; WOW64; Trident/7.0; AS; rv:11.0) like Gecko"
192.168.1.3 - - [31/Oct/2025:22:36:38 +0200] "GET /ph HTTP/1.1" 301 4391 "https://www.msn.com/" "Mozilla/5.0 (Windows NT 10.0; Win64; x64) AppleWebKit/537.36 (KHTML, like Gecko) Chrome/58.0.3029.110 Safari/537.36"
192.168.1.47 - - [31/Oct/2025:22:36:38 +0200] "GET /eoiz HTTP/1.1" 404 3784 "https://www.msn.com/" "Mozilla/5.0 (Windows NT 6.1; WOW64; Trident/7.0; AS; rv:11.0) like Gecko"
192.168.1.11 - - [31/Oct/2025:22:36:38 +0200] "PUT /dkwocdw HTTP/1.1" 400 9452 "https://www.google.com/" "Mozilla/5.0 (Windows NT 10.0; Win64; x64) AppleWebKit/537.36 (KHTML, like Gecko) Chrome/62.0.3202.94 Safari/537.36"
2001:db8:0:1:0:0:0:c - - [31/Oct/2025:22:36:38 +0200] "GET /l HTTP/1.1" 201 5896 "https://www.example.com/" "Mozilla/5.0 (Windows NT 6.1; WOW64; rv:54.0) Gecko/20100101 Firefox/54.0"
2001:db8:0:1:0:0:0:8 - - [31/Oct/2025:22:36:38 +0200] "POST /ohj HTTP/1.1" 302 248 "https://www.ibm.com/" "Mozilla/5.0 (Windows NT 6.1; WOW64; Trident/7.0; AS; rv:11.0) like Gecko"
192.168.1.8 - - [31/Oct/2025:22:36:38 +0200] "DELETE /r HTTP/1.1" 404 3782 "https://www.example.com/" "Mozilla/5.0 (Windows NT 10.0; Win64; x64; rv:54.0) Gecko/20100101 Firefox/54.0"
192.168.1.43 - - [31/Oct/2025:22:36:38 +0200] "PUT /knxjvceuj HTTP/1.1" 404 4005 "https://www.example.com/" "Mozilla/5.0 (Windows NT 6.1; WOW64; Trident/7.0; AS; rv:11.0) like Gecko"
192.168.1.8 - - [31/Oct/2025:22:36:38 +0200] "POST /tgsyzjlh HTTP/1.1" 400 8378 "https://www.example.com/" "Mozilla/5.0 (Windows NT 10.0; Win64; x64) AppleWebKit/537.36 (KHTML, like Gecko) Chrome/62.0.3202.94 Safari/537.36"
192.168.1.10 - - [31/Oct/2025:22:36:38 +0200] "GET /ecgli HTTP/1.1" 201 5563 "https://www.example.com/" "Mozilla/5.0 (Windows NT 6.1; WOW64; rv:54.0) Gecko/20100101 Firefox/54.0"
192.168.1.37 - - [31/Oct/2025:22:36:38 +0200] "PUT /fdzefiyigz HTTP/1.1" 500 9934 "https://www.msn.com/" "Mozilla/5.0 (Windows NT 10.0; Win64; x64) AppleWebKit/537.36 (KHTML, like Gecko) Chrome/62.0.3202.94 Safari/537.36"
192.168.1.42 - - [31/Oct/2025:22:36:38 +0200] "GET /qvjddbsvor HTTP/1.1" 200 1619 "https://www.google.com/" "Mozilla/5.0 (Windows NT 6.1; WOW64; Trident/7.0; AS; rv:11.0) like Gecko"
2001:db8:0:1:0:0:0:9 - - [31/Oct/2025:22:36:38 +0200] "GET /q HTTP/1.1" 400 6010 "https://www.google.com/" "Mozilla/5.0 (Windows NT 6.1; WOW64; rv:54.0) Gecko/20100101 Firefox/54.0"
192.168.1.16 - - [31/Oct/2025:22:36:38 +0200] "GET /kok HTTP/1.1" 302 8885 "https://www.ibm.com/" "Mozilla/5.0 (Windows NT 6.1; WOW64; Trident/7.0; AS; rv:11.0) like Gecko"
2001:db8:0:1:0:0:0:7 - - [31/Oct/2025:22:36:38 +0200] "GET /xsfi HTTP/1.1" 201 7320 "https://www.ibm.com/" "Mozilla/5.0 (Windows NT 10.0; WOW64) AppleWebKit/537.36 (KHTML, like Gecko) Chrome/58.0.3029.110 Safari/537.36 OPR/45.0.2552.898"
2001:db8:0:1:0:0:0:2 - - [31/Oct/2025:22:36:38 +0200] "PUT /yrucwcjwc HTTP/1.1" 500 9315 "https://www.example.com/" "Mozilla/5.0 (Windows NT 10.0; Win64; x64) AppleWebKit/537.36 (KHTML, like Gecko) Chrome/58.0.3029.110 Safari/537.36"
192.168.1.43 - - [31/Oct/2025:22:36:38 +0200] "POST /ewnn HTTP/1.1" 404 3796 "https://www.google.com/" "Mozilla/5.0 (Windows NT 6.1; WOW64; Trident/7.0; AS; rv:11.0) like Gecko"
192.168.1.45 - - [31/Oct/2025:22:36:38 +0200] "GET /wlqmpdy HTTP/1.1" 401 9480 "https://www.ibm.com/" "Mozilla/5.0 (Windows NT 6.1; WOW64; Trident/7.0; AS; rv:11.0) like Gecko"
192.168.1.23 - - [31/Oct/2025:22:36:38 +0200] "GET /aidqfvru HTTP/1.1" 403 1596 "https://www.google.com/" "Mozilla/5.0 (Windows NT 10.0; Win64; x64) AppleWebKit/537.36 (KHTML, like Gecko) Chrome/62.0.3202.94 Safari/537.36"
192.168.1.15 - - [31/Oct/2025:22:36:38 +0200] "PUT /kvgj HTTP/1.1" 301 4921 "https://www.ibm.com/" "Mozilla/5.0 (Windows NT 10.0; WOW64) AppleWebKit/537.36 (KHTML, like Gecko) Chrome/58.0.3029.110 Safari/537.36 OPR/45.0.2552.898"
192.168.1.12 - - [31/Oct/2025:22:36:38 +0200] "POST /wwvwpz HTTP/1.1" 302 6804 "https://www.google.com/" "Mozilla/5.0 (Windows NT 10.0; Win64; x64; rv:54.0) Gecko/20100101 Firefox/54.0"
192.168.1.26 - - [31/Oct/2025:22:36:38 +0200] "POST /awglztgql HTTP/1.1" 500 8755 "https://www.google.com/" "Mozilla/5.0 (Windows NT 10.0; WOW64) AppleWebKit/537.36 (KHTML, like Gecko) Chrome/58.0.3029.110 Safari/537.36 OPR/45.0.2552.898"
192.168.1.39 - - [31/Oct/2025:22:36:38 +0200] "DELETE /ioilezgf HTTP/1.1" 404 5288 "https://www.ibm.com/" "Mozilla/5.0 (Windows NT 10.0; WOW64) AppleWebKit/537.36 (KHTML, like Gecko) Chrome/58.0.3029.110 Safari/537.36 OPR/45.0.2552.898"
192.168.1.49 - - [31/Oct/2025:22:36:38 +0200] "POST /dpubchkq HTTP/1.1" 400 3729 "https://www.ibm.com/" "Mozilla/5.0 (Windows NT 10.0; Win64; x64; rv:54.0) Gecko/20100101 Firefox/54.0"
2001:db8:0:1:0:0:0:d - - [31/Oct/2025:22:36:38 +0200] "POST /jld HTTP/1.1" 301 6676 "https://www.msn.com/" "Mozilla/5.0 (Windows NT 10.0; Win64; x64) AppleWebKit/537.36 (KHTML, like Gecko) Chrome/58.0.3029.110 Safari/537.36"
192.168.1.47 - - [31/Oct/2025:22:36:38 +0200] "PUT /vfm HTTP/1.1" 404 8212 "https://www.msn.com/" "Mozilla/5.0 (Windows NT 6.1; WOW64; Trident/7.0; AS; rv:11.0) like Gecko"
192.168.1.40 - - [31/Oct/2025:22:36:38 +0200] "POST /onnco HTTP/1.1" 400 5931 "https://www.example.com/" "Mozilla/5.0 (Windows NT 10.0; Win64; x64; rv:54.0) Gecko/20100101 Firefox/54.0"
192.168.1.16 - - [31/Oct/2025:22:36:38 +0200] "POST /jmzvtu HTTP/1.1" 404 2995 "https://www.google.com/" "Mozilla/5.0 (Windows NT 6.1; WOW64; Trident/7.0; AS; rv:11.0) like Gecko"
192.168.1.9 - - [31/Oct/2025:22:36:38 +0200] "DELETE /hqlq HTTP/1.1" 500 4547 "https://www.ibm.com/" "Mozilla/5.0 (Windows NT 10.0; Win64; x64) AppleWebKit/537.36 (KHTML, like Gecko) Chrome/62.0.3202.94 Safari/537.36"
192.168.1.25 - - [31/Oct/2025:22:36:38 +0200] "DELETE /vqt HTTP/1.1" 404 9920 "https://www.msn.com/" "Mozilla/5.0 (Windows NT 10.0; Win64; x64; rv:54.0) Gecko/20100101 Firefox/54.0"
192.168.1.48 - - [31/Oct/2025:22:36:38 +0200] "DELETE /e HTTP/1.1" 400 7591 "https://www.ibm.com/" "Mozilla/5.0 (Windows NT 10.0; Win64; x64) AppleWebKit/537.36 (KHTML, like Gecko) Chrome/58.0.3029.110 Safari/537.36"
192.168.1.16 - - [31/Oct/2025:22:36:38 +0200] "POST /wkjm HTTP/1.1" 400 7889 "https://www.google.com/" "Mozilla/5.0 (Windows NT 10.0; Win64; x64; rv:54.0) Gecko/20100101 Firefox/54.0"
192.168.1.36 - - [31/Oct/2025:22:36:38 +0200] "DELETE /twocdrgle HTTP/1.1" 200 8788 "https://www.ibm.com/" "Mozilla/5.0 (Windows NT 6.1; WOW64; Trident/7.0; AS; rv:11.0) like Gecko"
2001:db8:0:1:0:0:0:b - - [31/Oct/2025:22:36:38 +0200] "POST /nvcaz HTTP/1.1" 404 7742 "https://www.ibm.com/" "Mozilla/5.0 (Windows NT 6.1; WOW64; rv:54.0) Gecko/20100101 Firefox/54.0"
192.168.1.28 - - [31/Oct/2025:22:36:38 +0200] "GET /phqln HTTP/1.1" 201 9411 "https://www.msn.com/" "Mozilla/5.0 (Windows NT 10.0; Win64; x64) AppleWebKit/537.36 (KHTML, like Gecko) Chrome/62.0.3202.94 Safari/537.36"
2001:db8:0:1:0:0:0:7 - - [31/Oct/2025:22:36:38 +0200] "PUT /kj HTTP/1.1" 500 9346 "https://www.example.com/" "Mozilla/5.0 (Windows NT 10.0; Win64; x64) AppleWebKit/537.36 (KHTML, like Gecko) Chrome/62.0.3202.94 Safari/537.36"
2001:db8:0:1:0:0:0:a - - [31/Oct/2025:22:36:38 +0200] "PUT /mt HTTP/1.1" 403 800 "https://www.example.com/" "Mozilla/5.0 (Windows NT 6.1; WOW64; Trident/7.0; AS; rv:11.0) like Gecko"
192.168.1.18 - - [31/Oct/2025:22:36:38 +0200] "GET /wahbcfri HTTP/1.1" 404 1135 "https://www.google.com/" "Mozilla/5.0 (Windows NT 6.1; WOW64; rv:54.0) Gecko/20100101 Firefox/54.0"
192.168.1.38 - - [31/Oct/2025:22:36:38 +0200] "PUT /qswsr HTTP/1.1" 400 9909 "https://www.example.com/" "Mozilla/5.0 (Windows NT 10.0; Win64; x64) AppleWebKit/537.36 (KHTML, like Gecko) Chrome/62.0.3202.94 Safari/537.36"
192.168.1.14 - - [31/Oct/2025:22:36:38 +0200] "POST /tccfxihqr HTTP/1.1" 403 7668 "https://www.example.com/" "Mozilla/5.0 (Windows NT 10.0; Win64; x64) AppleWebKit/537.36 (KHTML, like Gecko) Chrome/62.0.3202.94 Safari/537.36"
192.168.1.28 - - [31/Oct/2025:22:36:38 +0200] "POST /lqjwhtjl HTTP/1.1" 301 9882 "https://www.google.com/" "Mozilla/5.0 (Windows NT 6.1; WOW64; rv:54.0) Gecko/20100101 Firefox/54.0"
192.168.1.37 - - [31/Oct/2025:22:36:38 +0200] "DELETE /dhm HTTP/1.1" 200 4156 "https://www.msn.com/" "Mozilla/5.0 (Windows NT 6.1; WOW64; Trident/7.0; AS; rv:11.0) like Gecko"
192.168.1.22 - - [31/Oct/2025:22:36:38 +0200] "GET /zja HTTP/1.1" 204 5739 "https://www.example.com/" "Mozilla/5.0 (Windows NT 10.0; Win64; x64) AppleWebKit/537.36 (KHTML, like Gecko) Chrome/62.0.3202.94 Safari/537.36"
192.168.1.38 - - [31/Oct/2025:22:36:38 +0200] "DELETE /urlcppwr HTTP/1.1" 301 6395 "https://www.msn.com/" "Mozilla/5.0 (Windows NT 10.0; Win64; x64) AppleWebKit/537.36 (KHTML, like Gecko) Chrome/58.0.3029.110 Safari/537.36"
192.168.1.45 - - [31/Oct/2025:22:36:38 +0200] "DELETE /rq HTTP/1.1" 301 5807 "https://www.google.com/" "Mozilla/5.0 (Windows NT 6.1; WOW64; rv:54.0) Gecko/20100101 Firefox/54.0"
192.168.1.36 - - [31/Oct/2025:22:36:38 +0200] "POST /qyzehig HTTP/1.1" 204 8759 "https://www.example.com/" "Mozilla/5.0 (Windows NT 10.0; Win64; x64) AppleWebKit/537.36 (KHTML, like Gecko) Chrome/62.0.3202.94 Safari/537.36"
192.168.1.50 - - [31/Oct/2025:22:36:38 +0200] "GET /drk HTTP/1.1" 401 9683 "https://www.ibm.com/" "Mozilla/5.0 (Windows NT 6.1; WOW64; Trident/7.0; AS; rv:11.0) like Gecko"
2001:db8:0:1:0:0:0:e - - [31/Oct/2025:22:36:38 +0200] "GET /slqefg HTTP/1.1" 204 9105 "https://www.msn.com/" "Mozilla/5.0 (Windows NT 10.0; Win64; x64; rv:54.0) Gecko/20100101 Firefox/54.0"
192.168.1.24 - - [31/Oct/2025:22:36:38 +0200] "PUT /xqyol HTTP/1.1" 302 4001 "https://www.example.com/" "Mozilla/5.0 (Windows NT 6.1; WOW64; rv:54.0) Gecko/20100101 Firefox/54.0"
192.168.1.19 - - [31/Oct/2025:22:36:38 +0200] "PUT /eqew HTTP/1.1" 403 873 "https://www.google.com/" "Mozilla/5.0 (Windows NT 10.0; Win64; x64; rv:54.0) Gecko/20100101 Firefox/54.0"
192.168.1.39 - - [31/Oct/2025:22:36:38 +0200] "GET /fdc HTTP/1.1" 302 8196 "https://www.msn.com/" "Mozilla/5.0 (Windows NT 10.0; Win64; x64) AppleWebKit/537.36 (KHTML, like Gecko) Chrome/58.0.3029.110 Safari/537.36"
192.168.1.31 - - [31/Oct/2025:22:36:38 +0200] "GET /kolqsz HTTP/1.1" 200 9627 "https://www.google.com/" "Mozilla/5.0 (Windows NT 10.0; Win64; x64) AppleWebKit/537.36 (KHTML, like Gecko) Chrome/58.0.3029.110 Safari/537.36"
192.168.1.5 - - [31/Oct/2025:22:36:38 +0200] "DELETE /jk HTTP/1.1" 201 6211 "https://www.ibm.com/" "Mozilla/5.0 (Windows NT 10.0; Win64; x64; rv:54.0) Gecko/20100101 Firefox/54.0"
192.168.1.18 - - [31/Oct/2025:22:36:38 +0200] "POST /vmcjsuygb HTTP/1.1" 200 9921 "https://www.msn.com/" "Mozilla/5.0 (Windows NT 10.0; Win64; x64; rv:54.0) Gecko/20100101 Firefox/54.0"
2001:db8:0:1:0:0:0:2 - - [31/Oct/2025:22:36:38 +0200] "PUT /rgt HTTP/1.1" 302 4480 "https://www.ibm.com/" "Mozilla/5.0 (Windows NT 6.1; WOW64; rv:54.0) Gecko/20100101 Firefox/54.0"
192.168.1.33 - - [31/Oct/2025:22:36:38 +0200] "GET /mgggemnrcs HTTP/1.1" 500 372 "https://www.msn.com/" "Mozilla/5.0 (Windows NT 10.0; Win64; x64) AppleWebKit/537.36 (KHTML, like Gecko) Chrome/62.0.3202.94 Safari/537.36"
192.168.1.10 - - [31/Oct/2025:22:36:38 +0200] "DELETE /pqjmm HTTP/1.1" 301 5368 "https://www.google.com/" "Mozilla/5.0 (Windows NT 10.0; Win64; x64) AppleWebKit/537.36 (KHTML, like Gecko) Chrome/58.0.3029.110 Safari/537.36"
192.168.1.32 - - [31/Oct/2025:22:36:38 +0200] "GET /f HTTP/1.1" 201 2158 "https://www.example.com/" "Mozilla/5.0 (Windows NT 10.0; Win64; x64; rv:54.0) Gecko/20100101 Firefox/54.0"
2001:db8:0:1:0:0:0:e - - [31/Oct/2025:22:36:38 +0200] "GET /asufgcqmhc HTTP/1.1" 400 358 "https://www.google.com/" "Mozilla/5.0 (Windows NT 10.0; WOW64) AppleWebKit/537.36 (KHTML, like Gecko) Chrome/58.0.3029.110 Safari/537.36 OPR/45.0.2552.898"
192.168.1.1 - - [31/Oct/2025:22:36:38 +0200] "DELETE /ou HTTP/1.1" 204 4611 "https://www.google.com/" "Mozilla/5.0 (Windows NT 10.0; Win64; x64) AppleWebKit/537.36 (KHTML, like Gecko) Chrome/62.0.3202.94 Safari/537.36"
192.168.1.34 - - [31/Oct/2025:22:36:38 +0200] "PUT /uj HTTP/1.1" 401 8549 "https://www.ibm.com/" "Mozilla/5.0 (Windows NT 10.0; Win64; x64) AppleWebKit/537.36 (KHTML, like Gecko) Chrome/62.0.3202.94 Safari/537.36"
192.168.1.49 - - [31/Oct/2025:22:36:38 +0200] "POST /ehfhq HTTP/1.1" 204 7914 "https://www.google.com/" "Mozilla/5.0 (Windows NT 6.1; WOW64; rv:54.0) Gecko/20100101 Firefox/54.0"
192.168.1.14 - - [31/Oct/2025:22:36:38 +0200] "PUT /dwe HTTP/1.1" 301 1709 "https://www.msn.com/" "Mozilla/5.0 (Windows NT 10.0; Win64; x64) AppleWebKit/537.36 (KHTML, like Gecko) Chrome/58.0.3029.110 Safari/537.36"
192.168.1.47 - - [31/Oct/2025:22:36:38 +0200] "GET /chstyml HTTP/1.1" 301 329 "https://www.example.com/" "Mozilla/5.0 (Windows NT 6.1; WOW64; Trident/7.0; AS; rv:11.0) like Gecko"
192.168.1.40 - - [31/Oct/2025:22:36:38 +0200] "DELETE /sbs HTTP/1.1" 400 3363 "https://www.example.com/" "Mozilla/5.0 (Windows NT 6.1; WOW64; rv:54.0) Gecko/20100101 Firefox/54.0"
192.168.1.9 - - [31/Oct/2025:22:36:38 +0200] "GET /fusrl HTTP/1.1" 201 886 "https://www.ibm.com/" "Mozilla/5.0 (Windows NT 6.1; WOW64; Trident/7.0; AS; rv:11.0) like Gecko"
192.168.1.36 - - [31/Oct/2025:22:36:38 +0200] "PUT /lb HTTP/1.1" 302 6191 "https://www.ibm.com/" "Mozilla/5.0 (Windows NT 10.0; Win64; x64) AppleWebKit/537.36 (KHTML, like Gecko) Chrome/58.0.3029.110 Safari/537.36"
2001:db8:0:1:0:0:0:8 - - [31/Oct/2025:22:36:38 +0200] "POST /zwd HTTP/1.1" 400 1579 "https://www.ibm.com/" "Mozilla/5.0 (Windows NT 10.0; WOW64) AppleWebKit/537.36 (KHTML, like Gecko) Chrome/58.0.3029.110 Safari/537.36 OPR/45.0.2552.898"
192.168.1.25 - - [31/Oct/2025:22:36:38 +0200] "GET /yvhfpcxse HTTP/1.1" 500 9129 "https://www.example.com/" "Mozilla/5.0 (Windows NT 10.0; Win64; x64; rv:54.0) Gecko/20100101 Firefox/54.0"
2001:db8:0:1:0:0:0:a - - [31/Oct/2025:22:36:38 +0200] "GET /zbbghxy HTTP/1.1" 400 1980 "https://www.ibm.com/" "Mozilla/5.0 (Windows NT 10.0; Win64; x64) AppleWebKit/537.36 (KHTML, like Gecko) Chrome/62.0.3202.94 Safari/537.36"
192.168.1.17 - - [31/Oct/2025:22:36:38 +0200] "PUT /xhuhlr HTTP/1.1" 500 2116 "https://www.example.com/" "Mozilla/5.0 (Windows NT 10.0; WOW64) AppleWebKit/537.36 (KHTML, like Gecko) Chrome/58.0.3029.110 Safari/537.36 OPR/45.0.2552.898"
192.168.1.4 - - [31/Oct/2025:22:36:38 +0200] "DELETE /qpntdxhr HTTP/1.1" 500 216 "https://www.google.com/" "Mozilla/5.0 (Windows NT 6.1; WOW64; rv:54.0) Gecko/20100101 Firefox/54.0"
192.168.1.46 - - [31/Oct/2025:22:36:38 +0200] "GET /znmwtz HTTP/1.1" 301 8700 "https://www.google.com/" "Mozilla/5.0 (Windows NT 6.1; WOW64; rv:54.0) Gecko/20100101 Firefox/54.0"
192.168.1.35 - - [31/Oct/2025:22:36:38 +0200] "DELETE /lhwpm HTTP/1.1" 404 6446 "https://www.msn.com/" "Mozilla/5.0 (Windows NT 6.1; WOW64; Trident/7.0; AS; rv:11.0) like Gecko"
192.168.1.26 - - [31/Oct/2025:22:36:38 +0200] "POST /ga HTTP/1.1" 204 6440 "https://www.example.com/" "Mozilla/5.0 (Windows NT 6.1; WOW64; Trident/7.0; AS; rv:11.0) like Gecko"
192.168.1.3 - - [31/Oct/2025:22:36:38 +0200] "DELETE /w HTTP/1.1" 401 5031 "https://www.ibm.com/" "Mozilla/5.0 (Windows NT 10.0; Win64; x64; rv:54.0) Gecko/20100101 Firefox/54.0"
192.168.1.26 - - [31/Oct/2025:22:36:38 +0200] "POST /oevbdflg HTTP/1.1" 204 3391 "https://www.msn.com/" "Mozilla/5.0 (Windows NT 6.1; WOW64; rv:54.0) Gecko/20100101 Firefox/54.0"
192.168.1.44 - - [31/Oct/2025:22:36:38 +0200] "POST /gdh HTTP/1.1" 404 3370 "https://www.msn.com/" "Mozilla/5.0 (Windows NT 10.0; WOW64) AppleWebKit/537.36 (KHTML, like Gecko) Chrome/58.0.3029.110 Safari/537.36 OPR/45.0.2552.898"
192.168.1.32 - - [31/Oct/2025:22:36:38 +0200] "GET /bk HTTP/1.1" 200 6709 "https://www.ibm.com/" "Mozilla/5.0 (Windows NT 10.0; WOW64) AppleWebKit/537.36 (KHTML, like Gecko) Chrome/58.0.3029.110 Safari/537.36 OPR/45.0.2552.898"
2001:db8:0:1:0:0:0:5 - - [31/Oct/2025:22:36:38 +0200] "DELETE /utphvquwk HTTP/1.1" 403 2122 "https://www.msn.com/" "Mozilla/5.0 (Windows NT 10.0; WOW64) AppleWebKit/537.36 (KHTML, like Gecko) Chrome/58.0.3029.110 Safari/537.36 OPR/45.0.2552.898"
192.168.1.25 - - [31/Oct/2025:22:36:38 +0200] "DELETE /i HTTP/1.1" 204 4413 "https://www.example.com/" "Mozilla/5.0 (Windows NT 10.0; WOW64) AppleWebKit/537.36 (KHTML, like Gecko) Chrome/58.0.3029.110 Safari/537.36 OPR/45.0.2552.898"
192.168.1.16 - - [31/Oct/2025:22:36:38 +0200] "POST /gcni HTTP/1.1" 401 5768 "https://www.ibm.com/" "Mozilla/5.0 (Windows NT 6.1; WOW64; rv:54.0) Gecko/20100101 Firefox/54.0"
192.168.1.2 - - [31/Oct/2025:22:36:38 +0200] "PUT /uujzinxt HTTP/1.1" 301 8219 "https://www.ibm.com/" "Mozilla/5.0 (Windows NT 10.0; Win64; x64) AppleWebKit/537.36 (KHTML, like Gecko) Chrome/58.0.3029.110 Safari/537.36"
192.168.1.10 - - [31/Oct/2025:22:36:38 +0200] "GET /h HTTP/1.1" 204 3981 "https://www.msn.com/" "Mozilla/5.0 (Windows NT 6.1; WOW64; rv:54.0) Gecko/20100101 Firefox/54.0"
192.168.1.2 - - [31/Oct/2025:22:36:38 +0200] "DELETE /by HTTP/1.1" 401 5911 "https://www.example.com/" "Mozilla/5.0 (Windows NT 10.0; WOW64) AppleWebKit/537.36 (KHTML, like Gecko) Chrome/58.0.3029.110 Safari/537.36 OPR/45.0.2552.898"
192.168.1.3 - - [31/Oct/2025:22:36:38 +0200] "PUT /nknof HTTP/1.1" 204 2891 "https://www.msn.com/" "Mozilla/5.0 (Windows NT 6.1; WOW64; Trident/7.0; AS; rv:11.0) like Gecko"
192.168.1.26 - - [31/Oct/2025:22:36:38 +0200] "PUT /zgh HTTP/1.1" 201 9718 "https://www.example.com/" "Mozilla/5.0 (Windows NT 6.1; WOW64; Trident/7.0; AS; rv:11.0) like Gecko"
192.168.1.46 - - [31/Oct/2025:22:36:38 +0200] "GET /b HTTP/1.1" 204 5665 "https://www.msn.com/" "Mozilla/5.0 (Windows NT 6.1; WOW64; Trident/7.0; AS; rv:11.0) like Gecko"
2001:db8:0:1:0:0:0:e - - [31/Oct/2025:22:36:38 +0200] "GET /aooei HTTP/1.1" 404 964 "https://www.example.com/" "Mozilla/5.0 (Windows NT 10.0; WOW64) AppleWebKit/537.36 (KHTML, like Gecko) Chrome/58.0.3029.110 Safari/537.36 OPR/45.0.2552.898"
192.168.1.39 - - [31/Oct/2025:22:36:38 +0200] "POST /ttfywewrdl HTTP/1.1" 404 4620 "https://www.ibm.com/" "Mozilla/5.0 (Windows NT 6.1; WOW64; rv:54.0) Gecko/20100101 Firefox/54.0"
192.168.1.25 - - [31/Oct/2025:22:36:38 +0200] "DELETE /sgfyt HTTP/1.1" 200 7600 "https://www.example.com/" "Mozilla/5.0 (Windows NT 6.1; WOW64; rv:54.0) Gecko/20100101 Firefox/54.0"
192.168.1.35 - - [31/Oct/2025:22:36:38 +0200] "PUT /caxjkaix HTTP/1.1" 404 2587 "https://www.ibm.com/" "Mozilla/5.0 (Windows NT 6.1; WOW64; Trident/7.0; AS; rv:11.0) like Gecko"
192.168.1.32 - - [31/Oct/2025:22:36:38 +0200] "DELETE /qczemrfm HTTP/1.1" 200 2909 "https://www.example.com/" "Mozilla/5.0 (Windows NT 10.0; Win64; x64) AppleWebKit/537.36 (KHTML, like Gecko) Chrome/58.0.3029.110 Safari/537.36"
192.168.1.6 - - [31/Oct/2025:22:36:38 +0200] "POST /dmmvodjhi HTTP/1.1" 204 284 "https://www.msn.com/" "Mozilla/5.0 (Windows NT 6.1; WOW64; rv:54.0) Gecko/20100101 Firefox/54.0"
192.168.1.41 - - [31/Oct/2025:22:36:38 +0200] "POST /mrcw HTTP/1.1" 500 2137 "https://www.example.com/" "Mozilla/5.0 (Windows NT 10.0; Win64; x64) AppleWebKit/537.36 (KHTML, like Gecko) Chrome/58.0.3029.110 Safari/537.36"
2001:db8:0:1:0:0:0:d - - [31/Oct/2025:22:36:38 +0200] "GET /qfyx HTTP/1.1" 400 2000 "https://www.example.com/" "Mozilla/5.0 (Windows NT 10.0; WOW64) AppleWebKit/537.36 (KHTML, like Gecko) Chrome/58.0.3029.110 Safari/537.36 OPR/45.0.2552.898"
2001:db8:0:1:0:0:0:1 - - [31/Oct/2025:22:36:38 +0200] "POST /ca HTTP/1.1" 500 5100 "https://www.ibm.com/" "Mozilla/5.0 (Windows NT 10.0; Win64; x64) AppleWebKit/537.36 (KHTML, like Gecko) Chrome/62.0.3202.94 Safari/537.36"
192.168.1.21 - - [31/Oct/2025:22:36:38 +0200] "POST /fsqojykr HTTP/1.1" 204 3715 "https://www.example.com/" "Mozilla/5.0 (Windows NT 10.0; WOW64) AppleWebKit/537.36 (KHTML, like Gecko) Chrome/58.0.3029.110 Safari/537.36 OPR/45.0.2552.898"
192.168.1.13 - - [31/Oct/2025:22:36:38 +0200] "POST /dexsngfukx HTTP/1.1" 204 6684 "https://www.google.com/" "Mozilla/5.0 (Windows NT 10.0; Win64; x64) AppleWebKit/537.36 (KHTML, like Gecko) Chrome/62.0.3202.94 Safari/537.36"
192.168.1.7 - - [31/Oct/2025:22:36:38 +0200] "DELETE /oxtdhg HTTP/1.1" 204 6357 "https://www.ibm.com/" "Mozilla/5.0 (Windows NT 10.0; Win64; x64) AppleWebKit/537.36 (KHTML, like Gecko) Chrome/62.0.3202.94 Safari/537.36"
2001:db8:0:1:0:0:0:9 - - [31/Oct/2025:22:36:38 +0200] "DELETE /bjdxewa HTTP/1.1" 302 9821 "https://www.ibm.com/" "Mozilla/5.0 (Windows NT 10.0; Win64; x64; rv:54.0) Gecko/20100101 Firefox/54.0"
192.168.1.19 - - [31/Oct/2025:22:36:38 +0200] "DELETE /wuadc HTTP/1.1" 201 8187 "https://www.ibm.com/" "Mozilla/5.0 (Windows NT 10.0; Win64; x64) AppleWebKit/537.36 (KHTML, like Gecko) Chrome/58.0.3029.110 Safari/537.36"
192.168.1.26 - - [31/Oct/2025:22:36:38 +0200] "DELETE /z HTTP/1.1" 200 6299 "https://www.ibm.com/" "Mozilla/5.0 (Windows NT 10.0; Win64; x64) AppleWebKit/537.36 (KHTML, like Gecko) Chrome/58.0.3029.110 Safari/537.36"
192.168.1.21 - - [31/Oct/2025:22:36:38 +0200] "DELETE /urp HTTP/1.1" 404 4864 "https://www.ibm.com/" "Mozilla/5.0 (Windows NT 10.0; Win64; x64) AppleWebKit/537.36 (KHTML, like Gecko) Chrome/62.0.3202.94 Safari/537.36"
2001:db8:0:1:0:0:0:7 - - [31/Oct/2025:22:36:38 +0200] "POST /lnsxfhlp HTTP/1.1" 302 9038 "https://www.ibm.com/" "Mozilla/5.0 (Windows NT 10.0; Win64; x64) AppleWebKit/537.36 (KHTML, like Gecko) Chrome/62.0.3202.94 Safari/537.36"
2001:db8:0:1:0:0:0:2 - - [31/Oct/2025:22:36:38 +0200] "DELETE /uajwevzz HTTP/1.1" 301 9271 "https://www.ibm.com/" "Mozilla/5.0 (Windows NT 10.0; Win64; x64) AppleWebKit/537.36 (KHTML, like Gecko) Chrome/62.0.3202.94 Safari/537.36"
192.168.1.47 - - [31/Oct/2025:22:36:38 +0200] "DELETE /culwlhmau HTTP/1.1" 302 3651 "https://www.ibm.com/" "Mozilla/5.0 (Windows NT 6.1; WOW64; Trident/7.0; AS; rv:11.0) like Gecko"
192.168.1.14 - - [31/Oct/2025:22:36:38 +0200] "POST /affzel HTTP/1.1" 301 1460 "https://www.google.com/" "Mozilla/5.0 (Windows NT 6.1; WOW64; rv:54.0) Gecko/20100101 Firefox/54.0"
192.168.1.28 - - [31/Oct/2025:22:36:38 +0200] "DELETE /zbfsknqbp HTTP/1.1" 301 1179 "https://www.msn.com/" "Mozilla/5.0 (Windows NT 10.0; WOW64) AppleWebKit/537.36 (KHTML, like Gecko) Chrome/58.0.3029.110 Safari/537.36 OPR/45.0.2552.898"
192.168.1.27 - - [31/Oct/2025:22:36:38 +0200] "POST /zjb HTTP/1.1" 400 5416 "https://www.msn.com/" "Mozilla/5.0 (Windows NT 10.0; Win64; x64; rv:54.0) Gecko/20100101 Firefox/54.0"
192.168.1.34 - - [31/Oct/2025:22:36:38 +0200] "POST /gueuomhj HTTP/1.1" 500 7723 "https://www.ibm.com/" "Mozilla/5.0 (Windows NT 6.1; WOW64; Trident/7.0; AS; rv:11.0) like Gecko"
192.168.1.50 - - [31/Oct/2025:22:36:38 +0200] "DELETE /iqdqnmoa HTTP/1.1" 201 1615 "https://www.google.com/" "Mozilla/5.0 (Windows NT 6.1; WOW64; rv:54.0) Gecko/20100101 Firefox/54.0"
192.168.1.40 - - [31/Oct/2025:22:36:38 +0200] "DELETE /fifhot HTTP/1.1" 302 6644 "https://www.google.com/" "Mozilla/5.0 (Windows NT 10.0; WOW64) AppleWebKit/537.36 (KHTML, like Gecko) Chrome/58.0.3029.110 Safari/537.36 OPR/45.0.2552.898"
192.168.1.18 - - [31/Oct/2025:22:36:38 +0200] "POST /dliegx HTTP/1.1" 500 2248 "https://www.msn.com/" "Mozilla/5.0 (Windows NT 10.0; WOW64) AppleWebKit/537.36 (KHTML, like Gecko) Chrome/58.0.3029.110 Safari/537.36 OPR/45.0.2552.898"
192.168.1.43 - - [31/Oct/2025:22:36:38 +0200] "GET /swufv HTTP/1.1" 500 4019 "https://www.msn.com/" "Mozilla/5.0 (Windows NT 10.0; Win64; x64) AppleWebKit/537.36 (KHTML, like Gecko) Chrome/58.0.3029.110 Safari/537.36"
192.168.1.45 - - [31/Oct/2025:22:36:38 +0200] "PUT /ntxcr HTTP/1.1" 400 7382 "https://www.google.com/" "Mozilla/5.0 (Windows NT 6.1; WOW64; rv:54.0) Gecko/20100101 Firefox/54.0"
192.168.1.38 - - [31/Oct/2025:22:36:38 +0200] "POST /bcidpexzjn HTTP/1.1" 302 3921 "https://www.google.com/" "Mozilla/5.0 (Windows NT 10.0; WOW64) AppleWebKit/537.36 (KHTML, like Gecko) Chrome/58.0.3029.110 Safari/537.36 OPR/45.0.2552.898"
192.168.1.18 - - [31/Oct/2025:22:36:38 +0200] "POST /reh HTTP/1.1" 500 6217 "https://www.msn.com/" "Mozilla/5.0 (Windows NT 10.0; Win64; x64) AppleWebKit/537.36 (KHTML, like Gecko) Chrome/62.0.3202.94 Safari/537.36"
192.168.1.35 - - [31/Oct/2025:22:36:38 +0200] "GET /wrrkrx HTTP/1.1" 500 6764 "https://www.ibm.com/" "Mozilla/5.0 (Windows NT 10.0; WOW64) AppleWebKit/537.36 (KHTML, like Gecko) Chrome/58.0.3029.110 Safari/537.36 OPR/45.0.2552.898"
2001:db8:0:1:0:0:0:1 - - [31/Oct/2025:22:36:38 +0200] "PUT /vxaygxq HTTP/1.1" 200 9135 "https://www.ibm.com/" "Mozilla/5.0 (Windows NT 10.0; WOW64) AppleWebKit/537.36 (KHTML, like Gecko) Chrome/58.0.3029.110 Safari/537.36 OPR/45.0.2552.898"
192.168.1.29 - - [31/Oct/2025:22:36:38 +0200] "POST /kantojuvwm HTTP/1.1" 301 4990 "https://www.msn.com/" "Mozilla/5.0 (Windows NT 10.0; Win64; x64) AppleWebKit/537.36 (KHTML, like Gecko) Chrome/62.0.3202.94 Safari/537.36"
2001:db8:0:1:0:0:0:4 - - [31/Oct/2025:22:36:38 +0200] "DELETE /jxvmabs HTTP/1.1" 403 9765 "https://www.google.com/" "Mozilla/5.0 (Windows NT 6.1; WOW64; Trident/7.0; AS; rv:11.0) like Gecko"
192.168.1.5 - - [31/Oct/2025:22:36:38 +0200] "PUT /euqnwdc HTTP/1.1" 400 3689 "https://www.google.com/" "Mozilla/5.0 (Windows NT 10.0; WOW64) AppleWebKit/537.36 (KHTML, like Gecko) Chrome/58.0.3029.110 Safari/537.36 OPR/45.0.2552.898"
192.168.1.45 - - [31/Oct/2025:22:36:38 +0200] "DELETE /x HTTP/1.1" 200 8789 "https://www.example.com/" "Mozilla/5.0 (Windows NT 6.1; WOW64; Trident/7.0; AS; rv:11.0) like Gecko"
192.168.1.21 - - [31/Oct/2025:22:36:38 +0200] "DELETE /zqptvfoq HTTP/1.1" 204 9940 "https://www.google.com/" "Mozilla/5.0 (Windows NT 6.1; WOW64; Trident/7.0; AS; rv:11.0) like Gecko"
2001:db8:0:1:0:0:0:2 - - [31/Oct/2025:22:36:38 +0200] "PUT /hzxkgcykz HTTP/1.1" 401 2591 "https://www.ibm.com/" "Mozilla/5.0 (Windows NT 6.1; WOW64; rv:54.0) Gecko/20100101 Firefox/54.0"
2001:db8:0:1:0:0:0:6 - - [31/Oct/2025:22:36:38 +0200] "DELETE /ks HTTP/1.1" 200 119 "https://www.example.com/" "Mozilla/5.0 (Windows NT 10.0; Win64; x64) AppleWebKit/537.36 (KHTML, like Gecko) Chrome/62.0.3202.94 Safari/537.36"
192.168.1.45 - - [31/Oct/2025:22:36:38 +0200] "PUT /czfsqoyq HTTP/1.1" 201 3012 "https://www.msn.com/" "Mozilla/5.0 (Windows NT 6.1; WOW64; rv:54.0) Gecko/20100101 Firefox/54.0"
192.168.1.24 - - [31/Oct/2025:22:36:38 +0200] "PUT /ormgvkzfp HTTP/1.1" 404 7506 "https://www.ibm.com/" "Mozilla/5.0 (Windows NT 6.1; WOW64; rv:54.0) Gecko/20100101 Firefox/54.0"
192.168.1.8 - - [31/Oct/2025:22:36:38 +0200] "GET /kac HTTP/1.1" 301 8613 "https://www.google.com/" "Mozilla/5.0 (Windows NT 10.0; Win64; x64) AppleWebKit/537.36 (KHTML, like Gecko) Chrome/58.0.3029.110 Safari/537.36"
192.168.1.49 - - [31/Oct/2025:22:36:38 +0200] "DELETE /uwrmgiaj HTTP/1.1" 400 6779 "https://www.example.com/" "Mozilla/5.0 (Windows NT 10.0; WOW64) AppleWebKit/537.36 (KHTML, like Gecko) Chrome/58.0.3029.110 Safari/537.36 OPR/45.0.2552.898"
192.168.1.24 - - [31/Oct/2025:22:36:38 +0200] "DELETE /mtv HTTP/1.1" 500 2665 "https://www.msn.com/" "Mozilla/5.0 (Windows NT 10.0; Win64; x64) AppleWebKit/537.36 (KHTML, like Gecko) Chrome/58.0.3029.110 Safari/537.36"
192.168.1.33 - - [31/Oct/2025:22:36:38 +0200] "POST /cdwyyo HTTP/1.1" 500 5371 "https://www.ibm.com/" "Mozilla/5.0 (Windows NT 10.0; Win64; x64) AppleWebKit/537.36 (KHTML, like Gecko) Chrome/62.0.3202.94 Safari/537.36"
192.168.1.37 - - [31/Oct/2025:22:36:38 +0200] "DELETE /tmuetab HTTP/1.1" 500 3930 "https://www.example.com/" "Mozilla/5.0 (Windows NT 6.1; WOW64; Trident/7.0; AS; rv:11.0) like Gecko"
2001:db8:0:1:0:0:0:5 - - [31/Oct/2025:22:36:38 +0200] "POST /ufz HTTP/1.1" 302 6050 "https://www.msn.com/" "Mozilla/5.0 (Windows NT 6.1; WOW64; Trident/7.0; AS; rv:11.0) like Gecko"
192.168.1.37 - - [31/Oct/2025:22:36:38 +0200] "DELETE /foxbuv HTTP/1.1" 301 8882 "https://www.google.com/" "Mozilla/5.0 (Windows NT 6.1; WOW64; Trident/7.0; AS; rv:11.0) like Gecko"
192.168.1.38 - - [31/Oct/2025:22:36:38 +0200] "PUT /yujdzlhgf HTTP/1.1" 204 9456 "https://www.example.com/" "Mozilla/5.0 (Windows NT 6.1; WOW64; rv:54.0) Gecko/20100101 Firefox/54.0"
192.168.1.33 - - [31/Oct/2025:22:36:38 +0200] "DELETE /e HTTP/1.1" 200 9917 "https://www.msn.com/" "Mozilla/5.0 (Windows NT 10.0; Win64; x64; rv:54.0) Gecko/20100101 Firefox/54.0"
192.168.1.9 - - [31/Oct/2025:22:36:38 +0200] "GET /we HTTP/1.1" 404 8548 "https://www.ibm.com/" "Mozilla/5.0 (Windows NT 6.1; WOW64; rv:54.0) Gecko/20100101 Firefox/54.0"
192.168.1.36 - - [31/Oct/2025:22:36:38 +0200] "GET /you HTTP/1.1" 201 490 "https://www.ibm.com/" "Mozilla/5.0 (Windows NT 6.1; WOW64; Trident/7.0; AS; rv:11.0) like Gecko"
192.168.1.27 - - [31/Oct/2025:22:36:38 +0200] "PUT /aywvrfkr HTTP/1.1" 201 7572 "https://www.example.com/" "Mozilla/5.0 (Windows NT 10.0; Win64; x64) AppleWebKit/537.36 (KHTML, like Gecko) Chrome/58.0.3029.110 Safari/537.36"
192.168.1.40 - - [31/Oct/2025:22:36:38 +0200] "GET /camqq HTTP/1.1" 201 5533 "https://www.msn.com/" "Mozilla/5.0 (Windows NT 10.0; Win64; x64) AppleWebKit/537.36 (KHTML, like Gecko) Chrome/58.0.3029.110 Safari/537.36"
2001:db8:0:1:0:0:0:c - - [31/Oct/2025:22:36:38 +0200] "DELETE /gncbndry HTTP/1.1" 500 6227 "https://www.example.com/" "Mozilla/5.0 (Windows NT 6.1; WOW64; Trident/7.0; AS; rv:11.0) like Gecko"
2001:db8:0:1:0:0:0:d - - [31/Oct/2025:22:36:38 +0200] "PUT /lvw HTTP/1.1" 404 1301 "https://www.example.com/" "Mozilla/5.0 (Windows NT 10.0; Win64; x64; rv:54.0) Gecko/20100101 Firefox/54.0"
192.168.1.6 - - [31/Oct/2025:22:36:38 +0200] "POST /rfsq HTTP/1.1" 200 497 "https://www.example.com/" "Mozilla/5.0 (Windows NT 10.0; Win64; x64) AppleWebKit/537.36 (KHTML, like Gecko) Chrome/62.0.3202.94 Safari/537.36"
192.168.1.11 - - [31/Oct/2025:22:36:38 +0200] "DELETE /vt HTTP/1.1" 301 9764 "https://www.ibm.com/" "Mozilla/5.0 (Windows NT 6.1; WOW64; rv:54.0) Gecko/20100101 Firefox/54.0"
2001:db8:0:1:0:0:0:7 - - [31/Oct/2025:22:36:38 +0200] "POST /plcdzv HTTP/1.1" 200 7026 "https://www.google.com/" "Mozilla/5.0 (Windows NT 6.1; WOW64; rv:54.0) Gecko/20100101 Firefox/54.0"
192.168.1.36 - - [31/Oct/2025:22:36:38 +0200] "POST /oxnce HTTP/1.1" 500 1721 "https://www.google.com/" "Mozilla/5.0 (Windows NT 6.1; WOW64; rv:54.0) Gecko/20100101 Firefox/54.0"
192.168.1.11 - - [31/Oct/2025:22:36:38 +0200] "DELETE /i HTTP/1.1" 400 8160 "https://www.msn.com/" "Mozilla/5.0 (Windows NT 10.0; Win64; x64) AppleWebKit/537.36 (KHTML, like Gecko) Chrome/62.0.3202.94 Safari/537.36"
2001:db8:0:1:0:0:0:d - - [31/Oct/2025:22:36:38 +0200] "PUT /xgph HTTP/1.1" 403 5385 "https://www.google.com/" "Mozilla/5.0 (Windows NT 6.1; WOW64; Trident/7.0; AS; rv:11.0) like Gecko"
192.168.1.19 - - [31/Oct/2025:22:36:38 +0200] "PUT /sztkpiieji HTTP/1.1" 404 9780 "https://www.msn.com/" "Mozilla/5.0 (Windows NT 6.1; WOW64; Trident/7.0; AS; rv:11.0) like Gecko"
192.168.1.43 - - [31/Oct/2025:22:36:38 +0200] "DELETE /hcxp HTTP/1.1" 401 3482 "https://www.example.com/" "Mozilla/5.0 (Windows NT 10.0; Win64; x64; rv:54.0) Gecko/20100101 Firefox/54.0"
192.168.1.40 - - [31/Oct/2025:22:36:38 +0200] "POST /y HTTP/1.1" 401 895 "https://www.msn.com/" "Mozilla/5.0 (Windows NT 6.1; WOW64; rv:54.0) Gecko/20100101 Firefox/54.0"
192.168.1.25 - - [31/Oct/2025:22:36:38 +0200] "GET /eievsq HTTP/1.1" 500 6658 "https://www.example.com/" "Mozilla/5.0 (Windows NT 10.0; Win64; x64) AppleWebKit/537.36 (KHTML, like Gecko) Chrome/62.0.3202.94 Safari/537.36"
192.168.1.29 - - [31/Oct/2025:22:36:38 +0200] "DELETE /hgcbph HTTP/1.1" 401 4600 "https://www.ibm.com/" "Mozilla/5.0 (Windows NT 10.0; WOW64) AppleWebKit/537.36 (KHTML, like Gecko) Chrome/58.0.3029.110 Safari/537.36 OPR/45.0.2552.898"
192.168.1.44 - - [31/Oct/2025:22:36:38 +0200] "POST /klswuwiwks HTTP/1.1" 404 3231 "https://www.example.com/" "Mozilla/5.0 (Windows NT 10.0; Win64; x64) AppleWebKit/537.36 (KHTML, like Gecko) Chrome/62.0.3202.94 Safari/537.36"
192.168.1.4 - - [31/Oct/2025:22:36:38 +0200] "PUT /zopj HTTP/1.1" 401 3676 "https://www.example.com/" "Mozilla/5.0 (Windows NT 10.0; Win64; x64) AppleWebKit/537.36 (KHTML, like Gecko) Chrome/62.0.3202.94 Safari/537.36"
2001:db8:0:1:0:0:0:c - - [31/Oct/2025:22:36:38 +0200] "POST /saoav HTTP/1.1" 500 4165 "https://www.example.com/" "Mozilla/5.0 (Windows NT 10.0; Win64; x64; rv:54.0) Gecko/20100101 Firefox/54.0"
2001:db8:0:1:0:0:0:9 - - [31/Oct/2025:22:36:38 +0200] "PUT /bbedgil HTTP/1.1" 200 719 "https://www.msn.com/" "Mozilla/5.0 (Windows NT 6.1; WOW64; rv:54.0) Gecko/20100101 Firefox/54.0"
192.168.1.46 - - [31/Oct/2025:22:36:38 +0200] "PUT /p HTTP/1.1" 200 8877 "https://www.ibm.com/" "Mozilla/5.0 (Windows NT 6.1; WOW64; Trident/7.0; AS; rv:11.0) like Gecko"
192.168.1.13 - - [31/Oct/2025:22:36:38 +0200] "POST /qsulm HTTP/1.1" 404 6088 "https://www.msn.com/" "Mozilla/5.0 (Windows NT 10.0; Win64; x64) AppleWebKit/537.36 (KHTML, like Gecko) Chrome/62.0.3202.94 Safari/537.36"
192.168.1.10 - - [31/Oct/2025:22:36:38 +0200] "PUT /bbeomv HTTP/1.1" 302 4292 "https://www.msn.com/" "Mozilla/5.0 (Windows NT 10.0; Win64; x64) AppleWebKit/537.36 (KHTML, like Gecko) Chrome/58.0.3029.110 Safari/537.36"
192.168.1.30 - - [31/Oct/2025:22:36:38 +0200] "POST /m HTTP/1.1" 200 9355 "https://www.example.com/" "Mozilla/5.0 (Windows NT 10.0; Win64; x64) AppleWebKit/537.36 (KHTML, like Gecko) Chrome/58.0.3029.110 Safari/537.36"
2001:db8:0:1:0:0:0:3 - - [31/Oct/2025:22:36:38 +0200] "DELETE /ma HTTP/1.1" 403 2962 "https://www.google.com/" "Mozilla/5.0 (Windows NT 6.1; WOW64; rv:54.0) Gecko/20100101 Firefox/54.0"
192.168.1.25 - - [31/Oct/2025:22:36:38 +0200] "GET /zbqgmwle HTTP/1.1" 404 3200 "https://www.example.com/" "Mozilla/5.0 (Windows NT 10.0; Win64; x64) AppleWebKit/537.36 (KHTML, like Gecko) Chrome/62.0.3202.94 Safari/537.36"
192.168.1.2 - - [31/Oct/2025:22:36:38 +0200] "PUT /d HTTP/1.1" 302 1989 "https://www.ibm.com/" "Mozilla/5.0 (Windows NT 10.0; Win64; x64; rv:54.0) Gecko/20100101 Firefox/54.0"
192.168.1.5 - - [31/Oct/2025:22:36:38 +0200] "PUT /fyzsuptui HTTP/1.1" 400 1696 "https://www.example.com/" "Mozilla/5.0 (Windows NT 6.1; WOW64; Trident/7.0; AS; rv:11.0) like Gecko"
192.168.1.29 - - [31/Oct/2025:22:36:38 +0200] "PUT /qyjc HTTP/1.1" 401 2158 "https://www.example.com/" "Mozilla/5.0 (Windows NT 10.0; Win64; x64) AppleWebKit/537.36 (KHTML, like Gecko) Chrome/58.0.3029.110 Safari/537.36"
2001:db8:0:1:0:0:0:6 - - [31/Oct/2025:22:36:38 +0200] "PUT /n HTTP/1.1" 404 4243 "https://www.msn.com/" "Mozilla/5.0 (Windows NT 6.1; WOW64; Trident/7.0; AS; rv:11.0) like Gecko"
192.168.1.35 - - [31/Oct/2025:22:36:38 +0200] "POST /l HTTP/1.1" 204 1947 "https://www.msn.com/" "Mozilla/5.0 (Windows NT 10.0; Win64; x64) AppleWebKit/537.36 (KHTML, like Gecko) Chrome/58.0.3029.110 Safari/537.36"
2001:db8:0:1:0:0:0:2 - - [31/Oct/2025:22:36:38 +0200] "DELETE /xjy HTTP/1.1" 401 5142 "https://www.google.com/" "Mozilla/5.0 (Windows NT 10.0; WOW64) AppleWebKit/537.36 (KHTML, like Gecko) Chrome/58.0.3029.110 Safari/537.36 OPR/45.0.2552.898"
192.168.1.43 - - [31/Oct/2025:22:36:38 +0200] "PUT /rvdtiflzxw HTTP/1.1" 403 5446 "https://www.example.com/" "Mozilla/5.0 (Windows NT 6.1; WOW64; Trident/7.0; AS; rv:11.0) like Gecko"
192.168.1.36 - - [31/Oct/2025:22:36:38 +0200] "GET /x HTTP/1.1" 302 6296 "https://www.google.com/" "Mozilla/5.0 (Windows NT 6.1; WOW64; Trident/7.0; AS; rv:11.0) like Gecko"
192.168.1.44 - - [31/Oct/2025:22:36:38 +0200] "DELETE /zdoca HTTP/1.1" 200 7427 "https://www.ibm.com/" "Mozilla/5.0 (Windows NT 10.0; Win64; x64) AppleWebKit/537.36 (KHTML, like Gecko) Chrome/58.0.3029.110 Safari/537.36"
192.168.1.11 - - [31/Oct/2025:22:36:38 +0200] "PUT /etdphe HTTP/1.1" 204 3042 "https://www.google.com/" "Mozilla/5.0 (Windows NT 10.0; WOW64) AppleWebKit/537.36 (KHTML, like Gecko) Chrome/58.0.3029.110 Safari/537.36 OPR/45.0.2552.898"
192.168.1.3 - - [31/Oct/2025:22:36:38 +0200] "POST /wnee HTTP/1.1" 404 2554 "https://www.ibm.com/" "Mozilla/5.0 (Windows NT 10.0; Win64; x64; rv:54.0) Gecko/20100101 Firefox/54.0"
192.168.1.44 - - [31/Oct/2025:22:36:38 +0200] "GET /ybnpbiujx HTTP/1.1" 301 8235 "https://www.example.com/" "Mozilla/5.0 (Windows NT 6.1; WOW64; rv:54.0) Gecko/20100101 Firefox/54.0"
192.168.1.40 - - [31/Oct/2025:22:36:38 +0200] "GET /rsl HTTP/1.1" 500 3307 "https://www.google.com/" "Mozilla/5.0 (Windows NT 6.1; WOW64; rv:54.0) Gecko/20100101 Firefox/54.0"
192.168.1.21 - - [31/Oct/2025:22:36:38 +0200] "PUT /zkuvvfvjf HTTP/1.1" 201 690 "https://www.msn.com/" "Mozilla/5.0 (Windows NT 10.0; Win64; x64; rv:54.0) Gecko/20100101 Firefox/54.0"
192.168.1.14 - - [31/Oct/2025:22:36:38 +0200] "DELETE /ehjbiknrq HTTP/1.1" 401 7987 "https://www.example.com/" "Mozilla/5.0 (Windows NT 10.0; WOW64) AppleWebKit/537.36 (KHTML, like Gecko) Chrome/58.0.3029.110 Safari/537.36 OPR/45.0.2552.898"
192.168.1.24 - - [31/Oct/2025:22:36:38 +0200] "DELETE /wvejrj HTTP/1.1" 301 3683 "https://www.msn.com/" "Mozilla/5.0 (Windows NT 6.1; WOW64; rv:54.0) Gecko/20100101 Firefox/54.0"
192.168.1.41 - - [31/Oct/2025:22:36:38 +0200] "DELETE /iatll HTTP/1.1" 404 1721 "https://www.msn.com/" "Mozilla/5.0 (Windows NT 6.1; WOW64; Trident/7.0; AS; rv:11.0) like Gecko"
2001:db8:0:1:0:0:0:5 - - [31/Oct/2025:22:36:38 +0200] "POST /oqycbxeiz HTTP/1.1" 204 2591 "https://www.ibm.com/" "Mozilla/5.0 (Windows NT 10.0; Win64; x64) AppleWebKit/537.36 (KHTML, like Gecko) Chrome/58.0.3029.110 Safari/537.36"
192.168.1.20 - - [31/Oct/2025:22:36:38 +0200] "GET /wovkxthc HTTP/1.1" 401 9113 "https://www.example.com/" "Mozilla/5.0 (Windows NT 10.0; Win64; x64) AppleWebKit/537.36 (KHTML, like Gecko) Chrome/62.0.3202.94 Safari/537.36"
2001:db8:0:1:0:0:0:8 - - [31/Oct/2025:22:36:38 +0200] "POST /seywwptwx HTTP/1.1" 302 545 "https://www.example.com/" "Mozilla/5.0 (Windows NT 6.1; WOW64; rv:54.0) Gecko/20100101 Firefox/54.0"
2001:db8:0:1:0:0:0:c - - [31/Oct/2025:22:36:38 +0200] "DELETE /oig HTTP/1.1" 302 3111 "https://www.ibm.com/" "Mozilla/5.0 (Windows NT 10.0; Win64; x64; rv:54.0) Gecko/20100101 Firefox/54.0"
2001:db8:0:1:0:0:0:d - - [31/Oct/2025:22:36:38 +0200] "POST /tpyhrgsx HTTP/1.1" 403 7667 "https://www.ibm.com/" "Mozilla/5.0 (Windows NT 10.0; Win64; x64) AppleWebKit/537.36 (KHTML, like Gecko) Chrome/58.0.3029.110 Safari/537.36"
192.168.1.29 - - [31/Oct/2025:22:36:38 +0200] "PUT /occkodhg HTTP/1.1" 403 2188 "https://www.google.com/" "Mozilla/5.0 (Windows NT 10.0; Win64; x64; rv:54.0) Gecko/20100101 Firefox/54.0"
192.168.1.30 - - [31/Oct/2025:22:36:38 +0200] "DELETE /ody HTTP/1.1" 401 9378 "https://www.google.com/" "Mozilla/5.0 (Windows NT 10.0; WOW64) AppleWebKit/537.36 (KHTML, like Gecko) Chrome/58.0.3029.110 Safari/537.36 OPR/45.0.2552.898"
192.168.1.19 - - [31/Oct/2025:22:36:38 +0200] "GET /hizlza HTTP/1.1" 301 4376 "https://www.msn.com/" "Mozilla/5.0 (Windows NT 10.0; Win64; x64) AppleWebKit/537.36 (KHTML, like Gecko) Chrome/62.0.3202.94 Safari/537.36"
192.168.1.26 - - [31/Oct/2025:22:36:38 +0200] "DELETE /soulbymtt HTTP/1.1" 200 905 "https://www.example.com/" "Mozilla/5.0 (Windows NT 10.0; Win64; x64) AppleWebKit/537.36 (KHTML, like Gecko) Chrome/62.0.3202.94 Safari/537.36"
192.168.1.19 - - [31/Oct/2025:22:36:38 +0200] "DELETE /tplo HTTP/1.1" 200 2405 "https://www.ibm.com/" "Mozilla/5.0 (Windows NT 6.1; WOW64; rv:54.0) Gecko/20100101 Firefox/54.0"
192.168.1.24 - - [31/Oct/2025:22:36:38 +0200] "DELETE /xhidzqpup HTTP/1.1" 400 8887 "https://www.example.com/" "Mozilla/5.0 (Windows NT 10.0; Win64; x64) AppleWebKit/537.36 (KHTML, like Gecko) Chrome/58.0.3029.110 Safari/537.36"
