192.168.1.18 - - [31/Oct/2025:22:36:38 +0200] "POST /atei HTTP/1.1" 401 2188 "https://www.example.com/" "Mozilla/5.0 (Windows NT 10.0; Win64; x64) AppleWebKit/537.36 (KHTML, like Gecko) Chrome/58.0.3029.110 Safari/537.36"
192.168.1.24 - - [31/Oct/2025:22:36:38 +0200] "DELETE /ainxfcktfy HTTP/1.1" 201 1144 "https://www.ibm.com/" "Mozilla/5.0 (Windows NT 6.1; WOW64; rv:54.0) Gecko/20100101 Firefox/54.0"
192.168.1.23 - - [31/Oct/2025:22:36:38 +0200] "DELETE /ekhyunt HTTP/1.1" 404 9433 "https://www.msn.com/" "Mozilla/5.0 (Windows NT 10.0; Win64; x64; rv:54.0) Gecko/20100101 Firefox/54.0"
192.168.1.20 - - [31/Oct/2025:22:36:38 +0200] "GET /fkrlyrm HTTP/1.1" 404 8257 "https://www.ibm.com/" "Mozilla/5.0 (Windows NT 10.0; Win64; x64) AppleWebKit/537.36 (KHTML, like Gecko) Chrome/58.0.3029.110 Safari/537.36"
192.168.1.2 - - [31/Oct/2025:22:36:38 +0200] "POST /rrrwkak HTTP/1.1" 302 1958 "https://www.google.com/" "Mozilla/5.0 (Windows NT 6.1; WOW64; Trident/7.0; AS; rv:11.0) like Gecko"
192.168.1.46 - - [31/Oct/2025:22:36:38 +0200] "DELETE /td HTTP/1.1" 500 167 "https://www.google.com/" "Mozilla/5.0 (Windows NT 6.1; WOW64; Trident/7.0; AS; rv:11.0) like Gecko"
192.168.1.22 - - [31/Oct/2025:22:36:38 +0200] "GET /b HTTP/1.1" 302 9162 "https://www.example.com/" "Mozilla/5.0 (Windows NT 10.0; Win64; x64) AppleWebKit/537.36 (KHTML, like Gecko) Chrome/58.0.3029.110 Safari/537.36"
192.168.1.50 - - [31/Oct/2025:22:36:38 +0200] "POST /ivrxhhnig HTTP/1.1" 500 1347 "https://www.example.com/" "Mozilla/5.0 (Windows NT 6.1; WOW64; Trident/7.0; AS; rv:11.0) like Gecko"
192.168.1.7 - - [31/Oct/2025:22:36:38 +0200] "PUT /irgd HTTP/1.1" 403 235 "https://www.example.com/" "Mozilla/5.0 (Windows NT 10.0; Win64; x64) AppleWebKit/537.36 (KHTML, like Gecko) Chrome/58.0.3029.110 Safari/537.36"
2001:db8:0:1:0:0:0:e - - [31/Oct/2025:22:36:38 +0200] "PUT /tgi HTTP/1.1" 400 5635 "https://www.ibm.com/" "Mozilla/5.0 (Windows NT 10.0; Win64; x64) AppleWebKit/537.36 (KHTML, like Gecko) Chrome/58.0.3029.110 Safari/537.36"
2001:db8:0:1:0:0:0:9 - - [31/Oct/2025:22:36:38 +0200] "POST /vxkprcb HTTP/1.1" 500 4829 "https://www.example.com/" "Mozilla/5.0 (Windows NT 6.1; WOW64; rv:54.0) Gecko/20100101 Firefox/54.0"
192.168.1.34 - - [31/Oct/2025:22:36:38 +0200] "POST /jqgziiba HTTP/1.1" 500 1878 "https://www.ibm.com/" "Mozilla/5.0 (Windows NT 6.1; WOW64; Trident/7.0; AS; rv:11.0) like Gecko"
192.168.1.23 - - [31/Oct/2025:22:36:38 +0200] "POST /bgttoquis HTTP/1.1" 500 1331 "https://www.google.com/" "Mozilla/5.0 (Windows NT 10.0; Win64; x64; rv:54.0) Gecko/20100101 Firefox/54.0"
192.168.1.41 - - [31/Oct/2025:22:36:38 +0200] "DELETE /kpx HTTP/1.1" 403 3500 "https://www.google.com/" "Mozilla/5.0 (Windows NT 10.0; Win64; x64) AppleWebKit/537.36 (KHTML, like Gecko) Chrome/58.0.3029.110 Safari/537.36"
2001:db8:0:1:0:0:0:1 - - [31/Oct/2025:22:36:38 +0200] "PUT /kplb HTTP/1.1" 201 6687 "https://www.google.com/" "Mozilla/5.0 (Windows NT 10.0; Win64; x64; rv:54.0) Gecko/20100101 Firefox/54.0"
192.168.1.44 - - [31/Oct/2025:22:36:38 +0200] "PUT /gbgti HTTP/1.1" 404 9986 "https://www.ibm.com/" "Mozilla/5.0 (Windows NT 10.0; Win64; x64; rv:54.0) Gecko/20100101 Firefox/54.0"
192.168.1.29 - - [31/Oct/2025:22:36:38 +0200] "PUT /ggyvdfmphk HTTP/1.1" 401 9511 "https://www.ibm.com/" "Mozilla/5.0 (Windows NT 10.0; WOW64) AppleWebKit/537.36 (KHTML, like Gecko) Chrome/58.0.3029.110 Safari/537.36 OPR/45.0.2552.898"
192.168.1.42 - - [31/Oct/2025:22:36:38 +0200] "DELETE /yyz HTTP/1.1" 204 1166 "https://www.ibm.com/" "Mozilla/5.0 (Windows NT 10.0; Win64; x64) AppleWebKit/537.36 (KHTML, like Gecko) Chrome/58.0.3029.110 Safari/537.36"
2001:db8:0:1:0:0:0:b - - [31/Oct/2025:22:36:38 +0200] "GET /ikzmjskieg HTTP/1.1" 500 9831 "https://www.example.com/" "Mozilla/5.0 (Windows NT 10.0; Win64; x64; rv:54.0) Gecko/20100101 Firefox/54.0"
192.168.1.29 - - [31/Oct/2025:22:36:38 +0200] "GET /b HTTP/1.1" 200 8308 "https://www.ibm.com/" "Mozilla/5.0 (Windows NT 10.0; Win64; x64; rv:54.0) Gecko/20100101 Firefox/54.0"
192.168.1.11 - - [31/Oct/2025:22:36:38 +0200] "POST /c HTTP/1.1" 500 1302 "https://www.google.com/" "Mozilla/5.0 (Windows NT 10.0; Win64; x64; rv:54.0) Gecko/20100101 Firefox/54.0"
192.168.1.13 - - [31/Oct/2025:22:36:38 +0200] "DELETE /oc HTTP/1.1" 403 5152 "https://www.example.com/" "Mozilla/5.0 (Windows NT 6.1; WOW64; Trident/7.0; AS; rv:11.0) like Gecko"
192.168.1.25 - - [31/Oct/2025:22:36:38 +0200] "GET /roisbpr HTTP/1.1" 400 9158 "https://www.google.com/" "Mozilla/5.0 (Windows NT 10.0; Win64; x64; rv:54.0) Gecko/20100101 Firefox/54.0"
2001:db8:0:1:0:0:0:d - - [31/Oct/2025:22:36:38 +0200] "POST /xbbt HTTP/1.1" 404 2310 "https://www.ibm.com/" "Mozilla/5.0 (Windows NT 10.0; WOW64) AppleWebKit/537.36 (KHTML, like Gecko) Chrome/58.0.3029.110 Safari/537.36 OPR/45.0.2552.898"
192.168.1.45 - - [31/Oct/2025:22:36:38 +0200] "PUT /qffebs HTTP/1.1" 201 5622 "https://www.example.com/" "Mozilla/5.0 (Windows NT 10.0; Win64; x64) AppleWebKit/537.36 (KHTML, like Gecko) Chrome/58.0.3029.110 Safari/537.36"
2001:db8:0:1:0:0:0:3 - - [31/Oct/2025:22:36:38 +0200] "POST /kabk HTTP/1.1" 404 9333 "https://www.example.com/" "Mozilla/5.0 (Windows NT 10.0; Win64; x64; rv:54.0) Gecko/20100101 Firefox/54.0"
192.168.1.24 - - [31/Oct/2025:22:36:38 +0200] "POST /mhidpqupw HTTP/1.1" 200 3065 "https://www.msn.com/" "Mozilla/5.0 (Windows NT 10.0; Win64; x64) AppleWebKit/537.36 (KHTML, like Gecko) Chrome/58.0.3029.110 Safari/537.36"
192.168.1.30 - - [31/Oct/2025:22:36:38 +0200] "DELETE /sehidpmo HTTP/1.1" 301 101 "https://www.ibm.com/" "Mozilla/5.0 (Windows NT 6.1; WOW64; rv:54.0) Gecko/20100101 Firefox/54.0"
192.168.1.30 - - [31/Oct/2025:22:36:38 +0200] "PUT /nl HTTP/1.1" 302 6085 "https://www.msn.com/" "Mozilla/5.0 (Windows NT 10.0; Win64; x64; rv:54.0) Gecko/20100101 Firefox/54.0"
192.168.1.17 - - [31/Oct/2025:22:36:38 +0200] "PUT /mjunnp HTTP/1.1" 400 7356 "https://www.google.com/" "Mozilla/5.0 (Windows NT 10.0; Win64; x64) AppleWebKit/537.36 (KHTML, like Gecko) Chrome/62.0.3202.94 Safari/537.36"
192.168.1.11 - - [31/Oct/2025:22:36:38 +0200] "DELETE /qa HTTP/1.1" 404 2220 "https://www.example.com/" "Mozilla/5.0 (Windows NT 6.1; WOW64; Trident/7.0; AS; rv:11.0) like Gecko"
192.168.1.19 - - [31/Oct/2025:22:36:38 +0200] "GET /nlirgkk HTTP/1.1" 302 231 "https://www.example.com/" "Mozilla/5.0 (Windows NT 10.0; Win64; x64; rv:54.0) Gecko/20100101 Firefox/54.0"
192.168.1.18 - - [31/Oct/2025:22:36:38 +0200] "GET /biybli HTTP/1.1" 204 2509 "https://www.example.com/" "Mozilla/5.0 (Windows NT 10.0; WOW64) AppleWebKit/537.36 (KHTML, like Gecko) Chrome/58.0.3029.110 Safari/537.36 OPR/45.0.2552.898"
192.168.1.50 - - [31/Oct/2025:22:36:38 +0200] "GET /etyrbgsy HTTP/1.1" 500 7344 "https://www.ibm.com/" "Mozilla/5.0 (Windows NT 10.0; Win64; x64) AppleWebKit/537.36 (KHTML, like Gecko) Chrome/62.0.3202.94 Safari/537.36"
192.168.1.50 - - [31/Oct/2025:22:36:38 +0200] "POST /ajdxtpszeq HTTP/1.1" 200 3570 "https://www.google.com/" "Mozilla/5.0 (Windows NT 10.0; WOW64) AppleWebKit/537.36 (KHTML, like Gecko) Chrome/58.0.3029.110 Safari/537.36 OPR/45.0.2552.898"
192.168.1.32 - - [31/Oct/2025:22:36:38 +0200] "GET /itlddvin HTTP/1.1" 301 9966 "https://www.example.com/" "Mozilla/5.0 (Windows NT 10.0; WOW64) AppleWebKit/537.36 (KHTML, like Gecko) Chrome/58.0.3029.110 Safari/537.36 OPR/45.0.2552.898"
192.168.1.48 - - [31/Oct/2025:22:36:38 +0200] "GET /suuybytvx HTTP/1.1" 401 914 "https://www.example.com/" "Mozilla/5.0 (Windows NT 6.1; WOW64; rv:54.0) Gecko/20100101 Firefox/54.0"
2001:db8:0:1:0:0:0:8 - - [31/Oct/2025:22:36:38 +0200] "POST /zbspe HTTP/1.1" 401 6725 "https://www.google.com/" "Mozilla/5.0 (Windows NT 10.0; Win64; x64) AppleWebKit/537.36 (KHTML, like Gecko) Chrome/62.0.3202.94 Safari/537.36"
192.168.1.16 - - [31/Oct/2025:22:36:38 +0200] "DELETE /zcejpjlwdm HTTP/1.1" 301 2887 "https://www.example.com/" "Mozilla/5.0 (Windows NT 6.1; WOW64; rv:54.0) Gecko/20100101 Firefox/54.0"
192.168.1.48 - - [31/Oct/2025:22:36:38 +0200] "GET /btrwh HTTP/1.1" 401 6830 "https://www.ibm.com/" "Mozilla/5.0 (Windows NT 6.1; WOW64; rv:54.0) Gecko/20100101 Firefox/54.0"
192.168.1.50 - - [31/Oct/2025:22:36:38 +0200] "GET /yr HTTP/1.1" 404 7157 "https://www.msn.com/" "Mozilla/5.0 (Windows NT 10.0; Win64; x64) AppleWebKit/537.36 (KHTML, like Gecko) Chrome/58.0.3029.110 Safari/537.36"
192.168.1.15 - - [31/Oct/2025:22:36:38 +0200] "GET /zz HTTP/1.1" 201 1559 "https://www.google.com/" "Mozilla/5.0 (Windows NT 6.1; WOW64; rv:54.0) Gecko/20100101 Firefox/54.0"
2001:db8:0:1:0:0:0:7 - - [31/Oct/2025:22:36:38 +0200] "DELETE /yabg HTTP/1.1" 301 4107 "https://www.google.com/" "Mozilla/5.0 (Windows NT 10.0; WOW64) AppleWebKit/537.36 (KHTML, like Gecko) Chrome/58.0.3029.110 Safari/537.36 OPR/45.0.2552.898"
192.168.1.13 - - [31/Oct/2025:22:36:38 +0200] "GET /sn HTTP/1.1" 400 1092 "https://www.ibm.com/" "Mozilla/5.0 (Windows NT 10.0; WOW64) AppleWebKit/537.36 (KHTML, like Gecko) Chrome/58.0.3029.110 Safari/537.36 OPR/45.0.2552.898"
2001:db8:0:1:0:0:0:4 - - [31/Oct/2025:22:36:38 +0200] "POST /brtilnogys HTTP/1.1" 404 5004 "https://www.google.com/" "Mozilla/5.0 (Windows NT 10.0; WOW64) AppleWebKit/537.36 (KHTML, like Gecko) Chrome/58.0.3029.110 Safari/537.36 OPR/45.0.2552.898"
192.168.1.28 - - [31/Oct/2025:22:36:38 +0200] "POST /vc HTTP/1.1" 404 5744 "https://www.msn.com/" "Mozilla/5.0 (Windows NT 6.1; WOW64; Trident/7.0; AS; rv:11.0) like Gecko"
2001:db8:0:1:0:0:0:9 - - [31/Oct/2025:22:36:38 +0200] "PUT /jbuwp HTTP/1.1" 404 9020 "https://www.google.com/" "Mozilla/5.0 (Windows NT 10.0; Win64; x64; rv:54.0) Gecko/20100101 Firefox/54.0"
192.168.1.46 - - [31/Oct/2025:22:36:38 +0200] "POST /simpe HTTP/1.1" 302 2021 "https://www.example.com/" "Mozilla/5.0 (Windows NT 6.1; WOW64; Trident/7.0; AS; rv:11.0) like Gecko"
192.168.1.12 - - [31/Oct/2025:22:36:38 +0200] "PUT /hiabewy HTTP/1.1" 200 1138 "https://www.ibm.com/" "Mozilla/5.0 (Windows NT 6.1; WOW64; Trident/7.0; AS; rv:11.0) like Gecko"
2001:db8:0:1:0:0:0:5 - - [31/Oct/2025:22:36:38 +0200] "GET /cbasfk HTTP/1.1" 404 6044 "https://www.ibm.com/" "Mozilla/5.0 (Windows NT 10.0; Win64; x64) AppleWebKit/537.36 (KHTML, like Gecko) Chrome/62.0.3202.94 Safari/537.36"
2001:db8:0:1:0:0:0:a - - [31/Oct/2025:22:36:38 +0200] "PUT /png HTTP/1.1" 401 1375 "https://www.example.com/" "Mozilla/5.0 (Windows NT 10.0; Win64; x64; rv:54.0) Gecko/20100101 Firefox/54.0"
192.168.1.47 - - [31/Oct/2025:22:36:38 +0200] "PUT /xc HTTP/1.1" 403 8333 "https://www.google.com/" "Mozilla/5.0 (Windows NT 10.0; Win64; x64; rv:54.0) Gecko/20100101 Firefox/54.0"
192.168.1.48 - - [31/Oct/2025:22:36:38 +0200] "GET /udvqze HTTP/1.1" 201 581 "https://www.ibm.com/" "Mozilla/5.0 (Windows NT 10.0; WOW64) AppleWebKit/537.36 (KHTML, like Gecko) Chrome/58.0.3029.110 Safari/537.36 OPR/45.0.2552.898"
192.168.1.15 - - [31/Oct/2025:22:36:38 +0200] "GET /vymfgi HTTP/1.1" 500 3981 "https://www.ibm.com/" "Mozilla/5.0 (Windows NT 10.0; Win64; x64) AppleWebKit/537.36 (KHTML, like Gecko) Chrome/58.0.3029.110 Safari/537.36"
192.168.1.15 - - [31/Oct/2025:22:36:38 +0200] "PUT /ani HTTP/1.1" 403 8920 "https://www.google.com/" "Mozilla/5.0 (Windows NT 10.0; WOW64) AppleWebKit/537.36 (KHTML, like Gecko) Chrome/58.0.3029.110 Safari/537.36 OPR/45.0.2552.898"
192.168.1.2 - - [31/Oct/2025:22:36:38 +0200] "PUT /qsbb HTTP/1.1" 404 8710 "https://www.example.com/" "Mozilla/5.0 (Windows NT 6.1; WOW64; rv:54.0) Gecko/20100101 Firefox/54.0"
2001:db8:0:1:0:0:0:a - - [31/Oct/2025:22:36:38 +0200] "PUT /qdssthhm HTTP/1.1" 500 2710 "https://www.example.com/" "Mozilla/5.0 (Windows NT 10.0; Win64; x64; rv:54.0) Gecko/20100101 Firefox/54.0"
192.168.1.32 - - [31/Oct/2025:22:36:38 +0200] "DELETE /whfycudey HTTP/1.1" 400 4821 "https://www.example.com/" "Mozilla/5.0 (Windows NT 10.0; Win64; x64) AppleWebKit/537.36 (KHTML, like Gecko) Chrome/58.0.3029.110 Safari/537.36"
192.168.1.15 - - [31/Oct/2025:22:36:38 +0200] "PUT /jeprhcbxw HTTP/1.1" 403 8816 "https://www.example.com/" "Mozilla/5.0 (Windows NT 10.0; WOW64) AppleWebKit/537.36 (KHTML, like Gecko) Chrome/58.0.3029.110 Safari/537.36 OPR/45.0.2552.898"
192.168.1.7 - - [31/Oct/2025:22:36:38 +0200] "POST /wm HTTP/1.1" 401 7360 "https://www.ibm.com/" "Mozilla/5.0 (Windows NT 6.1; WOW64; rv:54.0) Gecko/20100101 Firefox/54.0"
192.168.1.42 - - [31/Oct/2025:22:36:38 +0200] "DELETE /wxqjw HTTP/1.1" 302 193 "https://www.google.com/" "Mozilla/5.0 (Windows NT 6.1; WOW64; rv:54.0) Gecko/20100101 Firefox/54.0"
2001:db8:0:1:0:0:0:b - - [31/Oct/2025:22:36:38 +0200] "GET /n HTTP/1.1" 301 6124 "https://www.google.com/" "Mozilla/5.0 (Windows NT 6.1; WOW64; rv:54.0) Gecko/20100101 Firefox/54.0"
192.168.1.16 - - [31/Oct/2025:22:36:38 +0200] "GET /fx HTTP/1.1" 400 7931 "https://www.google.com/" "Mozilla/5.0 (Windows NT 10.0; Win64; x64) AppleWebKit/537.36 (KHTML, like Gecko) Chrome/58.0.3029.110 Safari/537.36"
2001:db8:0:1:0:0:0:a - - [31/Oct/2025:22:36:38 +0200] "PUT /mhtheoccle HTTP/1.1" 302 9197 "https://www.ibm.com/" "Mozilla/5.0 (Windows NT 6.1; WOW64; rv:54.0) Gecko/20100101 Firefox/54.0"
192.168.1.37 - - [31/Oct/2025:22:36:38 +0200] "PUT /agvamabrqm HTTP/1.1" 200 212 "https://www.google.com/" "Mozilla/5.0 (Windows NT 10.0; Win64; x64) AppleWebKit/537.36 (KHTML, like Gecko) Chrome/62.0.3202.94 Safari/537.36"
192.168.1.32 - - [31/Oct/2025:22:36:38 +0200] "POST /r HTTP/1.1" 500 5982 "https://www.ibm.com/" "Mozilla/5.0 (Windows NT 6.1; WOW64; rv:54.0) Gecko/20100101 Firefox/54.0"
192.168.1.2 - - [31/Oct/2025:22:36:38 +0200] "GET /ousesv HTTP/1.1" 403 9513 "https://www.ibm.com/" "Mozilla/5.0 (Windows NT 6.1; WOW64; rv:54.0) Gecko/20100101 Firefox/54.0"
192.168.1.25 - - [31/Oct/2025:22:36:38 +0200] "DELETE /p HTTP/1.1" 204 2706 "https://www.ibm.com/" "Mozilla/5.0 (Windows NT 10.0; Win64; x64; rv:54.0) Gecko/20100101 Firefox/54.0"
192.168.1.4 - - [31/Oct/2025:22:36:38 +0200] "POST /nahmmyryti HTTP/1.1" 400 2214 "https://www.google.com/" "Mozilla/5.0 (Windows NT 10.0; Win64; x64; rv:54.0) Gecko/20100101 Firefox/54.0"
192.168.1.42 - - [31/Oct/2025:22:36:38 +0200] "PUT /etzm HTTP/1.1" 301 6027 "https://www.msn.com/" "Mozilla/5.0 (Windows NT 10.0; WOW64) AppleWebKit/537.36 (KHTML, like Gecko) Chrome/58.0.3029.110 Safari/537.36 OPR/45.0.2552.898"
192.168.1.19 - - [31/Oct/2025:22:36:38 +0200] "POST /ocsbvj HTTP/1.1" 301 6456 "https://www.ibm.com/" "Mozilla/5.0 (Windows NT 10.0; Win64; x64) AppleWebKit/537.36 (KHTML, like Gecko) Chrome/62.0.3202.94 Safari/537.36"
192.168.1.46 - - [31/Oct/2025:22:36:38 +0200] "GET /artcjgsin HTTP/1.1" 302 1151 "https://www.example.com/" "Mozilla/5.0 (Windows NT 10.0; Win64; x64) AppleWebKit/537.36 (KHTML, like Gecko) Chrome/62.0.3202.94 Safari/537.36"
192.168.1.4 - - [31/Oct/2025:22:36:38 +0200] "GET /uhaludshpi HTTP/1.1" 404 1214 "https://www.ibm.com/" "Mozilla/5.0 (Windows NT 6.1; WOW64; Trident/7.0; AS; rv:11.0) like Gecko"
192.168.1.33 - - [31/Oct/2025:22:36:38 +0200] "PUT /hwjdhzn HTTP/1.1" 301 555 "https://www.google.com/" "Mozilla/5.0 (Windows NT 10.0; WOW64) AppleWebKit/537.36 (KHTML, like Gecko) Chrome/58.0.3029.110 Safari/537.36 OPR/45.0.2552.898"
192.168.1.45 - - [31/Oct/2025:22:36:38 +0200] "POST /xf HTTP/1.1" 204 962 "https://www.ibm.com/" "Mozilla/5.0 (Windows NT 6.1; WOW64; rv:54.0) Gecko/20100101 Firefox/54.0"
192.168.1.26 - - [31/Oct/2025:22:36:38 +0200] "DELETE /pklg HTTP/1.1" 400 2463 "https://www.ibm.com/" "Mozilla/5.0 (Windows NT 6.1; WOW64; Trident/7.0; AS; rv:11.0) like Gecko"
192.168.1.46 - - [31/Oct/2025:22:36:38 +0200] "PUT /ivept HTTP/1.1" 301 9730 "https://www.msn.com/" "Mozilla/5.0 (Windows NT 10.0; Win64; x64) AppleWebKit/537.36 (KHTML, like Gecko) Chrome/58.0.3029.110 Safari/537.36"
192.168.1.16 - - [31/Oct/2025:22:36:38 +0200] "GET /hndecbbsud HTTP/1.1" 400 7563 "https://www.ibm.com/" "Mozilla/5.0 (Windows NT 6.1; WOW64; Trident/7.0; AS; rv:11.0) like Gecko"
192.168.1.7 - - [31/Oct/2025:22:36:38 +0200] "PUT /lpi HTTP/1.1" 404 5755 "https://www.google.com/" "Mozilla/5.0 (Windows NT 6.1; WOW64; rv:54.0) Gecko/20100101 Firefox/54.0"
192.168.1.35 - - [31/Oct/2025:22:36:38 +0200] "PUT /inlqgezx HTTP/1.1" 404 5220 "https://www.example.com/" "Mozilla/5.0 (Windows NT 6.1; WOW64; rv:54.0) Gecko/20100101 Firefox/54.0"
2001:db8:0:1:0:0:0:1 - - [31/Oct/2025:22:36:38 +0200] "PUT /adhu HTTP/1.1" 201 1914 "https://www.ibm.com/" "Mozilla/5.0 (Windows NT 10.0; WOW64) AppleWebKit/537.36 (KHTML, like Gecko) Chrome/58.0.3029.110 Safari/537.36 OPR/45.0.2552.898"
192.168.1.41 - - [31/Oct/2025:22:36:38 +0200] "GET /oakkwvhmr HTTP/1.1" 301 4456 "https://www.example.com/" "Mozilla/5.0 (Windows NT 10.0; Win64; x64) AppleWebKit/537.36 (KHTML, like Gecko) Chrome/62.0.3202.94 Safari/537.36"
192.168.1.21 - - [31/Oct/2025:22:36:38 +0200] "POST /ze HTTP/1.1" 500 3287 "https://www.msn.com/" "Mozilla/5.0 (Windows NT 10.0; WOW64) AppleWebKit/537.36 (KHTML, like Gecko) Chrome/58.0.3029.110 Safari/537.36 OPR/45.0.2552.898"
192.168.1.34 - - [31/Oct/2025:22:36:38 +0200] "PUT /kwvi HTTP/1.1" 201 5571 "https://www.google.com/" "Mozilla/5.0 (Windows NT 10.0; Win64; x64; rv:54.0) Gecko/20100101 Firefox/54.0"
192.168.1.38 - - [31/Oct/2025:22:36:38 +0200] "DELETE /fvp HTTP/1.1" 401 1400 "https://www.msn.com/" "Mozilla/5.0 (Windows NT 6.1; WOW64; rv:54.0) Gecko/20100101 Firefox/54.0"
192.168.1.9 - - [31/Oct/2025:22:36:38 +0200] "POST /gsycpcoq HTTP/1.1" 404 849 "https://www.msn.com/" "Mozilla/5.0 (Windows NT 6.1; WOW64; rv:54.0) Gecko/20100101 Firefox/54.0"
2001:db8:0:1:0:0:0:c - - [31/Oct/2025:22:36:38 +0200] "POST /kfgutlqe HTTP/1.1" 404 6719 "https://www.ibm.com/" "Mozilla/5.0 (Windows NT 6.1; WOW64; Trident/7.0; AS; rv:11.0) like Gecko"
192.168.1.34 - - [31/Oct/2025:22:36:38 +0200] "POST /idqglb HTTP/1.1" 204 8476 "https://www.msn.com/" "Mozilla/5.0 (Windows NT 10.0; Win64; x64) AppleWebKit/537.36 (KHTML, like Gecko) Chrome/58.0.3029.110 Safari/537.36"
192.168.1.42 - - [31/Oct/2025:22:36:38 +0200] "POST /livpoiuasv HTTP/1.1" 201 7837 "https://www.ibm.com/" "Mozilla/5.0 (Windows NT 6.1; WOW64; Trident/7.0; AS; rv:11.0) like Gecko"
192.168.1.36 - - [31/Oct/2025:22:36:38 +0200] "PUT /rqftuxluby HTTP/1.1" 400 5856 "https://www.google.com/" "Mozilla/5.0 (Windows NT 10.0; Win64; x64) AppleWebKit/537.36 (KHTML, like Gecko) Chrome/62.0.3202.94 Safari/537.36"
2001:db8:0:1:0:0:0:c - - [31/Oct/2025:22:36:38 +0200] "GET /qupwmiwo HTTP/1.1" 400 6961 "https://www.ibm.com/" "Mozilla/5.0 (Windows NT 10.0; Win64; x64) AppleWebKit/537.36 (KHTML, like Gecko) Chrome/58.0.3029.110 Safari/537.36"
192.168.1.47 - - [31/Oct/2025:22:36:38 +0200] "GET /ca HTTP/1.1" 302 5865 "https://www.example.com/" "Mozilla/5.0 (Windows NT 10.0; Win64; x64) AppleWebKit/537.36 (KHTML, like Gecko) Chrome/58.0.3029.110 Safari/537.36"
2001:db8:0:1:0:0:0:b - - [31/Oct/2025:22:36:38 +0200] "PUT /rjgis HTTP/1.1" 200 3298 "https://www.example.com/" "Mozilla/5.0 (Windows NT 6.1; WOW64; Trident/7.0; AS; rv:11.0) like Gecko"
192.168.1.32 - - [31/Oct/2025:22:36:38 +0200] "GET /dfoocxoxj HTTP/1.1" 301 2878 "https://www.msn.com/" "Mozilla/5.0 (Windows NT 10.0; Win64; x64) AppleWebKit/537.36 (KHTML, like Gecko) Chrome/62.0.3202.94 Safari/537.36"
192.168.1.19 - - [31/Oct/2025:22:36:38 +0200] "PUT /otggh HTTP/1.1" 204 9422 "https://www.msn.com/" "Mozilla/5.0 (Windows NT 6.1; WOW64; rv:54.0) Gecko/20100101 Firefox/54.0"
192.168.1.34 - - [31/Oct/2025:22:36:38 +0200] "DELETE /w HTTP/1.1" 403 5421 "https://www.ibm.com/" "Mozilla/5.0 (Windows NT 6.1; WOW64; Trident/7.0; AS; rv:11.0) like Gecko"
192.168.1.13 - - [31/Oct/2025:22:36:38 +0200] "DELETE /ueebiee HTTP/1.1" 500 761 "https://www.msn.com/" "Mozilla/5.0 (Windows NT 10.0; Win64; x64) AppleWebKit/537.36 (KHTML, like Gecko) Chrome/62.0.3202.94 Safari/537.36"
2001:db8:0:1:0:0:0:4 - - [31/Oct/2025:22:36:38 +0200] "GET /iog HTTP/1.1" 204 7210 "https://www.msn.com/" "Mozilla/5.0 (Windows NT 10.0; Win64; x64) AppleWebKit/537.36 (KHTML, like Gecko) Chrome/62.0.3202.94 Safari/537.36"
192.168.1.19 - - [31/Oct/2025:22:36:38 +0200] "POST /kmhaa HTTP/1.1" 204 7397 "https://www.ibm.com/" "Mozilla/5.0 (Windows NT 10.0; Win64; x64; rv:54.0) Gecko/20100101 Firefox/54.0"
2001:db8:0:1:0:0:0:b - - [31/Oct/2025:22:36:38 +0200] "POST /kgcqzsfwm HTTP/1.1" 404 5520 "https://www.example.com/" "Mozilla/5.0 (Windows NT 10.0; Win64; x64; rv:54.0) Gecko/20100101 Firefox/54.0"
2001:db8:0:1:0:0:0:8 - - [31/Oct/2025:22:36:38 +0200] "DELETE /alud HTTP/1.1" 400 4204 "https://www.ibm.com/" "Mozilla/5.0 (Windows NT 6.1; WOW64; Trident/7.0; AS; rv:11.0) like Gecko"
192.168.1.26 - - [31/Oct/2025:22:36:38 +0200] "DELETE /ufzm HTTP/1.1" 400 9132 "https://www.google.com/" "Mozilla/5.0 (Windows NT 10.0; WOW64) AppleWebKit/537.36 (KHTML, like Gecko) Chrome/58.0.3029.110 Safari/537.36 OPR/45.0.2552.898"
192.168.1.43 - - [31/Oct/2025:22:36:38 +0200] "PUT /iiqidgaxy HTTP/1.1" 204 9632 "https://www.ibm.com/" "Mozilla/5.0 (Windows NT 10.0; WOW64) AppleWebKit/537.36 (KHTML, like Gecko) Chrome/58.0.3029.110 Safari/537.36 OPR/45.0.2552.898"
192.168.1.28 - - [31/Oct/2025:22:36:38 +0200] "GET /hsbjqtfv HTTP/1.1" 204 9826 "https://www.ibm.com/" "Mozilla/5.0 (Windows NT 6.1; WOW64; rv:54.0) Gecko/20100101 Firefox/54.0"
192.168.1.42 - - [31/Oct/2025:22:36:38 +0200] "GET /rqbpwi HTTP/1.1" 400 9320 "https://www.example.com/" "Mozilla/5.0 (Windows NT 10.0; WOW64) AppleWebKit/537.36 (KHTML, like Gecko) Chrome/58.0.3029.110 Safari/537.36 OPR/45.0.2552.898"
192.168.1.38 - - [31/Oct/2025:22:36:38 +0200] "DELETE /ma HTTP/1.1" 403 6891 "https://www.example.com/" "Mozilla/5.0 (Windows NT 10.0; Win64; x64; rv:54.0) Gecko/20100101 Firefox/54.0"
192.168.1.3 - - [31/Oct/2025:22:36:38 +0200] "PUT /yo HTTP/1.1" 302 2405 "https://www.example.com/" "Mozilla/5.0 (Windows NT 10.0; Win64; x64) AppleWebKit/537.36 (KHTML, like Gecko) Chrome/58.0.3029.110 Safari/537.36"
2001:db8:0:1:0:0:0:a - - [31/Oct/2025:22:36:38 +0200] "PUT /ffcxeljuj HTTP/1.1" 500 9070 "https://www.ibm.com/" "Mozilla/5.0 (Windows NT 6.1; WOW64; rv:54.0) Gecko/20100101 Firefox/54.0"
192.168.1.15 - - [31/Oct/2025:22:36:38 +0200] "DELETE /htdbomok HTTP/1.1" 301 2752 "https://www.google.com/" "Mozilla/5.0 (Windows NT 10.0; Win64; x64; rv:54.0) Gecko/20100101 Firefox/54.0"
192.168.1.43 - - [31/Oct/2025:22:36:38 +0200] "POST /lwcjhmm HTTP/1.1" 401 8255 "https://www.ibm.com/" "Mozilla/5.0 (Windows NT 6.1; WOW64; Trident/7.0; AS; rv:11.0) like Gecko"
2001:db8:0:1:0:0:0:8 - - [31/Oct/2025:22:36:38 +0200] "PUT /crarh HTTP/1.1" 500 5619 "https://www.example.com/" "Mozilla/5.0 (Windows NT 6.1; WOW64; Trident/7.0; AS; rv:11.0) like Gecko"
2001:db8:0:1:0:0:0:1 - - [31/Oct/2025:22:36:38 +0200] "DELETE /o HTTP/1.1" 201 532 "https://www.msn.com/" "Mozilla/5.0 (Windows NT 6.1; WOW64; rv:54.0) Gecko/20100101 Firefox/54.0"
192.168.1.24 - - [31/Oct/2025:22:36:38 +0200] "GET /idws HTTP/1.1" 301 4724 "https://www.ibm.com/" "Mozilla/5.0 (Windows NT 10.0; Win64; x64) AppleWebKit/537.36 (KHTML, like Gecko) Chrome/58.0.3029.110 Safari/537.36"
192.168.1.16 - - [31/Oct/2025:22:36:38 +0200] "PUT /dnhn HTTP/1.1" 301 8438 "https://www.google.com/" "Mozilla/5.0 (Windows NT 10.0; Win64; x64; rv:54.0) Gecko/20100101 Firefox/54.0"
192.168.1.2 - - [31/Oct/2025:22:36:38 +0200] "DELETE /lsulv HTTP/1.1" 403 9961 "https://www.msn.com/" "Mozilla/5.0 (Windows NT 10.0; Win64; x64) AppleWebKit/537.36 (KHTML, like Gecko) Chrome/62.0.3202.94 Safari/537.36"
2001:db8:0:1:0:0:0:7 - - [31/Oct/2025:22:36:38 +0200] "GET /ajhuowek HTTP/1.1" 201 6395 "https://www.example.com/" "Mozilla/5.0 (Windows NT 6.1; WOW64; rv:54.0) Gecko/20100101 Firefox/54.0"
192.168.1.30 - - [31/Oct/2025:22:36:38 +0200] "PUT /mgi HTTP/1.1" 302 5525 "https://www.google.com/" "Mozilla/5.0 (Windows NT 6.1; WOW64; Trident/7.0; AS; rv:11.0) like Gecko"
192.168.1.8 - - [31/Oct/2025:22:36:38 +0200] "POST /u HTTP/1.1" 301 4855 "https://www.ibm.com/" "Mozilla/5.0 (Windows NT 10.0; Win64; x64) AppleWebKit/537.36 (KHTML, like Gecko) Chrome/58.0.3029.110 Safari/537.36"
192.168.1.6 - - [31/Oct/2025:22:36:38 +0200] "GET /k HTTP/1.1" 400 9550 "https://www.ibm.com/" "Mozilla/5.0 (Windows NT 10.0; WOW64) AppleWebKit/537.36 (KHTML, like Gecko) Chrome/58.0.3029.110 Safari/537.36 OPR/45.0.2552.898"
192.168.1.39 - - [31/Oct/2025:22:36:38 +0200] "PUT /fuwehwkzjp HTTP/1.1" 404 3840 "https://www.ibm.com/" "Mozilla/5.0 (Windows NT 10.0; Win64; x64; rv:54.0) Gecko/20100101 Firefox/54.0"
192.168.1.39 - - [31/Oct/2025:22:36:38 +0200] "DELETE /g HTTP/1.1" 404 7760 "https://www.google.com/" "Mozilla/5.0 (Windows NT 10.0; Win64; x64) AppleWebKit/537.36 (KHTML, like Gecko) Chrome/58.0.3029.110 Safari/537.36"
2001:db8:0:1:0:0:0:1 - - [31/Oct/2025:22:36:38 +0200] "DELETE /aea HTTP/1.1" 400 6038 "https://www.msn.com/" "Mozilla/5.0 (Windows NT 10.0; WOW64) AppleWebKit/537.36 (KHTML, like Gecko) Chrome/58.0.3029.110 Safari/537.36 OPR/45.0.2552.898"
192.168.1.4 - - [31/Oct/2025:22:36:38 +0200] "PUT /ovl HTTP/1.1" 404 9399 "https://www.google.com/" "Mozilla/5.0 (Windows NT 6.1; WOW64; rv:54.0) Gecko/20100101 Firefox/54.0"
192.168.1.35 - - [31/Oct/2025:22:36:38 +0200] "PUT /uopr HTTP/1.1" 200 2592 "https://www.example.com/" "Mozilla/5.0 (Windows NT 10.0; Win64; x64) AppleWebKit/537.36 (KHTML, like Gecko) Chrome/58.0.3029.110 Safari/537.36"
2001:db8:0:1:0:0:0:4 - - [31/Oct/2025:22:36:38 +0200] "DELETE /vvfs HTTP/1.1" 201 3252 "https://www.example.com/" "Mozilla/5.0 (Windows NT 10.0; Win64; x64; rv:54.0) Gecko/20100101 Firefox/54.0"
192.168.1.9 - - [31/Oct/2025:22:36:38 +0200] "PUT /euwvc HTTP/1.1" 403 7200 "https://www.msn.com/" "Mozilla/5.0 (Windows NT 10.0; Win64; x64) AppleWebKit/537.36 (KHTML, like Gecko) Chrome/58.0.3029.110 Safari/537.36"
192.168.1.32 - - [31/Oct/2025:22:36:38 +0200] "GET /cnwbjloyh HTTP/1.1" 403 1882 "https://www.msn.com/" "Mozilla/5.0 (Windows NT 10.0; WOW64) AppleWebKit/537.36 (KHTML, like Gecko) Chrome/58.0.3029.110 Safari/537.36 OPR/45.0.2552.898"
192.168.1.37 - - [31/Oct/2025:22:36:38 +0200] "PUT /moapkvsovy HTTP/1.1" 400 5815 "https://www.google.com/" "Mozilla/5.0 (Windows NT 10.0; Win64; x64) AppleWebKit/537.36 (KHTML, like Gecko) Chrome/58.0.3029.110 Safari/537.36"
192.168.1.47 - - [31/Oct/2025:22:36:38 +0200] "DELETE /wuu HTTP/1.1" 401 2036 "https://www.ibm.com/" "Mozilla/5.0 (Windows NT 6.1; WOW64; Trident/7.0; AS; rv:11.0) like Gecko"
192.168.1.34 - - [31/Oct/2025:22:36:38 +0200] "PUT /chud HTTP/1.1" 401 5762 "https://www.msn.com/" "Mozilla/5.0 (Windows NT 10.0; Win64; x64) AppleWebKit/537.36 (KHTML, like Gecko) Chrome/62.0.3202.94 Safari/537.36"
192.168.1.21 - - [31/Oct/2025:22:36:38 +0200] "GET /agulskhiig HTTP/1.1" 403 439 "https://www.google.com/" "Mozilla/5.0 (Windows NT 6.1; WOW64; rv:54.0) Gecko/20100101 Firefox/54.0"
2001:db8:0:1:0:0:0:3 - - [31/Oct/2025:22:36:38 +0200] "PUT /gifzhcxcmw HTTP/1.1" 302 6683 "https://www.google.com/" "Mozilla/5.0 (Windows NT 10.0; Win64; x64) AppleWebKit/537.36 (KHTML, like Gecko) Chrome/62.0.3202.94 Safari/537.36"
192.168.1.4 - - [31/Oct/2025:22:36:38 +0200] "DELETE /oyyrvwhkp HTTP/1.1" 302 5500 "https://www.msn.com/" "Mozilla/5.0 (Windows NT 10.0; Win64; x64) AppleWebKit/537.36 (KHTML, like Gecko) Chrome/62.0.3202.94 Safari/537.36"
192.168.1.3 - - [31/Oct/2025:22:36:38 +0200] "POST /nyk HTTP/1.1" 204 1541 "https://www.msn.com/" "Mozilla/5.0 (Windows NT 10.0; Win64; x64) AppleWebKit/537.36 (KHTML, like Gecko) Chrome/58.0.3029.110 Safari/537.36"
192.168.1.37 - - [31/Oct/2025:22:36:38 +0200] "DELETE /qpvu HTTP/1.1" 400 2374 "https://www.google.com/" "Mozilla/5.0 (Windows NT 6.1; WOW64; Trident/7.0; AS; rv:11.0) like Gecko"
192.168.1.18 - - [31/Oct/2025:22:36:38 +0200] "DELETE /mpbclvo HTTP/1.1" 401 6168 "https://www.example.com/" "Mozilla/5.0 (Windows NT 10.0; Win64; x64) AppleWebKit/537.36 (KHTML, like Gecko) Chrome/62.0.3202.94 Safari/537.36"
192.168.1.30 - - [31/Oct/2025:22:36:38 +0200] "POST /aazgkkjii HTTP/1.1" 403 9350 "https://www.google.com/" "Mozilla/5.0 (Windows NT 10.0; Win64; x64) AppleWebKit/537.36 (KHTML, like Gecko) Chrome/62.0.3202.94 Safari/537.36"
192.168.1.7 - - [31/Oct/2025:22:36:38 +0200] "POST /mlkxyqr HTTP/1.1" 404 4446 "https://www.example.com/" "Mozilla/5.0 (Windows NT 10.0; Win64; x64) AppleWebKit/537.36 (KHTML, like Gecko) Chrome/62.0.3202.94 Safari/537.36"
192.168.1.10 - - [31/Oct/2025:22:36:38 +0200] "DELETE /k HTTP/1.1" 201 7925 "https://www.ibm.com/" "Mozilla/5.0 (Windows NT 10.0; Win64; x64) AppleWebKit/537.36 (KHTML, like Gecko) Chrome/62.0.3202.94 Safari/537.36"
192.168.1.26 - - [31/Oct/2025:22:36:38 +0200] "POST /upsyjhn HTTP/1.1" 404 8212 "https://www.ibm.com/" "Mozilla/5.0 (Windows NT 10.0; WOW64) AppleWebKit/537.36 (KHTML, like Gecko) Chrome/58.0.3029.110 Safari/537.36 OPR/45.0.2552.898"
192.168.1.10 - - [31/Oct/2025:22:36:38 +0200] "PUT /cjbphh HTTP/1.1" 302 3093 "https://www.example.com/" "Mozilla/5.0 (Windows NT 6.1; WOW64; rv:54.0) Gecko/20100101 Firefox/54.0"
192.168.1.5 - - [31/Oct/2025:22:36:38 +0200] "DELETE /xx HTTP/1.1" 204 3977 "https://www.example.com/" "Mozilla/5.0 (Windows NT 10.0; Win64; x64) AppleWebKit/537.36 (KHTML, like Gecko) Chrome/62.0.3202.94 Safari/537.36"
2001:db8:0:1:0:0:0:4 - - [31/Oct/2025:22:36:38 +0200] "GET /oaldlqedf HTTP/1.1" 404 9011 "https://www.msn.com/" "Mozilla/5.0 (Windows NT 6.1; WOW64; Trident/7.0; AS; rv:11.0) like Gecko"
192.168.1.40 - - [31/Oct/2025:22:36:38 +0200] "PUT /ealqhqouq HTTP/1.1" 403 5908 "https://www.google.com/" "Mozilla/5.0 (Windows NT 10.0; Win64; x64) AppleWebKit/537.36 (KHTML, like Gecko) Chrome/58.0.3029.110 Safari/537.36"
192.168.1.34 - - [31/Oct/2025:22:36:38 +0200] "PUT /rowt HTTP/1.1" 403 4886 "https://www.msn.com/" "Mozilla/5.0 (Windows NT 10.0; WOW64) AppleWebKit/537.36 (KHTML, like Gecko) Chrome/58.0.3029.110 Safari/537.36 OPR/45.0.2552.898"
192.168.1.28 - - [31/Oct/2025:22:36:38 +0200] "PUT /iwqxj HTTP/1.1" 401 5026 "https://www.example.com/" "Mozilla/5.0 (Windows NT 10.0; Win64; x64) AppleWebKit/537.36 (KHTML, like Gecko) Chrome/62.0.3202.94 Safari/537.36"
192.168.1.10 - - [31/Oct/2025:22:36:38 +0200] "DELETE /uca HTTP/1.1" 404 6822 "https://www.google.com/" "Mozilla/5.0 (Windows NT 10.0; Win64; x64) AppleWebKit/537.36 (KHTML, like Gecko) Chrome/62.0.3202.94 Safari/537.36"
192.168.1.19 - - [31/Oct/2025:22:36:38 +0200] "PUT /hzouflfcbx HTTP/1.1" 200 104 "https://www.msn.com/" "Mozilla/5.0 (Windows NT 10.0; Win64; x64) AppleWebKit/537.36 (KHTML, like Gecko) Chrome/58.0.3029.110 Safari/537.36"
192.168.1.9 - - [31/Oct/2025:22:36:38 +0200] "GET /fifyubfop HTTP/1.1" 403 9543 "https://www.example.com/" "Mozilla/5.0 (Windows NT 10.0; Win64; x64) AppleWebKit/537.36 (KHTML, like Gecko) Chrome/62.0.3202.94 Safari/537.36"
192.168.1.14 - - [31/Oct/2025:22:36:38 +0200] "PUT /pyhqqkuxzy HTTP/1.1" 201 3181 "https://www.google.com/" "Mozilla/5.0 (Windows NT 10.0; Win64; x64) AppleWebKit/537.36 (KHTML, like Gecko) Chrome/62.0.3202.94 Safari/537.36"
2001:db8:0:1:0:0:0:a - - [31/Oct/2025:22:36:38 +0200] "GET /vkrgkvof HTTP/1.1" 301 5534 "https://www.example.com/" "Mozilla/5.0 (Windows NT 10.0; Win64; x64; rv:54.0) Gecko/20100101 Firefox/54.0"
192.168.1.22 - - [31/Oct/2025:22:36:38 +0200] "GET /nvkadarca HTTP/1.1" 302 1195 "https://www.ibm.com/" "Mozilla/5.0 (Windows NT 10.0; Win64; x64) AppleWebKit/537.36 (KHTML, like Gecko) Chrome/58.0.3029.110 Safari/537.36"
192.168.1.27 - - [31/Oct/2025:22:36:38 +0200] "PUT /uprmfmgldz HTTP/1.1" 302 8462 "https://www.google.com/" "Mozilla/5.0 (Windows NT 6.1; WOW64; rv:54.0) Gecko/20100101 Firefox/54.0"
192.168.1.15 - - [31/Oct/2025:22:36:38 +0200] "PUT /k HTTP/1.1" 302 8621 "https://www.msn.com/" "Mozilla/5.0 (Windows NT 10.0; Win64; x64) AppleWebKit/537.36 (KHTML, like Gecko) Chrome/62.0.3202.94 Safari/537.36"
192.168.1.29 - - [31/Oct/2025:22:36:38 +0200] "DELETE /edevxtwba HTTP/1.1" 301 4164 "https://www.msn.com/" "Mozilla/5.0 (Windows NT 6.1; WOW64; rv:54.0) Gecko/20100101 Firefox/54.0"
192.168.1.47 - - [31/Oct/2025:22:36:38 +0200] "PUT /k HTTP/1.1" 404 3228 "https://www.example.com/" "Mozilla/5.0 (Windows NT 6.1; WOW64; Trident/7.0; AS; rv:11.0) like Gecko"
192.168.1.10 - - [31/Oct/2025:22:36:38 +0200] "PUT /kw HTTP/1.1" 204 9192 "https://www.ibm.com/" "Mozilla/5.0 (Windows NT 10.0; Win64; x64) AppleWebKit/537.36 (KHTML, like Gecko) Chrome/62.0.3202.94 Safari/537.36"
192.168.1.43 - - [31/Oct/2025:22:36:38 +0200] "GET /qlvyjf HTTP/1.1" 201 743 "https://www.google.com/" "Mozilla/5.0 (Windows NT 6.1; WOW64; rv:54.0) Gecko/20100101 Firefox/54.0"
192.168.1.40 - - [31/Oct/2025:22:36:38 +0200] "DELETE /qfgrbl HTTP/1.1" 500 7091 "https://www.ibm.com/" "Mozilla/5.0 (Windows NT 10.0; Win64; x64) AppleWebKit/537.36 (KHTML, like Gecko) Chrome/58.0.3029.110 Safari/537.36"
2001:db8:0:1:0:0:0:6 - - [31/Oct/2025:22:36:38 +0200] "POST /xmgb HTTP/1.1" 400 2990 "https://www.example.com/" "Mozilla/5.0 (Windows NT 10.0; WOW64) AppleWebKit/537.36 (KHTML, like Gecko) Chrome/58.0.3029.110 Safari/537.36 OPR/45.0.2552.898"
192.168.1.1 - - [31/Oct/2025:22:36:38 +0200] "GET /k HTTP/1.1" 500 6133 "https://www.google.com/" "Mozilla/5.0 (Windows NT 6.1; WOW64; Trident/7.0; AS; rv:11.0) like Gecko"
192.168.1.27 - - [31/Oct/2025:22:36:38 +0200] "POST /vqxnhqe HTTP/1.1" 301 6833 "https://www.google.com/" "Mozilla/5.0 (Windows NT 6.1; WOW64; Trident/7.0; AS; rv:11.0) like Gecko"
192.168.1.37 - - [31/Oct/2025:22:36:38 +0200] "DELETE /zsa HTTP/1.1" 302 3057 "https://www.google.com/" "Mozilla/5.0 (Windows NT 10.0; Win64; x64) AppleWebKit/537.36 (KHTML, like Gecko) Chrome/58.0.3029.110 Safari/537.36"
2001:db8:0:1:0:0:0:b - - [31/Oct/2025:22:36:38 +0200] "PUT /yadm HTTP/1.1" 301 944 "https://www.example.com/" "Mozilla/5.0 (Windows NT 10.0; Win64; x64) AppleWebKit/537.36 (KHTML, like Gecko) Chrome/58.0.3029.110 Safari/537.36"
192.168.1.29 - - [31/Oct/2025:22:36:38 +0200] "GET /f HTTP/1.1" 404 8388 "https://www.example.com/" "Mozilla/5.0 (Windows NT 10.0; Win64; x64; rv:54.0) Gecko/20100101 Firefox/54.0"
192.168.1.3 - - [31/Oct/2025:22:36:38 +0200] "DELETE /dytit HTTP/1.1" 500 6673 "https://www.ibm.com/" "Mozilla/5.0 (Windows NT 6.1; WOW64; rv:54.0) Gecko/20100101 Firefox/54.0"
2001:db8:0:1:0:0:0:1 - - [31/Oct/2025:22:36:38 +0200] "POST /ewpcaevfck HTTP/1.1" 401 4615 "https://www.google.com/" "Mozilla/5.0 (Windows NT 6.1; WOW64; Trident/7.0; AS; rv:11.0) like Gecko"
192.168.1.40 - - [31/Oct/2025:22:36:38 +0200] "POST /bafpnu HTTP/1.1" 404 737 "https://www.google.com/" "Mozilla/5.0 (Windows NT 6.1; WOW64; rv:54.0) Gecko/20100101 Firefox/54.0"
192.168.1.30 - - [31/Oct/2025:22:36:38 +0200] "GET /iatomok HTTP/1.1" 302 7756 "https://www.example.com/" "Mozilla/5.0 (Windows NT 10.0; Win64; x64) AppleWebKit/537.36 (KHTML, like Gecko) Chrome/58.0.3029.110 Safari/537.36"
192.168.1.27 - - [31/Oct/2025:22:36:38 +0200] "PUT /dv HTTP/1.1" 201 8138 "https://www.ibm.com/" "Mozilla/5.0 (Windows NT 6.1; WOW64; rv:54.0) Gecko/20100101 Firefox/54.0"
192.168.1.50 - - [31/Oct/2025:22:36:38 +0200] "POST /bb HTTP/1.1" 500 5168 "https://www.msn.com/" "Mozilla/5.0 (Windows NT 6.1; WOW64; Trident/7.0; AS; rv:11.0) like Gecko"
192.168.1.46 - - [31/Oct/2025:22:36:38 +0200] "GET /tkn HTTP/1.1" 200 7456 "https://www.msn.com/" "Mozilla/5.0 (Windows NT 10.0; Win64; x64) AppleWebKit/537.36 (KHTML, like Gecko) Chrome/62.0.3202.94 Safari/537.36"
192.168.1.22 - - [31/Oct/2025:22:36:38 +0200] "PUT /kjwcccscun HTTP/1.1" 401 8499 "https://www.ibm.com/" "Mozilla/5.0 (Windows NT 10.0; Win64; x64) AppleWebKit/537.36 (KHTML, like Gecko) Chrome/62.0.3202.94 Safari/537.36"
192.168.1.16 - - [31/Oct/2025:22:36:38 +0200] "POST /zpjqc HTTP/1.1" 401 7634 "https://www.example.com/" "Mozilla/5.0 (Windows NT 6.1; WOW64; Trident/7.0; AS; rv:11.0) like Gecko"
192.168.1.37 - - [31/Oct/2025:22:36:38 +0200] "PUT /f HTTP/1.1" 400 9900 "https://www.ibm.com/" "Mozilla/5.0 (Windows NT 6.1; WOW64; Trident/7.0; AS; rv:11.0) like Gecko"
192.168.1.9 - - [31/Oct/2025:22:36:38 +0200] "POST /ky HTTP/1.1" 302 2239 "https://www.example.com/" "Mozilla/5.0 (Windows NT 10.0; Win64; x64; rv:54.0) Gecko/20100101 Firefox/54.0"
192.168.1.25 - - [31/Oct/2025:22:36:38 +0200] "PUT /jfhgefxnwe HTTP/1.1" 403 5270 "https://www.ibm.com/" "Mozilla/5.0 (Windows NT 6.1; WOW64; rv:54.0) Gecko/20100101 Firefox/54.0"
192.168.1.12 - - [31/Oct/2025:22:36:38 +0200] "PUT /vjasral HTTP/1.1" 201 8370 "https://www.ibm.com/" "Mozilla/5.0 (Windows NT 6.1; WOW64; rv:54.0) Gecko/20100101 Firefox/54.0"
2001:db8:0:1:0:0:0:6 - - [31/Oct/2025:22:36:38 +0200] "POST /rfgyr HTTP/1.1" 204 3269 "https://www.msn.com/" "Mozilla/5.0 (Windows NT 10.0; Win64; x64) AppleWebKit/537.36 (KHTML, like Gecko) Chrome/62.0.3202.94 Safari/537.36"
192.168.1.35 - - [31/Oct/2025:22:36:38 +0200] "DELETE /gmbkfejnmv HTTP/1.1" 201 1407 "https://www.ibm.com/" "Mozilla/5.0 (Windows NT 10.0; WOW64) AppleWebKit/537.36 (KHTML, like Gecko) Chrome/58.0.3029.110 Safari/537.36 OPR/45.0.2552.898"
192.168.1.49 - - [31/Oct/2025:22:36:38 +0200] "POST /zntsjfqm HTTP/1.1" 302 2128 "https://www.google.com/" "Mozilla/5.0 (Windows NT 10.0; Win64; x64; rv:54.0) Gecko/20100101 Firefox/54.0"
192.168.1.6 - - [31/Oct/2025:22:36:38 +0200] "POST /njvfucmpli HTTP/1.1" 500 8723 "https://www.example.com/" "Mozilla/5.0 (Windows NT 6.1; WOW64; Trident/7.0; AS; rv:11.0) like Gecko"
192.168.1.24 - - [31/Oct/2025:22:36:38 +0200] "GET /rnitejl HTTP/1.1" 403 2501 "https://www.google.com/" "Mozilla/5.0 (Windows NT 6.1; WOW64; Trident/7.0; AS; rv:11.0) like Gecko"
192.168.1.38 - - [31/Oct/2025:22:36:38 +0200] "DELETE /ezrpugxc HTTP/1.1" 200 9893 "https://www.google.com/" "Mozilla/5.0 (Windows NT 10.0; Win64; x64) AppleWebKit/537.36 (KHTML, like Gecko) Chrome/62.0.3202.94 Safari/537.36"
192.168.1.42 - - [31/Oct/2025:22:36:38 +0200] "PUT /qo HTTP/1.1" 403 3444 "https://www.ibm.com/" "Mozilla/5.0 (Windows NT 10.0; WOW64) AppleWebKit/537.36 (KHTML, like Gecko) Chrome/58.0.3029.110 Safari/537.36 OPR/45.0.2552.898"
192.168.1.22 - - [31/Oct/2025:22:36:38 +0200] "POST /tmrn HTTP/1.1" 403 2818 "https://www.google.com/" "Mozilla/5.0 (Windows NT 6.1; WOW64; Trident/7.0; AS; rv:11.0) like Gecko"
2001:db8:0:1:0:0:0:2 - - [31/Oct/2025:22:36:38 +0200] "PUT /akvwwaxh HTTP/1.1" 201 1267 "https://www.example.com/" "Mozilla/5.0 (Windows NT 6.1; WOW64; Trident/7.0; AS; rv:11.0) like Gecko"
192.168.1.3 - - [31/Oct/2025:22:36:38 +0200] "GET /ghq HTTP/1.1" 301 8478 "https://www.ibm.com/" "Mozilla/5.0 (Windows NT 10.0; Win64; x64) AppleWebKit/537.36 (KHTML, like Gecko) Chrome/58.0.3029.110 Safari/537.36"
192.168.1.13 - - [31/Oct/2025:22:36:38 +0200] "GET /mkc HTTP/1.1" 401 4293 "https://www.example.com/" "Mozilla/5.0 (Windows NT 10.0; Win64; x64) AppleWebKit/537.36 (KHTML, like Gecko) Chrome/62.0.3202.94 Safari/537.36"
192.168.1.36 - - [31/Oct/2025:22:36:38 +0200] "POST /sisvaret HTTP/1.1" 401 9684 "https://www.msn.com/" "Mozilla/5.0 (Windows NT 10.0; Win64; x64; rv:54.0) Gecko/20100101 Firefox/54.0"
2001:db8:0:1:0:0:0:b - - [31/Oct/2025:22:36:38 +0200] "GET /psyhfznzg HTTP/1.1" 201 4001 "https://www.google.com/" "Mozilla/5.0 (Windows NT 6.1; WOW64; Trident/7.0; AS; rv:11.0) like Gecko"
192.168.1.18 - - [31/Oct/2025:22:36:38 +0200] "POST /ypxsll HTTP/1.1" 404 1680 "https://www.example.com/" "Mozilla/5.0 (Windows NT 6.1; WOW64; Trident/7.0; AS; rv:11.0) like Gecko"
192.168.1.49 - - [31/Oct/2025:22:36:38 +0200] "PUT /hjb HTTP/1.1" 403 5818 "https://www.google.com/" "Mozilla/5.0 (Windows NT 6.1; WOW64; rv:54.0) Gecko/20100101 Firefox/54.0"
192.168.1.26 - - [31/Oct/2025:22:36:38 +0200] "GET /rrorr HTTP/1.1" 404 7427 "https://www.msn.com/" "Mozilla/5.0 (Windows NT 10.0; WOW64) AppleWebKit/537.36 (KHTML, like Gecko) Chrome/58.0.3029.110 Safari/537.36 OPR/45.0.2552.898"
192.168.1.24 - - [31/Oct/2025:22:36:38 +0200] "GET /p HTTP/1.1" 404 9785 "https://www.google.com/" "Mozilla/5.0 (Windows NT 6.1; WOW64; rv:54.0) Gecko/20100101 Firefox/54.0"
192.168.1.5 - - [31/Oct/2025:22:36:38 +0200] "DELETE /hkfiq HTTP/1.1" 401 7168 "https://www.ibm.com/" "Mozilla/5.0 (Windows NT 6.1; WOW64; Trident/7.0; AS; rv:11.0) like Gecko"
192.168.1.20 - - [31/Oct/2025:22:36:38 +0200] "POST /wnec HTTP/1.1" 201 6010 "https://www.msn.com/" "Mozilla/5.0 (Windows NT 6.1; WOW64; Trident/7.0; AS; rv:11.0) like Gecko"
192.168.1.37 - - [31/Oct/2025:22:36:38 +0200] "GET /ogieayk HTTP/1.1" 301 9343 "https://www.google.com/" "Mozilla/5.0 (Windows NT 10.0; Win64; x64) AppleWebKit/537.36 (KHTML, like Gecko) Chrome/58.0.3029.110 Safari/537.36"
192.168.1.28 - - [31/Oct/2025:22:36:38 +0200] "GET /gcgshcpt HTTP/1.1" 302 1076 "https://www.ibm.com/" "Mozilla/5.0 (Windows NT 6.1; WOW64; rv:54.0) Gecko/20100101 Firefox/54.0"
192.168.1.27 - - [31/Oct/2025:22:36:38 +0200] "PUT /deyakvxeaq HTTP/1.1" 404 8721 "https://www.msn.com/" "Mozilla/5.0 (Windows NT 10.0; Win64; x64) AppleWebKit/537.36 (KHTML, like Gecko) Chrome/62.0.3202.94 Safari/537.36"
192.168.1.34 - - [31/Oct/2025:22:36:38 +0200] "POST /wtq HTTP/1.1" 302 2716 "https://www.example.com/" "Mozilla/5.0 (Windows NT 6.1; WOW64; Trident/7.0; AS; rv:11.0) like Gecko"
2001:db8:0:1:0:0:0:1 - - [31/Oct/2025:22:36:38 +0200] "GET /ebsbg HTTP/1.1" 301 5825 "https://www.ibm.com/" "Mozilla/5.0 (Windows NT 10.0; WOW64) AppleWebKit/537.36 (KHTML, like Gecko) Chrome/58.0.3029.110 Safari/537.36 OPR/45.0.2552.898"
192.168.1.18 - - [31/Oct/2025:22:36:38 +0200] "GET /rwtniqyeb HTTP/1.1" 204 3807 "https://www.msn.com/" "Mozilla/5.0 (Windows NT 10.0; Win64; x64) AppleWebKit/537.36 (KHTML, like Gecko) Chrome/58.0.3029.110 Safari/537.36"
192.168.1.20 - - [31/Oct/2025:22:36:38 +0200] "GET /d HTTP/1.1" 403 4525 "https://www.msn.com/" "Mozilla/5.0 (Windows NT 10.0; Win64; x64) AppleWebKit/537.36 (KHTML, like Gecko) Chrome/62.0.3202.94 Safari/537.36"
192.168.1.23 - - [31/Oct/2025:22:36:38 +0200] "GET /lylecvb HTTP/1.1" 302 1781 "https://www.msn.com/" "Mozilla/5.0 (Windows NT 10.0; Win64; x64; rv:54.0) Gecko/20100101 Firefox/54.0"
192.168.1.13 - - [31/Oct/2025:22:36:38 +0200] "POST /jo HTTP/1.1" 204 8695 "https://www.google.com/" "Mozilla/5.0 (Windows NT 10.0; Win64; x64) AppleWebKit/537.36 (KHTML, like Gecko) Chrome/58.0.3029.110 Safari/537.36"
192.168.1.6 - - [31/Oct/2025:22:36:38 +0200] "DELETE /wrifsvloy HTTP/1.1" 200 7584 "https://www.google.com/" "Mozilla/5.0 (Windows NT 10.0; WOW64) AppleWebKit/537.36 (KHTML, like Gecko) Chrome/58.0.3029.110 Safari/537.36 OPR/45.0.2552.898"
192.168.1.18 - - [31/Oct/2025:22:36:38 +0200] "GET /wf HTTP/1.1" 401 908 "https://www.msn.com/" "Mozilla/5.0 (Windows NT 10.0; Win64; x64) AppleWebKit/537.36 (KHTML, like Gecko) Chrome/62.0.3202.94 Safari/537.36"
192.168.1.8 - - [31/Oct/2025:22:36:38 +0200] "PUT /gmexcgozzs HTTP/1.1" 201 1517 "https://www.example.com/" "Mozilla/5.0 (Windows NT 6.1; WOW64; Trident/7.0; AS; rv:11.0) like Gecko"
192.168.1.50 - - [31/Oct/2025:22:36:38 +0200] "PUT /x HTTP/1.1" 500 9379 "https://www.example.com/" "Mozilla/5.0 (Windows NT 10.0; Win64; x64; rv:54.0) Gecko/20100101 Firefox/54.0"
192.168.1.28 - - [31/Oct/2025:22:36:38 +0200] "GET /mrhbwpn HTTP/1.1" 201 1888 "https://www.ibm.com/" "Mozilla/5.0 (Windows NT 10.0; WOW64) AppleWebKit/537.36 (KHTML, like Gecko) Chrome/58.0.3029.110 Safari/537.36 OPR/45.0.2552.898"
192.168.1.39 - - [31/Oct/2025:22:36:38 +0200] "DELETE /ng HTTP/1.1" 400 5654 "https://www.ibm.com/" "Mozilla/5.0 (Windows NT 6.1; WOW64; Trident/7.0; AS; rv:11.0) like Gecko"
192.168.1.23 - - [31/Oct/2025:22:36:38 +0200] "DELETE /jysusdk HTTP/1.1" 400 5729 "https://www.example.com/" "Mozilla/5.0 (Windows NT 10.0; WOW64) AppleWebKit/537.36 (KHTML, like Gecko) Chrome/58.0.3029.110 Safari/537.36 OPR/45.0.2552.898"
2001:db8:0:1:0:0:0:3 - - [31/Oct/2025:22:36:38 +0200] "DELETE /uny HTTP/1.1" 204 2922 "https://www.ibm.com/" "Mozilla/5.0 (Windows NT 10.0; Win64; x64) AppleWebKit/537.36 (KHTML, like Gecko) Chrome/62.0.3202.94 Safari/537.36"
192.168.1.22 - - [31/Oct/2025:22:36:38 +0200] "GET /wi HTTP/1.1" 404 7988 "https://www.example.com/" "Mozilla/5.0 (Windows NT 10.0; Win64; x64; rv:54.0) Gecko/20100101 Firefox/54.0"
2001:db8:0:1:0:0:0:4 - - [31/Oct/2025:22:36:38 +0200] "GET /opv HTTP/1.1" 302 4421 "https://www.example.com/" "Mozilla/5.0 (Windows NT 10.0; Win64; x64) AppleWebKit/537.36 (KHTML, like Gecko) Chrome/58.0.3029.110 Safari/537.36"
192.168.1.39 - - [31/Oct/2025:22:36:38 +0200] "PUT /hagmiu HTTP/1.1" 400 2228 "https://www.example.com/" "Mozilla/5.0 (Windows NT 10.0; Win64; x64) AppleWebKit/537.36 (KHTML, like Gecko) Chrome/62.0.3202.94 Safari/537.36"
192.168.1.25 - - [31/Oct/2025:22:36:38 +0200] "GET /wzsz HTTP/1.1" 404 3179 "https://www.msn.com/" "Mozilla/5.0 (Windows NT 6.1; WOW64; rv:54.0) Gecko/20100101 Firefox/54.0"
2001:db8:0:1:0:0:0:b - - [31/Oct/2025:22:36:38 +0200] "PUT /soenx HTTP/1.1" 302 505 "https://www.google.com/" "Mozilla/5.0 (Windows NT 6.1; WOW64; Trident/7.0; AS; rv:11.0) like Gecko"
192.168.1.46 - - [31/Oct/2025:22:36:38 +0200] "PUT /ijd HTTP/1.1" 404 1148 "https://www.msn.com/" "Mozilla/5.0 (Windows NT 6.1; WOW64; rv:54.0) Gecko/20100101 Firefox/54.0"
192.168.1.33 - - [31/Oct/2025:22:36:38 +0200] "GET /ilokoe HTTP/1.1" 404 7061 "https://www.example.com/" "Mozilla/5.0 (Windows NT 10.0; Win64; x64) AppleWebKit/537.36 (KHTML, like Gecko) Chrome/58.0.3029.110 Safari/537.36"
2001:db8:0:1:0:0:0:2 - - [31/Oct/2025:22:36:38 +0200] "DELETE /spzdekkcv HTTP/1.1" 404 8889 "https://www.example.com/" "Mozilla/5.0 (Windows NT 10.0; Win64; x64) AppleWebKit/537.36 (KHTML, like Gecko) Chrome/58.0.3029.110 Safari/537.36"
192.168.1.36 - - [31/Oct/2025:22:36:38 +0200] "PUT /m HTTP/1.1" 302 1141 "https://www.ibm.com/" "Mozilla/5.0 (Windows NT 10.0; Win64; x64; rv:54.0) Gecko/20100101 Firefox/54.0"
192.168.1.6 - - [31/Oct/2025:22:36:38 +0200] "GET /kgclhgxac HTTP/1.1" 500 3807 "https://www.ibm.com/" "Mozilla/5.0 (Windows NT 10.0; Win64; x64) AppleWebKit/537.36 (KHTML, like Gecko) Chrome/58.0.3029.110 Safari/537.36"
192.168.1.44 - - [31/Oct/2025:22:36:38 +0200] "PUT /jvndsooiyt HTTP/1.1" 200 9578 "https://www.example.com/" "Mozilla/5.0 (Windows NT 6.1; WOW64; rv:54.0) Gecko/20100101 Firefox/54.0"
2001:db8:0:1:0:0:0:a - - [31/Oct/2025:22:36:38 +0200] "PUT /zd HTTP/1.1" 201 8672 "https://www.ibm.com/" "Mozilla/5.0 (Windows NT 6.1; WOW64; Trident/7.0; AS; rv:11.0) like Gecko"
192.168.1.20 - - [31/Oct/2025:22:36:38 +0200] "GET /y HTTP/1.1" 500 3663 "https://www.ibm.com/" "Mozilla/5.0 (Windows NT 10.0; Win64; x64; rv:54.0) Gecko/20100101 Firefox/54.0"
2001:db8:0:1:0:0:0:3 - - [31/Oct/2025:22:36:38 +0200] "PUT /qwsoergzx HTTP/1.1" 404 8777 "https://www.google.com/" "Mozilla/5.0 (Windows NT 6.1; WOW64; Trident/7.0; AS; rv:11.0) like Gecko"
2001:db8:0:1:0:0:0:c - - [31/Oct/2025:22:36:38 +0200] "GET /qxuo HTTP/1.1" 302 8178 "https://www.msn.com/" "Mozilla/5.0 (Windows NT 10.0; Win64; x64) AppleWebKit/537.36 (KHTML, like Gecko) Chrome/58.0.3029.110 Safari/537.36"
192.168.1.33 - - [31/Oct/2025:22:36:38 +0200] "PUT /xkocbndw HTTP/1.1" 302 8124 "https://www.ibm.com/" "Mozilla/5.0 (Windows NT 10.0; Win64; x64; rv:54.0) Gecko/20100101 Firefox/54.0"
2001:db8:0:1:0:0:0:e - - [31/Oct/2025:22:36:38 +0200] "PUT /ryghx HTTP/1.1" 201 6618 "https://www.ibm.com/" "Mozilla/5.0 (Windows NT 10.0; Win64; x64) AppleWebKit/537.36 (KHTML, like Gecko) Chrome/62.0.3202.94 Safari/537.36"
2001:db8:0:1:0:0:0:2 - - [31/Oct/2025:22:36:38 +0200] "DELETE /ve HTTP/1.1" 500 9370 "https://www.google.com/" "Mozilla/5.0 (Windows NT 10.0; WOW64) AppleWebKit/537.36 (KHTML, like Gecko) Chrome/58.0.3029.110 Safari/537.36 OPR/45.0.2552.898"
2001:db8:0:1:0:0:0:4 - - [31/Oct/2025:22:36:38 +0200] "DELETE /oka HTTP/1.1" 302 2192 "https://www.google.com/" "Mozilla/5.0 (Windows NT 10.0; Win64; x64) AppleWebKit/537.36 (KHTML, like Gecko) Chrome/58.0.3029.110 Safari/537.36"
192.168.1.2 - - [31/Oct/2025:22:36:38 +0200] "DELETE /suiyxnloj HTTP/1.1" 500 4156 "https://www.ibm.com/" "Mozilla/5.0 (Windows NT 6.1; WOW64; rv:54.0) Gecko/20100101 Firefox/54.0"
192.168.1.40 - - [31/Oct/2025:22:36:38 +0200] "PUT /midxujpfh HTTP/1.1" 204 7490 "https://www.ibm.com/" "Mozilla/5.0 (Windows NT 10.0; Win64; x64; rv:54.0) Gecko/20100101 Firefox/54.0"
2001:db8:0:1:0:0:0:1 - - [31/Oct/2025:22:36:38 +0200] "GET /gnzrqp HTTP/1.1" 401 2383 "https://www.google.com/" "Mozilla/5.0 (Windows NT 10.0; WOW64) AppleWebKit/537.36 (KHTML, like Gecko) Chrome/58.0.3029.110 Safari/537.36 OPR/45.0.2552.898"
192.168.1.27 - - [31/Oct/2025:22:36:38 +0200] "PUT /exupjbzsu HTTP/1.1" 500 7698 "https://www.ibm.com/" "Mozilla/5.0 (Windows NT 6.1; WOW64; rv:54.0) Gecko/20100101 Firefox/54.0"
192.168.1.15 - - [31/Oct/2025:22:36:38 +0200] "DELETE /iaf HTTP/1.1" 500 9955 "https://www.google.com/" "Mozilla/5.0 (Windows NT 10.0; Win64; x64; rv:54.0) Gecko/20100101 Firefox/54.0"
192.168.1.22 - - [31/Oct/2025:22:36:38 +0200] "PUT /sqrbcrx HTTP/1.1" 401 3357 "https://www.msn.com/" "Mozilla/5.0 (Windows NT 6.1; WOW64; rv:54.0) Gecko/20100101 Firefox/54.0"
192.168.1.13 - - [31/Oct/2025:22:36:38 +0200] "DELETE /r HTTP/1.1" 500 6845 "https://www.google.com/" "Mozilla/5.0 (Windows NT 6.1; WOW64; Trident/7.0; AS; rv:11.0) like Gecko"
192.168.1.17 - - [31/Oct/2025:22:36:38 +0200] "GET /tde HTTP/1.1" 200 3481 "https://www.msn.com/" "Mozilla/5.0 (Windows NT 6.1; WOW64; Trident/7.0; AS; rv:11.0) like Gecko"
192.168.1.12 - - [31/Oct/2025:22:36:38 +0200] "PUT /ausleqt HTTP/1.1" 400 6337 "https://www.ibm.com/" "Mozilla/5.0 (Windows NT 10.0; Win64; x64) AppleWebKit/537.36 (KHTML, like Gecko) Chrome/58.0.3029.110 Safari/537.36"
192.168.1.5 - - [31/Oct/2025:22:36:38 +0200] "GET /ydbxqgm HTTP/1.1" 404 7930 "https://www.msn.com/" "Mozilla/5.0 (Windows NT 6.1; WOW64; Trident/7.0; AS; rv:11.0) like Gecko"
192.168.1.45 - - [31/Oct/2025:22:36:38 +0200] "GET /ldsvoqcacp HTTP/1.1" 301 2469 "https://www.msn.com/" "Mozilla/5.0 (Windows NT 10.0; Win64; x64) AppleWebKit/537.36 (KHTML, like Gecko) Chrome/58.0.3029.110 Safari/537.36"
192.168.1.43 - - [31/Oct/2025:22:36:38 +0200] "GET /cjg HTTP/1.1" 403 9271 "https://www.ibm.com/" "Mozilla/5.0 (Windows NT 10.0; Win64; x64) AppleWebKit/537.36 (KHTML, like Gecko) Chrome/58.0.3029.110 Safari/537.36"
192.168.1.34 - - [31/Oct/2025:22:36:38 +0200] "GET /fdpryjbqa HTTP/1.1" 403 1289 "https://www.ibm.com/" "Mozilla/5.0 (Windows NT 10.0; Win64; x64) AppleWebKit/537.36 (KHTML, like Gecko) Chrome/58.0.3029.110 Safari/537.36"
192.168.1.31 - - [31/Oct/2025:22:36:38 +0200] "PUT /qewdcb HTTP/1.1" 200 118 "https://www.example.com/" "Mozilla/5.0 (Windows NT 6.1; WOW64; Trident/7.0; AS; rv:11.0) like Gecko"
