192.168.1.50 - - [31/Oct/2025:22:36:38 +0200] "PUT /fh HTTP/1.1" 201 7166 "https://www.example.com/" "Mozilla/5.0 (Windows NT 10.0; Win64; x64) AppleWebKit/537.36 (KHTML, like Gecko) Chrome/58.0.3029.110 Safari/537.36"
192.168.1.36 - - [31/Oct/2025:22:36:38 +0200] "PUT /dkepo HTTP/1.1" 403 714 "https://www.msn.com/" "Mozilla/5.0 (Windows NT 10.0; Win64; x64) AppleWebKit/537.36 (KHTML, like Gecko) Chrome/58.0.3029.110 Safari/537.36"
192.168.1.9 - - [31/Oct/2025:22:36:38 +0200] "POST /b HTTP/1.1" 302 2856 "https://www.msn.com/" "Mozilla/5.0 (Windows NT 10.0; WOW64) AppleWebKit/537.36 (KHTML, like Gecko) Chrome/58.0.3029.110 Safari/537.36 OPR/45.0.2552.898"
192.168.1.49 - - [31/Oct/2025:22:36:38 +0200] "POST /bkbsgsokxn HTTP/1.1" 404 177 "https://www.example.com/" "Mozilla/5.0 (Windows NT 10.0; Win64; x64) AppleWebKit/537.36 (KHTML, like Gecko) Chrome/58.0.3029.110 Safari/537.36"
192.168.1.26 - - [31/Oct/2025:22:36:38 +0200] "PUT /nmpqx HTTP/1.1" 204 3175 "https://www.ibm.com/" "Mozilla/5.0 (Windows NT 10.0; Win64; x64) AppleWebKit/537.36 (KHTML, like Gecko) Chrome/58.0.3029.110 Safari/537.36"
192.168.1.28 - - [31/Oct/2025:22:36:38 +0200] "POST /skvjbgz HTTP/1.1" 301 3936 "https://www.ibm.com/" "Mozilla/5.0 (Windows NT 10.0; WOW64) AppleWebKit/537.36 (KHTML, like Gecko) Chrome/58.0.3029.110 Safari/537.36 OPR/45.0.2552.898"
2001:db8:0:1:0:0:0:3 - - [31/Oct/2025:22:36:38 +0200] "POST /mceqsl HTTP/1.1" 400 3349 "https://www.msn.com/" "Mozilla/5.0 (Windows NT 6.1; WOW64; rv:54.0) Gecko/20100101 Firefox/54.0"
192.168.1.38 - - [31/Oct/2025:22:36:38 +0200] "POST /in HTTP/1.1" 403 585 "https://www.msn.com/" "Mozilla/5.0 (Windows NT 10.0; Win64; x64; rv:54.0) Gecko/20100101 Firefox/54.0"
192.168.1.9 - - [31/Oct/2025:22:36:38 +0200] "DELETE /dplb HTTP/1.1" 200 2375 "https://www.google.com/" "Mozilla/5.0 (Windows NT 10.0; Win64; x64) AppleWebKit/537.36 (KHTML, like Gecko) Chrome/62.0.3202.94 Safari/537.36"
2001:db8:0:1:0:0:0:5 - - [31/Oct/2025:22:36:38 +0200] "DELETE /ftfewugvn HTTP/1.1" 201 5573 "https://www.google.com/" "Mozilla/5.0 (Windows NT 10.0; Win64; x64) AppleWebKit/537.36 (KHTML, like Gecko) Chrome/58.0.3029.110 Safari/537.36"
192.168.1.24 - - [31/Oct/2025:22:36:38 +0200] "GET /hhg HTTP/1.1" 301 2631 "https://www.example.com/" "Mozilla/5.0 (Windows NT 6.1; WOW64; rv:54.0) Gecko/20100101 Firefox/54.0"
192.168.1.37 - - [31/Oct/2025:22:36:38 +0200] "PUT /dhzwxx HTTP/1.1" 500 5893 "https://www.google.com/" "Mozilla/5.0 (Windows NT 6.1; WOW64; Trident/7.0; AS; rv:11.0) like Gecko"
192.168.1.3 - - [31/Oct/2025:22:36:38 +0200] "PUT /vizsxzjass HTTP/1.1" 401 4590 "https://www.google.com/" "Mozilla/5.0 (Windows NT 6.1; WOW64; Trident/7.0; AS; rv:11.0) like Gecko"
192.168.1.40 - - [31/Oct/2025:22:36:38 +0200] "POST /xwdga HTTP/1.1" 200 1306 "https://www.msn.com/" "Mozilla/5.0 (Windows NT 6.1; WOW64; Trident/7.0; AS; rv:11.0) like Gecko"
192.168.1.24 - - [31/Oct/2025:22:36:38 +0200] "DELETE /jhbnusb HTTP/1.1" 500 7761 "https://www.ibm.com/" "Mozilla/5.0 (Windows NT 10.0; Win64; x64; rv:54.0) Gecko/20100101 Firefox/54.0"
2001:db8:0:1:0:0:0:4 - - [31/Oct/2025:22:36:38 +0200] "GET /tbcbke HTTP/1.1" 400 3517 "https://www.example.com/" "Mozilla/5.0 (Windows NT 10.0; Win64; x64) AppleWebKit/537.36 (KHTML, like Gecko) Chrome/58.0.3029.110 Safari/537.36"
192.168.1.32 - - [31/Oct/2025:22:36:38 +0200] "GET /zvljsjcgze HTTP/1.1" 403 1079 "https://www.msn.com/" "Mozilla/5.0 (Windows NT 6.1; WOW64; rv:54.0) Gecko/20100101 Firefox/54.0"
192.168.1.26 - - [31/Oct/2025:22:36:38 +0200] "DELETE /piyysxr HTTP/1.1" 404 9405 "https://www.msn.com/" "Mozilla/5.0 (Windows NT 6.1; WOW64; Trident/7.0; AS; rv:11.0) like Gecko"
192.168.1.12 - - [31/Oct/2025:22:36:38 +0200] "GET /j HTTP/1.1" 404 3532 "https://www.ibm.com/" "Mozilla/5.0 (Windows NT 10.0; Win64; x64) AppleWebKit/537.36 (KHTML, like Gecko) Chrome/62.0.3202.94 Safari/537.36"
192.168.1.22 - - [31/Oct/2025:22:36:38 +0200] "DELETE /llsh HTTP/1.1" 200 1217 "https://www.ibm.com/" "Mozilla/5.0 (Windows NT 10.0; Win64; x64) AppleWebKit/537.36 (KHTML, like Gecko) Chrome/62.0.3202.94 Safari/537.36"
2001:db8:0:1:0:0:0:7 - - [31/Oct/2025:22:36:38 +0200] "POST /wtltmklse HTTP/1.1" 201 1701 "https://www.example.com/" "Mozilla/5.0 (Windows NT 10.0; Win64; x64) AppleWebKit/537.36 (KHTML, like Gecko) Chrome/58.0.3029.110 Safari/537.36"
192.168.1.3 - - [31/Oct/2025:22:36:38 +0200] "GET /lxhnsdjqnj HTTP/1.1" 204 6058 "https://www.ibm.com/" "Mozilla/5.0 (Windows NT 10.0; Win64; x64) AppleWebKit/537.36 (KHTML, like Gecko) Chrome/62.0.3202.94 Safari/537.36"
192.168.1.38 - - [31/Oct/2025:22:36:38 +0200] "GET /biesziv HTTP/1.1" 301 4455 "https://www.example.com/" "Mozilla/5.0 (Windows NT 6.1; WOW64; Trident/7.0; AS; rv:11.0) like Gecko"
2001:db8:0:1:0:0:0:9 - - [31/Oct/2025:22:36:38 +0200] "DELETE /p HTTP/1.1" 400 7108 "https://www.google.com/" "Mozilla/5.0 (Windows NT 10.0; WOW64) AppleWebKit/537.36 (KHTML, like Gecko) Chrome/58.0.3029.110 Safari/537.36 OPR/45.0.2552.898"
192.168.1.1 - - [31/Oct/2025:22:36:38 +0200] "POST /y HTTP/1.1" 301 1299 "https://www.msn.com/" "Mozilla/5.0 (Windows NT 6.1; WOW64; Trident/7.0; AS; rv:11.0) like Gecko"
192.168.1.29 - - [31/Oct/2025:22:36:38 +0200] "POST /a HTTP/1.1" 500 9653 "https://www.ibm.com/" "Mozilla/5.0 (Windows NT 6.1; WOW64; rv:54.0) Gecko/20100101 Firefox/54.0"
2001:db8:0:1:0:0:0:2 - - [31/Oct/2025:22:36:38 +0200] "GET /fcnpkp HTTP/1.1" 404 4105 "https://www.google.com/" "Mozilla/5.0 (Windows NT 10.0; Win64; x64) AppleWebKit/537.36 (KHTML, like Gecko) Chrome/62.0.3202.94 Safari/537.36"
192.168.1.4 - - [31/Oct/2025:22:36:38 +0200] "GET /ckqgqysg HTTP/1.1" 500 6251 "https://www.google.com/" "Mozilla/5.0 (Windows NT 10.0; Win64; x64) AppleWebKit/537.36 (KHTML, like Gecko) Chrome/58.0.3029.110 Safari/537.36"
192.168.1.27 - - [31/Oct/2025:22:36:38 +0200] "POST /jfkoqvqo HTTP/1.1" 201 9749 "https://www.msn.com/" "Mozilla/5.0 (Windows NT 10.0; Win64; x64; rv:54.0) Gecko/20100101 Firefox/54.0"
192.168.1.49 - - [31/Oct/2025:22:36:38 +0200] "GET /xf HTTP/1.1" 204 4654 "https://www.msn.com/" "Mozilla/5.0 (Windows NT 10.0; Win64; x64) AppleWebKit/537.36 (KHTML, like Gecko) Chrome/58.0.3029.110 Safari/537.36"
192.168.1.16 - - [31/Oct/2025:22:36:38 +0200] "PUT /j HTTP/1.1" 404 6421 "https://www.google.com/" "Mozilla/5.0 (Windows NT 6.1; WOW64; rv:54.0) Gecko/20100101 Firefox/54.0"
192.168.1.31 - - [31/Oct/2025:22:36:38 +0200] "PUT /hzxkwhque HTTP/1.1" 201 2315 "https://www.google.com/" "Mozilla/5.0 (Windows NT 6.1; WOW64; Trident/7.0; AS; rv:11.0) like Gecko"
192.168.1.30 - - [31/Oct/2025:22:36:38 +0200] "DELETE /dxvot HTTP/1.1" 204 1970 "https://www.msn.com/" "Mozilla/5.0 (Windows NT 10.0; WOW64) AppleWebKit/537.36 (KHTML, like Gecko) Chrome/58.0.3029.110 Safari/537.36 OPR/45.0.2552.898"
2001:db8:0:1:0:0:0:5 - - [31/Oct/2025:22:36:38 +0200] "DELETE /vejqcp HTTP/1.1" 201 5170 "https://www.msn.com/" "Mozilla/5.0 (Windows NT 6.1; WOW64; Trident/7.0; AS; rv:11.0) like Gecko"
2001:db8:0:1:0:0:0:a - - [31/Oct/2025:22:36:38 +0200] "GET /wimvds HTTP/1.1" 302 6238 "https://www.google.com/" "Mozilla/5.0 (Windows NT 10.0; WOW64) AppleWebKit/537.36 (KHTML, like Gecko) Chrome/58.0.3029.110 Safari/537.36 OPR/45.0.2552.898"
192.168.1.21 - - [31/Oct/2025:22:36:38 +0200] "PUT /hfyvqzcdv HTTP/1.1" 403 9092 "https://www.ibm.com/" "Mozilla/5.0 (Windows NT 10.0; Win64; x64) AppleWebKit/537.36 (KHTML, like Gecko) Chrome/62.0.3202.94 Safari/537.36"
192.168.1.46 - - [31/Oct/2025:22:36:38 +0200] "DELETE /xicqb HTTP/1.1" 302 6576 "https://www.google.com/" "Mozilla/5.0 (Windows NT 10.0; Win64; x64; rv:54.0) Gecko/20100101 Firefox/54.0"
2001:db8:0:1:0:0:0:a - - [31/Oct/2025:22:36:38 +0200] "POST /pwc HTTP/1.1" 500 8029 "https://www.ibm.com/" "Mozilla/5.0 (Windows NT 10.0; WOW64) AppleWebKit/537.36 (KHTML, like Gecko) Chrome/58.0.3029.110 Safari/537.36 OPR/45.0.2552.898"
192.168.1.40 - - [31/Oct/2025:22:36:38 +0200] "DELETE /ojqugulp HTTP/1.1" 301 963 "https://www.ibm.com/" "Mozilla/5.0 (Windows NT 10.0; Win64; x64) AppleWebKit/537.36 (KHTML, like Gecko) Chrome/58.0.3029.110 Safari/537.36"
192.168.1.14 - - [31/Oct/2025:22:36:38 +0200] "PUT /ltkxr HTTP/1.1" 403 2148 "https://www.msn.com/" "Mozilla/5.0 (Windows NT 6.1; WOW64; Trident/7.0; AS; rv:11.0) like Gecko"
192.168.1.43 - - [31/Oct/2025:22:36:38 +0200] "GET /dgdm HTTP/1.1" 201 3620 "https://www.google.com/" "Mozilla/5.0 (Windows NT 10.0; WOW64) AppleWebKit/537.36 (KHTML, like Gecko) Chrome/58.0.3029.110 Safari/537.36 OPR/45.0.2552.898"
192.168.1.21 - - [31/Oct/2025:22:36:38 +0200] "DELETE /ivhltxk HTTP/1.1" 404 6995 "https://www.example.com/" "Mozilla/5.0 (Windows NT 10.0; Win64; x64) AppleWebKit/537.36 (KHTML, like Gecko) Chrome/58.0.3029.110 Safari/537.36"
192.168.1.49 - - [31/Oct/2025:22:36:38 +0200] "GET /kzdlheowpu HTTP/1.1" 302 5271 "https://www.google.com/" "Mozilla/5.0 (Windows NT 6.1; WOW64; rv:54.0) Gecko/20100101 Firefox/54.0"
2001:db8:0:1:0:0:0:6 - - [31/Oct/2025:22:36:38 +0200] "POST /gibx HTTP/1.1" 400 4599 "https://www.example.com/" "Mozilla/5.0 (Windows NT 10.0; Win64; x64) AppleWebKit/537.36 (KHTML, like Gecko) Chrome/62.0.3202.94 Safari/537.36"
192.168.1.12 - - [31/Oct/2025:22:36:38 +0200] "POST /hoehj HTTP/1.1" 200 804 "https://www.google.com/" "Mozilla/5.0 (Windows NT 10.0; Win64; x64) AppleWebKit/537.36 (KHTML, like Gecko) Chrome/58.0.3029.110 Safari/537.36"
192.168.1.14 - - [31/Oct/2025:22:36:38 +0200] "PUT /rloudcx HTTP/1.1" 403 6591 "https://www.google.com/" "Mozilla/5.0 (Windows NT 10.0; Win64; x64) AppleWebKit/537.36 (KHTML, like Gecko) Chrome/62.0.3202.94 Safari/537.36"
192.168.1.45 - - [31/Oct/2025:22:36:38 +0200] "POST /lwsojj HTTP/1.1" 200 5115 "https://www.ibm.com/" "Mozilla/5.0 (Windows NT 10.0; Win64; x64) AppleWebKit/537.36 (KHTML, like Gecko) Chrome/62.0.3202.94 Safari/537.36"
192.168.1.33 - - [31/Oct/2025:22:36:38 +0200] "GET /udeq HTTP/1.1" 302 7667 "https://www.msn.com/" "Mozilla/5.0 (Windows NT 10.0; Win64; x64; rv:54.0) Gecko/20100101 Firefox/54.0"
192.168.1.17 - - [31/Oct/2025:22:36:38 +0200] "POST /hnwxbq HTTP/1.1" 403 3964 "https://www.ibm.com/" "Mozilla/5.0 (Windows NT 10.0; Win64; x64; rv:54.0) Gecko/20100101 Firefox/54.0"
192.168.1.13 - - [31/Oct/2025:22:36:38 +0200] "GET /b HTTP/1.1" 500 2611 "https://www.ibm.com/" "Mozilla/5.0 (Windows NT 10.0; WOW64) AppleWebKit/537.36 (KHTML, like Gecko) Chrome/58.0.3029.110 Safari/537.36 OPR/45.0.2552.898"
2001:db8:0:1:0:0:0:b - - [31/Oct/2025:22:36:38 +0200] "DELETE /hndm HTTP/1.1" 400 8499 "https://www.ibm.com/" "Mozilla/5.0 (Windows NT 10.0; WOW64) AppleWebKit/537.36 (KHTML, like Gecko) Chrome/58.0.3029.110 Safari/537.36 OPR/45.0.2552.898"
192.168.1.43 - - [31/Oct/2025:22:36:38 +0200] "DELETE /pzi HTTP/1.1" 200 4389 "https://www.ibm.com/" "Mozilla/5.0 (Windows NT 10.0; Win64; x64) AppleWebKit/537.36 (KHTML, like Gecko) Chrome/62.0.3202.94 Safari/537.36"
192.168.1.21 - - [31/Oct/2025:22:36:38 +0200] "PUT /crgpywlw HTTP/1.1" 200 8736 "https://www.msn.com/" "Mozilla/5.0 (Windows NT 10.0; Win64; x64) AppleWebKit/537.36 (KHTML, like Gecko) Chrome/58.0.3029.110 Safari/537.36"
2001:db8:0:1:0:0:0:d - - [31/Oct/2025:22:36:38 +0200] "PUT /trfdkm HTTP/1.1" 404 3702 "https://www.msn.com/" "Mozilla/5.0 (Windows NT 6.1; WOW64; rv:54.0) Gecko/20100101 Firefox/54.0"
192.168.1.32 - - [31/Oct/2025:22:36:38 +0200] "POST /xxbitbiom HTTP/1.1" 201 5996 "https://www.google.com/" "Mozilla/5.0 (Windows NT 10.0; Win64; x64) AppleWebKit/537.36 (KHTML, like Gecko) Chrome/62.0.3202.94 Safari/537.36"
192.168.1.13 - - [31/Oct/2025:22:36:38 +0200] "POST /zpggmfc HTTP/1.1" 201 5704 "https://www.ibm.com/" "Mozilla/5.0 (Windows NT 10.0; Win64; x64; rv:54.0) Gecko/20100101 Firefox/54.0"
2001:db8:0:1:0:0:0:d - - [31/Oct/2025:22:36:38 +0200] "PUT /ojeisuw HTTP/1.1" 401 8666 "https://www.google.com/" "Mozilla/5.0 (Windows NT 10.0; Win64; x64; rv:54.0) Gecko/20100101 Firefox/54.0"
2001:db8:0:1:0:0:0:1 - - [31/Oct/2025:22:36:38 +0200] "GET /tf HTTP/1.1" 400 329 "https://www.ibm.com/" "Mozilla/5.0 (Windows NT 6.1; WOW64; Trident/7.0; AS; rv:11.0) like Gecko"
192.168.1.7 - - [31/Oct/2025:22:36:38 +0200] "GET /auizp HTTP/1.1" 200 8811 "https://www.example.com/" "Mozilla/5.0 (Windows NT 6.1; WOW64; rv:54.0) Gecko/20100101 Firefox/54.0"
192.168.1.48 - - [31/Oct/2025:22:36:38 +0200] "DELETE /vcwzhyndfo HTTP/1.1" 404 9716 "https://www.example.com/" "Mozilla/5.0 (Windows NT 6.1; WOW64; rv:54.0) Gecko/20100101 Firefox/54.0"
2001:db8:0:1:0:0:0:5 - - [31/Oct/2025:22:36:38 +0200] "PUT /nbsxk HTTP/1.1" 404 1002 "https://www.msn.com/" "Mozilla/5.0 (Windows NT 10.0; Win64; x64) AppleWebKit/537.36 (KHTML, like Gecko) Chrome/62.0.3202.94 Safari/537.36"
192.168.1.23 - - [31/Oct/2025:22:36:38 +0200] "POST /ptbbexrxu HTTP/1.1" 403 3658 "https://www.msn.com/" "Mozilla/5.0 (Windows NT 10.0; Win64; x64; rv:54.0) Gecko/20100101 Firefox/54.0"
192.168.1.17 - - [31/Oct/2025:22:36:38 +0200] "GET /dd HTTP/1.1" 401 3717 "https://www.example.com/" "Mozilla/5.0 (Windows NT 10.0; Win64; x64; rv:54.0) Gecko/20100101 Firefox/54.0"
2001:db8:0:1:0:0:0:c - - [31/Oct/2025:22:36:38 +0200] "POST /lz HTTP/1.1" 200 7814 "https://www.ibm.com/" "Mozilla/5.0 (Windows NT 6.1; WOW64; Trident/7.0; AS; rv:11.0) like Gecko"
192.168.1.21 - - [31/Oct/2025:22:36:38 +0200] "PUT /olgzkuyxs HTTP/1.1" 401 7720 "https://www.example.com/" "Mozilla/5.0 (Windows NT 6.1; WOW64; Trident/7.0; AS; rv:11.0) like Gecko"
192.168.1.49 - - [31/Oct/2025:22:36:38 +0200] "PUT /okybpp HTTP/1.1" 301 1648 "https://www.google.com/" "Mozilla/5.0 (Windows NT 10.0; Win64; x64) AppleWebKit/537.36 (KHTML, like Gecko) Chrome/62.0.3202.94 Safari/537.36"
192.168.1.30 - - [31/Oct/2025:22:36:38 +0200] "GET /akomnrkct HTTP/1.1" 500 7333 "https://www.example.com/" "Mozilla/5.0 (Windows NT 6.1; WOW64; rv:54.0) Gecko/20100101 Firefox/54.0"
2001:db8:0:1:0:0:0:9 - - [31/Oct/2025:22:36:38 +0200] "DELETE /rqlan HTTP/1.1" 201 2674 "https://www.msn.com/" "Mozilla/5.0 (Windows NT 10.0; Win64; x64; rv:54.0) Gecko/20100101 Firefox/54.0"
192.168.1.41 - - [31/Oct/2025:22:36:38 +0200] "GET /xloqdcfus HTTP/1.1" 401 8388 "https://www.example.com/" "Mozilla/5.0 (Windows NT 10.0; Win64; x64) AppleWebKit/537.36 (KHTML, like Gecko) Chrome/62.0.3202.94 Safari/537.36"
192.168.1.27 - - [31/Oct/2025:22:36:38 +0200] "POST /rtwqdyejz HTTP/1.1" 204 347 "https://www.msn.com/" "Mozilla/5.0 (Windows NT 10.0; Win64; x64) AppleWebKit/537.36 (KHTML, like Gecko) Chrome/62.0.3202.94 Safari/537.36"
2001:db8:0:1:0:0:0:3 - - [31/Oct/2025:22:36:38 +0200] "PUT /wkdj HTTP/1.1" 301 8699 "https://www.msn.com/" "Mozilla/5.0 (Windows NT 10.0; Win64; x64) AppleWebKit/537.36 (KHTML, like Gecko) Chrome/58.0.3029.110 Safari/537.36"
192.168.1.14 - - [31/Oct/2025:22:36:38 +0200] "DELETE /p HTTP/1.1" 401 175 "https://www.google.com/" "Mozilla/5.0 (Windows NT 10.0; Win64; x64) AppleWebKit/537.36 (KHTML, like Gecko) Chrome/62.0.3202.94 Safari/537.36"
192.168.1.31 - - [31/Oct/2025:22:36:38 +0200] "POST /aoxk HTTP/1.1" 500 5456 "https://www.msn.com/" "Mozilla/5.0 (Windows NT 6.1; WOW64; rv:54.0) Gecko/20100101 Firefox/54.0"
192.168.1.46 - - [31/Oct/2025:22:36:38 +0200] "DELETE /hlrlqza HTTP/1.1" 500 6743 "https://www.google.com/" "Mozilla/5.0 (Windows NT 10.0; Win64; x64; rv:54.0) Gecko/20100101 Firefox/54.0"
2001:db8:0:1:0:0:0:5 - - [31/Oct/2025:22:36:38 +0200] "PUT /pdrmp HTTP/1.1" 201 2988 "https://www.msn.com/" "Mozilla/5.0 (Windows NT 10.0; Win64; x64) AppleWebKit/537.36 (KHTML, like Gecko) Chrome/58.0.3029.110 Safari/537.36"
2001:db8:0:1:0:0:0:3 - - [31/Oct/2025:22:36:38 +0200] "DELETE /mwmxrkrxv HTTP/1.1" 500 4250 "https://www.msn.com/" "Mozilla/5.0 (Windows NT 10.0; Win64; x64; rv:54.0) Gecko/20100101 Firefox/54.0"
192.168.1.18 - - [31/Oct/2025:22:36:38 +0200] "DELETE /bjkpy HTTP/1.1" 200 8710 "https://www.msn.com/" "Mozilla/5.0 (Windows NT 10.0; WOW64) AppleWebKit/537.36 (KHTML, like Gecko) Chrome/58.0.3029.110 Safari/537.36 OPR/45.0.2552.898"
192.168.1.35 - - [31/Oct/2025:22:36:38 +0200] "POST /wtuufvges HTTP/1.1" 302 8071 "https://www.ibm.com/" "Mozilla/5.0 (Windows NT 10.0; Win64; x64) AppleWebKit/537.36 (KHTML, like Gecko) Chrome/62.0.3202.94 Safari/537.36"
192.168.1.30 - - [31/Oct/2025:22:36:38 +0200] "PUT /ph HTTP/1.1" 301 3513 "https://www.example.com/" "Mozilla/5.0 (Windows NT 6.1; WOW64; rv:54.0) Gecko/20100101 Firefox/54.0"
192.168.1.8 - - [31/Oct/2025:22:36:38 +0200] "GET /cjoinii HTTP/1.1" 201 5542 "https://www.msn.com/" "Mozilla/5.0 (Windows NT 10.0; Win64; x64; rv:54.0) Gecko/20100101 Firefox/54.0"
2001:db8:0:1:0:0:0:5 - - [31/Oct/2025:22:36:38 +0200] "POST /cbfc HTTP/1.1" 204 9302 "https://www.msn.com/" "Mozilla/5.0 (Windows NT 6.1; WOW64; rv:54.0) Gecko/20100101 Firefox/54.0"
192.168.1.24 - - [31/Oct/2025:22:36:38 +0200] "DELETE /ratrct HTTP/1.1" 404 2732 "https://www.ibm.com/" "Mozilla/5.0 (Windows NT 6.1; WOW64; rv:54.0) Gecko/20100101 Firefox/54.0"
192.168.1.33 - - [31/Oct/2025:22:36:38 +0200] "GET /d HTTP/1.1" 401 1978 "https://www.example.com/" "Mozilla/5.0 (Windows NT 10.0; Win64; x64; rv:54.0) Gecko/20100101 Firefox/54.0"
192.168.1.33 - - [31/Oct/2025:22:36:38 +0200] "GET /t HTTP/1.1" 201 4810 "https://www.ibm.com/" "Mozilla/5.0 (Windows NT 10.0; WOW64) AppleWebKit/537.36 (KHTML, like Gecko) Chrome/58.0.3029.110 Safari/537.36 OPR/45.0.2552.898"
192.168.1.13 - - [31/Oct/2025:22:36:38 +0200] "DELETE /egzpxgm HTTP/1.1" 204 3432 "https://www.example.com/" "Mozilla/5.0 (Windows NT 10.0; Win64; x64) AppleWebKit/537.36 (KHTML, like Gecko) Chrome/58.0.3029.110 Safari/537.36"
2001:db8:0:1:0:0:0:c - - [31/Oct/2025:22:36:38 +0200] "PUT /u HTTP/1.1" 201 8353 "https://www.example.com/" "Mozilla/5.0 (Windows NT 6.1; WOW64; rv:54.0) Gecko/20100101 Firefox/54.0"
192.168.1.35 - - [31/Oct/2025:22:36:38 +0200] "POST /emeczv HTTP/1.1" 404 5589 "https://www.google.com/" "Mozilla/5.0 (Windows NT 6.1; WOW64; rv:54.0) Gecko/20100101 Firefox/54.0"
192.168.1.34 - - [31/Oct/2025:22:36:38 +0200] "GET /qvl HTTP/1.1" 200 2581 "https://www.example.com/" "Mozilla/5.0 (Windows NT 10.0; Win64; x64) AppleWebKit/537.36 (KHTML, like Gecko) Chrome/62.0.3202.94 Safari/537.36"
2001:db8:0:1:0:0:0:4 - - [31/Oct/2025:22:36:38 +0200] "GET /xccqwkap HTTP/1.1" 500 2943 "https://www.msn.com/" "Mozilla/5.0 (Windows NT 10.0; Win64; x64; rv:54.0) Gecko/20100101 Firefox/54.0"
192.168.1.38 - - [31/Oct/2025:22:36:38 +0200] "DELETE /jgpkcpmx HTTP/1.1" 200 3871 "https://www.msn.com/" "Mozilla/5.0 (Windows NT 10.0; Win64; x64; rv:54.0) Gecko/20100101 Firefox/54.0"
192.168.1.50 - - [31/Oct/2025:22:36:38 +0200] "PUT /cbcdlxe HTTP/1.1" 201 5489 "https://www.msn.com/" "Mozilla/5.0 (Windows NT 10.0; Win64; x64) AppleWebKit/537.36 (KHTML, like Gecko) Chrome/58.0.3029.110 Safari/537.36"
192.168.1.44 - - [31/Oct/2025:22:36:38 +0200] "POST /xnyy HTTP/1.1" 401 6711 "https://www.ibm.com/" "Mozilla/5.0 (Windows NT 10.0; WOW64) AppleWebKit/537.36 (KHTML, like Gecko) Chrome/58.0.3029.110 Safari/537.36 OPR/45.0.2552.898"
192.168.1.16 - - [31/Oct/2025:22:36:38 +0200] "DELETE /gabskh HTTP/1.1" 200 5883 "https://www.example.com/" "Mozilla/5.0 (Windows NT 10.0; Win64; x64; rv:54.0) Gecko/20100101 Firefox/54.0"
2001:db8:0:1:0:0:0:1 - - [31/Oct/2025:22:36:38 +0200] "POST /e HTTP/1.1" 201 6446 "https://www.google.com/" "Mozilla/5.0 (Windows NT 10.0; Win64; x64) AppleWebKit/537.36 (KHTML, like Gecko) Chrome/58.0.3029.110 Safari/537.36"
192.168.1.20 - - [31/Oct/2025:22:36:38 +0200] "POST /veoirr HTTP/1.1" 401 1155 "https://www.example.com/" "Mozilla/5.0 (Windows NT 10.0; Win64; x64; rv:54.0) Gecko/20100101 Firefox/54.0"
192.168.1.29 - - [31/Oct/2025:22:36:38 +0200] "POST /qcvcdc HTTP/1.1" 302 3071 "https://www.msn.com/" "Mozilla/5.0 (Windows NT 6.1; WOW64; Trident/7.0; AS; rv:11.0) like Gecko"
192.168.1.3 - - [31/Oct/2025:22:36:38 +0200] "POST /em HTTP/1.1" 500 8446 "https://www.example.com/" "Mozilla/5.0 (Windows NT 10.0; Win64; x64) AppleWebKit/537.36 (KHTML, like Gecko) Chrome/62.0.3202.94 Safari/537.36"
192.168.1.15 - - [31/Oct/2025:22:36:38 +0200] "PUT /wqjiwg HTTP/1.1" 401 1863 "https://www.example.com/" "Mozilla/5.0 (Windows NT 10.0; Win64; x64) AppleWebKit/537.36 (KHTML, like Gecko) Chrome/62.0.3202.94 Safari/537.36"
192.168.1.33 - - [31/Oct/2025:22:36:38 +0200] "PUT /sjgxhar HTTP/1.1" 302 4850 "https://www.google.com/" "Mozilla/5.0 (Windows NT 6.1; WOW64; Trident/7.0; AS; rv:11.0) like Gecko"
192.168.1.46 - - [31/Oct/2025:22:36:38 +0200] "GET /wtvwqdyoip HTTP/1.1" 400 103 "https://www.ibm.com/" "Mozilla/5.0 (Windows NT 6.1; WOW64; Trident/7.0; AS; rv:11.0) like Gecko"
2001:db8:0:1:0:0:0:5 - - [31/Oct/2025:22:36:38 +0200] "POST /jbzzb HTTP/1.1" 403 1611 "https://www.ibm.com/" "Mozilla/5.0 (Windows NT 10.0; WOW64) AppleWebKit/537.36 (KHTML, like Gecko) Chrome/58.0.3029.110 Safari/537.36 OPR/45.0.2552.898"
192.168.1.26 - - [31/Oct/2025:22:36:38 +0200] "DELETE /gf HTTP/1.1" 400 3119 "https://www.msn.com/" "Mozilla/5.0 (Windows NT 6.1; WOW64; Trident/7.0; AS; rv:11.0) like Gecko"
192.168.1.23 - - [31/Oct/2025:22:36:38 +0200] "GET /ftu HTTP/1.1" 401 9220 "https://www.example.com/" "Mozilla/5.0 (Windows NT 10.0; Win64; x64) AppleWebKit/537.36 (KHTML, like Gecko) Chrome/62.0.3202.94 Safari/537.36"
192.168.1.13 - - [31/Oct/2025:22:36:38 +0200] "POST /ovcrycfqf HTTP/1.1" 302 9282 "https://www.google.com/" "Mozilla/5.0 (Windows NT 10.0; WOW64) AppleWebKit/537.36 (KHTML, like Gecko) Chrome/58.0.3029.110 Safari/537.36 OPR/45.0.2552.898"
192.168.1.32 - - [31/Oct/2025:22:36:38 +0200] "GET /ctmv HTTP/1.1" 401 2950 "https://www.msn.com/" "Mozilla/5.0 (Windows NT 10.0; Win64; x64) AppleWebKit/537.36 (KHTML, like Gecko) Chrome/62.0.3202.94 Safari/537.36"
192.168.1.32 - - [31/Oct/2025:22:36:38 +0200] "PUT /izjugrlv HTTP/1.1" 204 5557 "https://www.example.com/" "Mozilla/5.0 (Windows NT 10.0; Win64; x64) AppleWebKit/537.36 (KHTML, like Gecko) Chrome/58.0.3029.110 Safari/537.36"
192.168.1.9 - - [31/Oct/2025:22:36:38 +0200] "POST /nvidhuvwb HTTP/1.1" 201 4386 "https://www.google.com/" "Mozilla/5.0 (Windows NT 6.1; WOW64; Trident/7.0; AS; rv:11.0) like Gecko"
192.168.1.18 - - [31/Oct/2025:22:36:38 +0200] "GET /mcj HTTP/1.1" 404 833 "https://www.ibm.com/" "Mozilla/5.0 (Windows NT 10.0; Win64; x64; rv:54.0) Gecko/20100101 Firefox/54.0"
192.168.1.50 - - [31/Oct/2025:22:36:38 +0200] "DELETE /uclz HTTP/1.1" 404 1362 "https://www.example.com/" "Mozilla/5.0 (Windows NT 6.1; WOW64; rv:54.0) Gecko/20100101 Firefox/54.0"
192.168.1.36 - - [31/Oct/2025:22:36:38 +0200] "POST /kcgse HTTP/1.1" 302 8516 "https://www.ibm.com/" "Mozilla/5.0 (Windows NT 6.1; WOW64; rv:54.0) Gecko/20100101 Firefox/54.0"
192.168.1.41 - - [31/Oct/2025:22:36:38 +0200] "PUT /tsh HTTP/1.1" 201 2022 "https://www.example.com/" "Mozilla/5.0 (Windows NT 6.1; WOW64; rv:54.0) Gecko/20100101 Firefox/54.0"
2001:db8:0:1:0:0:0:3 - - [31/Oct/2025:22:36:38 +0200] "DELETE /hljm HTTP/1.1" 404 3907 "https://www.msn.com/" "Mozilla/5.0 (Windows NT 6.1; WOW64; rv:54.0) Gecko/20100101 Firefox/54.0"
192.168.1.25 - - [31/Oct/2025:22:36:38 +0200] "PUT /lfdutgzmk HTTP/1.1" 204 5163 "https://www.msn.com/" "Mozilla/5.0 (Windows NT 10.0; Win64; x64) AppleWebKit/537.36 (KHTML, like Gecko) Chrome/62.0.3202.94 Safari/537.36"
192.168.1.14 - - [31/Oct/2025:22:36:38 +0200] "DELETE /ambu HTTP/1.1" 401 2078 "https://www.ibm.com/" "Mozilla/5.0 (Windows NT 6.1; WOW64; Trident/7.0; AS; rv:11.0) like Gecko"
192.168.1.17 - - [31/Oct/2025:22:36:38 +0200] "PUT /k HTTP/1.1" 200 9956 "https://www.msn.com/" "Mozilla/5.0 (Windows NT 6.1; WOW64; Trident/7.0; AS; rv:11.0) like Gecko"
2001:db8:0:1:0:0:0:b - - [31/Oct/2025:22:36:38 +0200] "POST /brfubl HTTP/1.1" 401 7295 "https://www.msn.com/" "Mozilla/5.0 (Windows NT 10.0; Win64; x64) AppleWebKit/537.36 (KHTML, like Gecko) Chrome/58.0.3029.110 Safari/537.36"
192.168.1.28 - - [31/Oct/2025:22:36:38 +0200] "POST /vovufwp HTTP/1.1" 403 9758 "https://www.google.com/" "Mozilla/5.0 (Windows NT 10.0; Win64; x64; rv:54.0) Gecko/20100101 Firefox/54.0"
192.168.1.47 - - [31/Oct/2025:22:36:38 +0200] "PUT /qfh HTTP/1.1" 403 1772 "https://www.msn.com/" "Mozilla/5.0 (Windows NT 10.0; Win64; x64) AppleWebKit/537.36 (KHTML, like Gecko) Chrome/62.0.3202.94 Safari/537.36"
192.168.1.14 - - [31/Oct/2025:22:36:38 +0200] "DELETE /ycjauc HTTP/1.1" 400 1566 "https://www.example.com/" "Mozilla/5.0 (Windows NT 10.0; Win64; x64) AppleWebKit/537.36 (KHTML, like Gecko) Chrome/62.0.3202.94 Safari/537.36"
2001:db8:0:1:0:0:0:e - - [31/Oct/2025:22:36:38 +0200] "DELETE /itppxsbadt HTTP/1.1" 302 661 "https://www.google.com/" "Mozilla/5.0 (Windows NT 10.0; Win64; x64) AppleWebKit/537.36 (KHTML, like Gecko) Chrome/62.0.3202.94 Safari/537.36"
192.168.1.18 - - [31/Oct/2025:22:36:38 +0200] "PUT /yqltqe HTTP/1.1" 500 2369 "https://www.ibm.com/" "Mozilla/5.0 (Windows NT 6.1; WOW64; rv:54.0) Gecko/20100101 Firefox/54.0"
192.168.1.30 - - [31/Oct/2025:22:36:38 +0200] "POST /qmyj HTTP/1.1" 500 2027 "https://www.ibm.com/" "Mozilla/5.0 (Windows NT 10.0; Win64; x64) AppleWebKit/537.36 (KHTML, like Gecko) Chrome/58.0.3029.110 Safari/537.36"
192.168.1.17 - - [31/Oct/2025:22:36:38 +0200] "POST /kaqpgmya HTTP/1.1" 200 2890 "https://www.google.com/" "Mozilla/5.0 (Windows NT 10.0; Win64; x64) AppleWebKit/537.36 (KHTML, like Gecko) Chrome/62.0.3202.94 Safari/537.36"
192.168.1.7 - - [31/Oct/2025:22:36:38 +0200] "POST /gajj HTTP/1.1" 400 4747 "https://www.ibm.com/" "Mozilla/5.0 (Windows NT 10.0; WOW64) AppleWebKit/537.36 (KHTML, like Gecko) Chrome/58.0.3029.110 Safari/537.36 OPR/45.0.2552.898"
192.168.1.29 - - [31/Oct/2025:22:36:38 +0200] "POST /ceqgmnhm HTTP/1.1" 403 6728 "https://www.example.com/" "Mozilla/5.0 (Windows NT 10.0; Win64; x64) AppleWebKit/537.36 (KHTML, like Gecko) Chrome/58.0.3029.110 Safari/537.36"
192.168.1.1 - - [31/Oct/2025:22:36:38 +0200] "GET /si HTTP/1.1" 200 3071 "https://www.msn.com/" "Mozilla/5.0 (Windows NT 10.0; Win64; x64; rv:54.0) Gecko/20100101 Firefox/54.0"
192.168.1.1 - - [31/Oct/2025:22:36:38 +0200] "GET /melfwxoucy HTTP/1.1" 404 3745 "https://www.google.com/" "Mozilla/5.0 (Windows NT 10.0; Win64; x64) AppleWebKit/537.36 (KHTML, like Gecko) Chrome/58.0.3029.110 Safari/537.36"
2001:db8:0:1:0:0:0:b - - [31/Oct/2025:22:36:38 +0200] "PUT /qmejv HTTP/1.1" 400 6961 "https://www.example.com/" "Mozilla/5.0 (Windows NT 6.1; WOW64; rv:54.0) Gecko/20100101 Firefox/54.0"
192.168.1.3 - - [31/Oct/2025:22:36:38 +0200] "DELETE /zmnrjm HTTP/1.1" 500 6845 "https://www.google.com/" "Mozilla/5.0 (Windows NT 10.0; WOW64) AppleWebKit/537.36 (KHTML, like Gecko) Chrome/58.0.3029.110 Safari/537.36 OPR/45.0.2552.898"
192.168.1.39 - - [31/Oct/2025:22:36:38 +0200] "DELETE /nbbz HTTP/1.1" 403 3288 "https://www.ibm.com/" "Mozilla/5.0 (Windows NT 10.0; Win64; x64) AppleWebKit/537.36 (KHTML, like Gecko) Chrome/62.0.3202.94 Safari/537.36"
192.168.1.37 - - [31/Oct/2025:22:36:38 +0200] "POST /uqybgjljjl HTTP/1.1" 201 2872 "https://www.example.com/" "Mozilla/5.0 (Windows NT 6.1; WOW64; Trident/7.0; AS; rv:11.0) like Gecko"
192.168.1.32 - - [31/Oct/2025:22:36:38 +0200] "PUT /ai HTTP/1.1" 403 1944 "https://www.ibm.com/" "Mozilla/5.0 (Windows NT 6.1; WOW64; rv:54.0) Gecko/20100101 Firefox/54.0"
2001:db8:0:1:0:0:0:b - - [31/Oct/2025:22:36:38 +0200] "GET /ttlc HTTP/1.1" 204 5950 "https://www.google.com/" "Mozilla/5.0 (Windows NT 10.0; Win64; x64) AppleWebKit/537.36 (KHTML, like Gecko) Chrome/62.0.3202.94 Safari/537.36"
192.168.1.22 - - [31/Oct/2025:22:36:38 +0200] "DELETE /iilw HTTP/1.1" 403 6352 "https://www.msn.com/" "Mozilla/5.0 (Windows NT 10.0; Win64; x64; rv:54.0) Gecko/20100101 Firefox/54.0"
192.168.1.21 - - [31/Oct/2025:22:36:38 +0200] "POST /vdkrm HTTP/1.1" 301 8973 "https://www.google.com/" "Mozilla/5.0 (Windows NT 10.0; Win64; x64; rv:54.0) Gecko/20100101 Firefox/54.0"
192.168.1.33 - - [31/Oct/2025:22:36:38 +0200] "GET /hdjptdseaa HTTP/1.1" 302 5069 "https://www.ibm.com/" "Mozilla/5.0 (Windows NT 6.1; WOW64; Trident/7.0; AS; rv:11.0) like Gecko"
2001:db8:0:1:0:0:0:d - - [31/Oct/2025:22:36:38 +0200] "DELETE /nmp HTTP/1.1" 204 5227 "https://www.ibm.com/" "Mozilla/5.0 (Windows NT 6.1; WOW64; Trident/7.0; AS; rv:11.0) like Gecko"
192.168.1.47 - - [31/Oct/2025:22:36:38 +0200] "POST /yruh HTTP/1.1" 403 1723 "https://www.msn.com/" "Mozilla/5.0 (Windows NT 6.1; WOW64; rv:54.0) Gecko/20100101 Firefox/54.0"
2001:db8:0:1:0:0:0:1 - - [31/Oct/2025:22:36:38 +0200] "PUT /ir HTTP/1.1" 201 3184 "https://www.msn.com/" "Mozilla/5.0 (Windows NT 10.0; Win64; x64) AppleWebKit/537.36 (KHTML, like Gecko) Chrome/58.0.3029.110 Safari/537.36"
192.168.1.49 - - [31/Oct/2025:22:36:38 +0200] "DELETE /mxsh HTTP/1.1" 400 9395 "https://www.example.com/" "Mozilla/5.0 (Windows NT 10.0; Win64; x64) AppleWebKit/537.36 (KHTML, like Gecko) Chrome/62.0.3202.94 Safari/537.36"
192.168.1.38 - - [31/Oct/2025:22:36:38 +0200] "GET /sqlkmeoqk HTTP/1.1" 301 9589 "https://www.ibm.com/" "Mozilla/5.0 (Windows NT 10.0; Win64; x64) AppleWebKit/537.36 (KHTML, like Gecko) Chrome/62.0.3202.94 Safari/537.36"
192.168.1.19 - - [31/Oct/2025:22:36:38 +0200] "POST /krclp HTTP/1.1" 404 6515 "https://www.example.com/" "Mozilla/5.0 (Windows NT 10.0; WOW64) AppleWebKit/537.36 (KHTML, like Gecko) Chrome/58.0.3029.110 Safari/537.36 OPR/45.0.2552.898"
2001:db8:0:1:0:0:0:9 - - [31/Oct/2025:22:36:38 +0200] "DELETE /fcfm HTTP/1.1" 500 3059 "https://www.msn.com/" "Mozilla/5.0 (Windows NT 10.0; Win64; x64) AppleWebKit/537.36 (KHTML, like Gecko) Chrome/62.0.3202.94 Safari/537.36"
192.168.1.34 - - [31/Oct/2025:22:36:38 +0200] "DELETE /uuroju HTTP/1.1" 301 7530 "https://www.msn.com/" "Mozilla/5.0 (Windows NT 6.1; WOW64; Trident/7.0; AS; rv:11.0) like Gecko"
192.168.1.8 - - [31/Oct/2025:22:36:38 +0200] "POST /vykxdclbu HTTP/1.1" 201 7099 "https://www.google.com/" "Mozilla/5.0 (Windows NT 6.1; WOW64; rv:54.0) Gecko/20100101 Firefox/54.0"
192.168.1.14 - - [31/Oct/2025:22:36:38 +0200] "DELETE /raom HTTP/1.1" 500 1206 "https://www.google.com/" "Mozilla/5.0 (Windows NT 10.0; Win64; x64) AppleWebKit/537.36 (KHTML, like Gecko) Chrome/62.0.3202.94 Safari/537.36"
192.168.1.36 - - [31/Oct/2025:22:36:38 +0200] "GET /uwlwfbpw HTTP/1.1" 200 4219 "https://www.example.com/" "Mozilla/5.0 (Windows NT 6.1; WOW64; rv:54.0) Gecko/20100101 Firefox/54.0"
192.168.1.41 - - [31/Oct/2025:22:36:38 +0200] "DELETE /ktrqhgkr HTTP/1.1" 201 5737 "https://www.google.com/" "Mozilla/5.0 (Windows NT 10.0; WOW64) AppleWebKit/537.36 (KHTML, like Gecko) Chrome/58.0.3029.110 Safari/537.36 OPR/45.0.2552.898"
192.168.1.37 - - [31/Oct/2025:22:36:38 +0200] "GET /mlhvnvvjju HTTP/1.1" 401 6976 "https://www.msn.com/" "Mozilla/5.0 (Windows NT 10.0; Win64; x64; rv:54.0) Gecko/20100101 Firefox/54.0"
192.168.1.17 - - [31/Oct/2025:22:36:38 +0200] "PUT /mjjcya HTTP/1.1" 204 5532 "https://www.google.com/" "Mozilla/5.0 (Windows NT 10.0; Win64; x64; rv:54.0) Gecko/20100101 Firefox/54.0"
192.168.1.48 - - [31/Oct/2025:22:36:38 +0200] "DELETE /g HTTP/1.1" 404 4625 "https://www.msn.com/" "Mozilla/5.0 (Windows NT 10.0; Win64; x64) AppleWebKit/537.36 (KHTML, like Gecko) Chrome/62.0.3202.94 Safari/537.36"
192.168.1.46 - - [31/Oct/2025:22:36:38 +0200] "GET /opwljwbn HTTP/1.1" 201 6050 "https://www.msn.com/" "Mozilla/5.0 (Windows NT 10.0; Win64; x64) AppleWebKit/537.36 (KHTML, like Gecko) Chrome/58.0.3029.110 Safari/537.36"
192.168.1.20 - - [31/Oct/2025:22:36:38 +0200] "PUT /jzftgyz HTTP/1.1" 201 781 "https://www.msn.com/" "Mozilla/5.0 (Windows NT 10.0; Win64; x64) AppleWebKit/537.36 (KHTML, like Gecko) Chrome/62.0.3202.94 Safari/537.36"
192.168.1.23 - - [31/Oct/2025:22:36:38 +0200] "GET /apcuajk HTTP/1.1" 204 9990 "https://www.google.com/" "Mozilla/5.0 (Windows NT 6.1; WOW64; Trident/7.0; AS; rv:11.0) like Gecko"
192.168.1.35 - - [31/Oct/2025:22:36:38 +0200] "PUT /xly HTTP/1.1" 400 3873 "https://www.ibm.com/" "Mozilla/5.0 (Windows NT 6.1; WOW64; Trident/7.0; AS; rv:11.0) like Gecko"
192.168.1.7 - - [31/Oct/2025:22:36:38 +0200] "DELETE /wtwx HTTP/1.1" 200 3935 "https://www.msn.com/" "Mozilla/5.0 (Windows NT 10.0; Win64; x64; rv:54.0) Gecko/20100101 Firefox/54.0"
2001:db8:0:1:0:0:0:2 - - [31/Oct/2025:22:36:38 +0200] "PUT /nilbcww HTTP/1.1" 400 4407 "https://www.ibm.com/" "Mozilla/5.0 (Windows NT 10.0; WOW64) AppleWebKit/537.36 (KHTML, like Gecko) Chrome/58.0.3029.110 Safari/537.36 OPR/45.0.2552.898"
192.168.1.23 - - [31/Oct/2025:22:36:38 +0200] "GET /jlyali HTTP/1.1" 401 351 "https://www.ibm.com/" "Mozilla/5.0 (Windows NT 10.0; Win64; x64) AppleWebKit/537.36 (KHTML, like Gecko) Chrome/62.0.3202.94 Safari/537.36"
192.168.1.32 - - [31/Oct/2025:22:36:38 +0200] "GET /fqhowkvcc HTTP/1.1" 204 7116 "https://www.ibm.com/" "Mozilla/5.0 (Windows NT 6.1; WOW64; rv:54.0) Gecko/20100101 Firefox/54.0"
2001:db8:0:1:0:0:0:c - - [31/Oct/2025:22:36:38 +0200] "PUT /hdz HTTP/1.1" 404 4428 "https://www.ibm.com/" "Mozilla/5.0 (Windows NT 6.1; WOW64; rv:54.0) Gecko/20100101 Firefox/54.0"
192.168.1.1 - - [31/Oct/2025:22:36:38 +0200] "PUT /snpfhdy HTTP/1.1" 204 6287 "https://www.ibm.com/" "Mozilla/5.0 (Windows NT 10.0; Win64; x64; rv:54.0) Gecko/20100101 Firefox/54.0"
192.168.1.17 - - [31/Oct/2025:22:36:38 +0200] "PUT /ttcx HTTP/1.1" 400 9617 "https://www.msn.com/" "Mozilla/5.0 (Windows NT 6.1; WOW64; Trident/7.0; AS; rv:11.0) like Gecko"
192.168.1.17 - - [31/Oct/2025:22:36:38 +0200] "POST /jcfxqllw HTTP/1.1" 302 8607 "https://www.google.com/" "Mozilla/5.0 (Windows NT 10.0; Win64; x64) AppleWebKit/537.36 (KHTML, like Gecko) Chrome/62.0.3202.94 Safari/537.36"
192.168.1.2 - - [31/Oct/2025:22:36:38 +0200] "POST /rutuqzebtr HTTP/1.1" 200 271 "https://www.msn.com/" "Mozilla/5.0 (Windows NT 10.0; Win64; x64) AppleWebKit/537.36 (KHTML, like Gecko) Chrome/62.0.3202.94 Safari/537.36"
192.168.1.45 - - [31/Oct/2025:22:36:38 +0200] "PUT /wvbx HTTP/1.1" 302 3842 "https://www.ibm.com/" "Mozilla/5.0 (Windows NT 10.0; Win64; x64; rv:54.0) Gecko/20100101 Firefox/54.0"
192.168.1.11 - - [31/Oct/2025:22:36:38 +0200] "DELETE /egalsyt HTTP/1.1" 301 2159 "https://www.example.com/" "Mozilla/5.0 (Windows NT 6.1; WOW64; Trident/7.0; AS; rv:11.0) like Gecko"
192.168.1.17 - - [31/Oct/2025:22:36:38 +0200] "PUT /x HTTP/1.1" 201 4759 "https://www.google.com/" "Mozilla/5.0 (Windows NT 10.0; WOW64) AppleWebKit/537.36 (KHTML, like Gecko) Chrome/58.0.3029.110 Safari/537.36 OPR/45.0.2552.898"
192.168.1.35 - - [31/Oct/2025:22:36:38 +0200] "DELETE /sr HTTP/1.1" 404 148 "https://www.ibm.com/" "Mozilla/5.0 (Windows NT 6.1; WOW64; Trident/7.0; AS; rv:11.0) like Gecko"
192.168.1.19 - - [31/Oct/2025:22:36:38 +0200] "GET /rvb HTTP/1.1" 201 3464 "https://www.google.com/" "Mozilla/5.0 (Windows NT 10.0; Win64; x64; rv:54.0) Gecko/20100101 Firefox/54.0"
192.168.1.29 - - [31/Oct/2025:22:36:38 +0200] "POST /hdtc HTTP/1.1" 200 3699 "https://www.example.com/" "Mozilla/5.0 (Windows NT 10.0; Win64; x64) AppleWebKit/537.36 (KHTML, like Gecko) Chrome/58.0.3029.110 Safari/537.36"
192.168.1.19 - - [31/Oct/2025:22:36:38 +0200] "GET /wa HTTP/1.1" 200 862 "https://www.example.com/" "Mozilla/5.0 (Windows NT 6.1; WOW64; rv:54.0) Gecko/20100101 Firefox/54.0"
192.168.1.19 - - [31/Oct/2025:22:36:38 +0200] "POST /aemp HTTP/1.1" 403 2219 "https://www.ibm.com/" "Mozilla/5.0 (Windows NT 6.1; WOW64; rv:54.0) Gecko/20100101 Firefox/54.0"
2001:db8:0:1:0:0:0:5 - - [31/Oct/2025:22:36:38 +0200] "GET /apoqyr HTTP/1.1" 204 4214 "https://www.msn.com/" "Mozilla/5.0 (Windows NT 10.0; WOW64) AppleWebKit/537.36 (KHTML, like Gecko) Chrome/58.0.3029.110 Safari/537.36 OPR/45.0.2552.898"
192.168.1.28 - - [31/Oct/2025:22:36:38 +0200] "POST /ujhfoh HTTP/1.1" 204 6031 "https://www.msn.com/" "Mozilla/5.0 (Windows NT 6.1; WOW64; Trident/7.0; AS; rv:11.0) like Gecko"
192.168.1.49 - - [31/Oct/2025:22:36:38 +0200] "GET /wrgixvk HTTP/1.1" 500 7066 "https://www.ibm.com/" "Mozilla/5.0 (Windows NT 10.0; Win64; x64) AppleWebKit/537.36 (KHTML, like Gecko) Chrome/58.0.3029.110 Safari/537.36"
192.168.1.38 - - [31/Oct/2025:22:36:38 +0200] "DELETE /bmalypph HTTP/1.1" 302 159 "https://www.ibm.com/" "Mozilla/5.0 (Windows NT 10.0; WOW64) AppleWebKit/537.36 (KHTML, like Gecko) Chrome/58.0.3029.110 Safari/537.36 OPR/45.0.2552.898"
192.168.1.29 - - [31/Oct/2025:22:36:38 +0200] "POST /usf HTTP/1.1" 302 1959 "https://www.msn.com/" "Mozilla/5.0 (Windows NT 6.1; WOW64; Trident/7.0; AS; rv:11.0) like Gecko"
192.168.1.40 - - [31/Oct/2025:22:36:38 +0200] "POST /x HTTP/1.1" 401 2808 "https://www.ibm.com/" "Mozilla/5.0 (Windows NT 10.0; Win64; x64) AppleWebKit/537.36 (KHTML, like Gecko) Chrome/62.0.3202.94 Safari/537.36"
192.168.1.5 - - [31/Oct/2025:22:36:38 +0200] "GET /jckrpn HTTP/1.1" 403 6115 "https://www.msn.com/" "Mozilla/5.0 (Windows NT 10.0; Win64; x64) AppleWebKit/537.36 (KHTML, like Gecko) Chrome/62.0.3202.94 Safari/537.36"
192.168.1.1 - - [31/Oct/2025:22:36:38 +0200] "GET /ormvuea HTTP/1.1" 301 8474 "https://www.google.com/" "Mozilla/5.0 (Windows NT 6.1; WOW64; Trident/7.0; AS; rv:11.0) like Gecko"
2001:db8:0:1:0:0:0:b - - [31/Oct/2025:22:36:38 +0200] "PUT /cxjwjvymru HTTP/1.1" 201 8929 "https://www.msn.com/" "Mozilla/5.0 (Windows NT 6.1; WOW64; rv:54.0) Gecko/20100101 Firefox/54.0"
2001:db8:0:1:0:0:0:d - - [31/Oct/2025:22:36:38 +0200] "GET /jcfvs HTTP/1.1" 400 2795 "https://www.msn.com/" "Mozilla/5.0 (Windows NT 10.0; WOW64) AppleWebKit/537.36 (KHTML, like Gecko) Chrome/58.0.3029.110 Safari/537.36 OPR/45.0.2552.898"
192.168.1.29 - - [31/Oct/2025:22:36:38 +0200] "PUT /sd HTTP/1.1" 401 8031 "https://www.ibm.com/" "Mozilla/5.0 (Windows NT 6.1; WOW64; Trident/7.0; AS; rv:11.0) like Gecko"
192.168.1.1 - - [31/Oct/2025:22:36:38 +0200] "GET /objabccu HTTP/1.1" 403 5625 "https://www.example.com/" "Mozilla/5.0 (Windows NT 6.1; WOW64; rv:54.0) Gecko/20100101 Firefox/54.0"
192.168.1.28 - - [31/Oct/2025:22:36:38 +0200] "POST /ktk HTTP/1.1" 500 6299 "https://www.example.com/" "Mozilla/5.0 (Windows NT 10.0; Win64; x64) AppleWebKit/537.36 (KHTML, like Gecko) Chrome/62.0.3202.94 Safari/537.36"
192.168.1.20 - - [31/Oct/2025:22:36:38 +0200] "PUT /hoglzbv HTTP/1.1" 404 2477 "https://www.google.com/" "Mozilla/5.0 (Windows NT 10.0; Win64; x64; rv:54.0) Gecko/20100101 Firefox/54.0"
192.168.1.20 - - [31/Oct/2025:22:36:38 +0200] "PUT /bfijvw HTTP/1.1" 404 2728 "https://www.ibm.com/" "Mozilla/5.0 (Windows NT 10.0; Win64; x64) AppleWebKit/537.36 (KHTML, like Gecko) Chrome/58.0.3029.110 Safari/537.36"
192.168.1.40 - - [31/Oct/2025:22:36:38 +0200] "POST /zlfce HTTP/1.1" 200 6712 "https://www.msn.com/" "Mozilla/5.0 (Windows NT 10.0; Win64; x64) AppleWebKit/537.36 (KHTML, like Gecko) Chrome/58.0.3029.110 Safari/537.36"
192.168.1.28 - - [31/Oct/2025:22:36:38 +0200] "POST /cpjgjfxntm HTTP/1.1" 204 9870 "https://www.google.com/" "Mozilla/5.0 (Windows NT 6.1; WOW64; rv:54.0) Gecko/20100101 Firefox/54.0"
192.168.1.26 - - [31/Oct/2025:22:36:38 +0200] "DELETE /ybnxdk HTTP/1.1" 401 5351 "https://www.example.com/" "Mozilla/5.0 (Windows NT 10.0; Win64; x64; rv:54.0) Gecko/20100101 Firefox/54.0"
2001:db8:0:1:0:0:0:7 - - [31/Oct/2025:22:36:38 +0200] "GET /ghptmgbtem HTTP/1.1" 201 3748 "https://www.ibm.com/" "Mozilla/5.0 (Windows NT 10.0; Win64; x64) AppleWebKit/537.36 (KHTML, like Gecko) Chrome/62.0.3202.94 Safari/537.36"
192.168.1.6 - - [31/Oct/2025:22:36:38 +0200] "DELETE /lkua HTTP/1.1" 401 7847 "https://www.example.com/" "Mozilla/5.0 (Windows NT 10.0; Win64; x64) AppleWebKit/537.36 (KHTML, like Gecko) Chrome/62.0.3202.94 Safari/537.36"
192.168.1.18 - - [31/Oct/2025:22:36:38 +0200] "DELETE /rvpmfwfmwl HTTP/1.1" 400 7662 "https://www.google.com/" "Mozilla/5.0 (Windows NT 10.0; Win64; x64; rv:54.0) Gecko/20100101 Firefox/54.0"
192.168.1.31 - - [31/Oct/2025:22:36:38 +0200] "PUT /jbpexfoycl HTTP/1.1" 204 4025 "https://www.example.com/" "Mozilla/5.0 (Windows NT 6.1; WOW64; Trident/7.0; AS; rv:11.0) like Gecko"
2001:db8:0:1:0:0:0:b - - [31/Oct/2025:22:36:38 +0200] "POST /cvrf HTTP/1.1" 403 3916 "https://www.ibm.com/" "Mozilla/5.0 (Windows NT 10.0; Win64; x64; rv:54.0) Gecko/20100101 Firefox/54.0"
192.168.1.1 - - [31/Oct/2025:22:36:38 +0200] "POST /ihvnsz HTTP/1.1" 201 3978 "https://www.example.com/" "Mozilla/5.0 (Windows NT 6.1; WOW64; rv:54.0) Gecko/20100101 Firefox/54.0"
2001:db8:0:1:0:0:0:7 - - [31/Oct/2025:22:36:38 +0200] "DELETE /ebneyh HTTP/1.1" 500 389 "https://www.msn.com/" "Mozilla/5.0 (Windows NT 10.0; WOW64) AppleWebKit/537.36 (KHTML, like Gecko) Chrome/58.0.3029.110 Safari/537.36 OPR/45.0.2552.898"
2001:db8:0:1:0:0:0:8 - - [31/Oct/2025:22:36:38 +0200] "PUT /gh HTTP/1.1" 500 439 "https://www.ibm.com/" "Mozilla/5.0 (Windows NT 10.0; Win64; x64) AppleWebKit/537.36 (KHTML, like Gecko) Chrome/62.0.3202.94 Safari/537.36"
192.168.1.6 - - [31/Oct/2025:22:36:38 +0200] "GET /prtprtnbm HTTP/1.1" 401 7605 "https://www.example.com/" "Mozilla/5.0 (Windows NT 6.1; WOW64; Trident/7.0; AS; rv:11.0) like Gecko"
192.168.1.36 - - [31/Oct/2025:22:36:38 +0200] "PUT /xrzlhatcs HTTP/1.1" 200 5763 "https://www.google.com/" "Mozilla/5.0 (Windows NT 6.1; WOW64; Trident/7.0; AS; rv:11.0) like Gecko"
192.168.1.19 - - [31/Oct/2025:22:36:38 +0200] "PUT /ceatlz HTTP/1.1" 500 4716 "https://www.example.com/" "Mozilla/5.0 (Windows NT 10.0; Win64; x64) AppleWebKit/537.36 (KHTML, like Gecko) Chrome/58.0.3029.110 Safari/537.36"
192.168.1.12 - - [31/Oct/2025:22:36:38 +0200] "DELETE /xgqcnmox HTTP/1.1" 302 9868 "https://www.example.com/" "Mozilla/5.0 (Windows NT 10.0; Win64; x64) AppleWebKit/537.36 (KHTML, like Gecko) Chrome/62.0.3202.94 Safari/537.36"
2001:db8:0:1:0:0:0:4 - - [31/Oct/2025:22:36:38 +0200] "DELETE /rfh HTTP/1.1" 201 3504 "https://www.ibm.com/" "Mozilla/5.0 (Windows NT 10.0; Win64; x64; rv:54.0) Gecko/20100101 Firefox/54.0"
192.168.1.33 - - [31/Oct/2025:22:36:38 +0200] "POST /codhajp HTTP/1.1" 204 3032 "https://www.ibm.com/" "Mozilla/5.0 (Windows NT 10.0; Win64; x64) AppleWebKit/537.36 (KHTML, like Gecko) Chrome/58.0.3029.110 Safari/537.36"
192.168.1.27 - - [31/Oct/2025:22:36:38 +0200] "POST /ln HTTP/1.1" 404 4078 "https://www.google.com/" "Mozilla/5.0 (Windows NT 10.0; WOW64) AppleWebKit/537.36 (KHTML, like Gecko) Chrome/58.0.3029.110 Safari/537.36 OPR/45.0.2552.898"
192.168.1.21 - - [31/Oct/2025:22:36:38 +0200] "POST /yolkrle HTTP/1.1" 204 1049 "https://www.example.com/" "Mozilla/5.0 (Windows NT 10.0; Win64; x64) AppleWebKit/537.36 (KHTML, like Gecko) Chrome/58.0.3029.110 Safari/537.36"
192.168.1.14 - - [31/Oct/2025:22:36:38 +0200] "GET /fbpawj HTTP/1.1" 500 5643 "https://www.msn.com/" "Mozilla/5.0 (Windows NT 6.1; WOW64; rv:54.0) Gecko/20100101 Firefox/54.0"
192.168.1.22 - - [31/Oct/2025:22:36:38 +0200] "PUT /ppxnu HTTP/1.1" 201 4234 "https://www.msn.com/" "Mozilla/5.0 (Windows NT 6.1; WOW64; rv:54.0) Gecko/20100101 Firefox/54.0"
192.168.1.49 - - [31/Oct/2025:22:36:38 +0200] "DELETE /ixhzdq HTTP/1.1" 400 7232 "https://www.google.com/" "Mozilla/5.0 (Windows NT 10.0; Win64; x64) AppleWebKit/537.36 (KHTML, like Gecko) Chrome/58.0.3029.110 Safari/537.36"
192.168.1.21 - - [31/Oct/2025:22:36:38 +0200] "GET /pcgrq HTTP/1.1" 400 786 "https://www.msn.com/" "Mozilla/5.0 (Windows NT 6.1; WOW64; Trident/7.0; AS; rv:11.0) like Gecko"
192.168.1.8 - - [31/Oct/2025:22:36:38 +0200] "PUT /lvpuzfxd HTTP/1.1" 302 840 "https://www.msn.com/" "Mozilla/5.0 (Windows NT 10.0; Win64; x64) AppleWebKit/537.36 (KHTML, like Gecko) Chrome/62.0.3202.94 Safari/537.36"
2001:db8:0:1:0:0:0:9 - - [31/Oct/2025:22:36:38 +0200] "PUT /evnb HTTP/1.1" 400 2552 "https://www.example.com/" "Mozilla/5.0 (Windows NT 10.0; WOW64) AppleWebKit/537.36 (KHTML, like Gecko) Chrome/58.0.3029.110 Safari/537.36 OPR/45.0.2552.898"
2001:db8:0:1:0:0:0:5 - - [31/Oct/2025:22:36:38 +0200] "GET /cqssiitll HTTP/1.1" 201 5602 "https://www.google.com/" "Mozilla/5.0 (Windows NT 10.0; WOW64) AppleWebKit/537.36 (KHTML, like Gecko) Chrome/58.0.3029.110 Safari/537.36 OPR/45.0.2552.898"
192.168.1.34 - - [31/Oct/2025:22:36:38 +0200] "POST /yu HTTP/1.1" 500 7785 "https://www.ibm.com/" "Mozilla/5.0 (Windows NT 10.0; Win64; x64; rv:54.0) Gecko/20100101 Firefox/54.0"
192.168.1.3 - - [31/Oct/2025:22:36:38 +0200] "PUT /ipbrwd HTTP/1.1" 401 6657 "https://www.ibm.com/" "Mozilla/5.0 (Windows NT 10.0; Win64; x64) AppleWebKit/537.36 (KHTML, like Gecko) Chrome/58.0.3029.110 Safari/537.36"
2001:db8:0:1:0:0:0:e - - [31/Oct/2025:22:36:38 +0200] "GET /dnjmrpt HTTP/1.1" 401 2988 "https://www.ibm.com/" "Mozilla/5.0 (Windows NT 10.0; WOW64) AppleWebKit/537.36 (KHTML, like Gecko) Chrome/58.0.3029.110 Safari/537.36 OPR/45.0.2552.898"
192.168.1.16 - - [31/Oct/2025:22:36:38 +0200] "PUT /rdwhxwai HTTP/1.1" 500 9485 "https://www.msn.com/" "Mozilla/5.0 (Windows NT 10.0; Win64; x64; rv:54.0) Gecko/20100101 Firefox/54.0"
2001:db8:0:1:0:0:0:3 - - [31/Oct/2025:22:36:38 +0200] "POST /qkiixtz HTTP/1.1" 403 2607 "https://www.google.com/" "Mozilla/5.0 (Windows NT 10.0; Win64; x64; rv:54.0) Gecko/20100101 Firefox/54.0"
192.168.1.45 - - [31/Oct/2025:22:36:38 +0200] "GET /fch HTTP/1.1" 301 9359 "https://www.google.com/" "Mozilla/5.0 (Windows NT 10.0; WOW64) AppleWebKit/537.36 (KHTML, like Gecko) Chrome/58.0.3029.110 Safari/537.36 OPR/45.0.2552.898"
2001:db8:0:1:0:0:0:d - - [31/Oct/2025:22:36:38 +0200] "GET /wwg HTTP/1.1" 200 4492 "https://www.google.com/" "Mozilla/5.0 (Windows NT 10.0; Win64; x64; rv:54.0) Gecko/20100101 Firefox/54.0"
192.168.1.22 - - [31/Oct/2025:22:36:38 +0200] "GET /t HTTP/1.1" 200 9379 "https://www.google.com/" "Mozilla/5.0 (Windows NT 10.0; WOW64) AppleWebKit/537.36 (KHTML, like Gecko) Chrome/58.0.3029.110 Safari/537.36 OPR/45.0.2552.898"
192.168.1.35 - - [31/Oct/2025:22:36:38 +0200] "POST /dfdzoxrpj HTTP/1.1" 302 7091 "https://www.ibm.com/" "Mozilla/5.0 (Windows NT 10.0; WOW64) AppleWebKit/537.36 (KHTML, like Gecko) Chrome/58.0.3029.110 Safari/537.36 OPR/45.0.2552.898"
192.168.1.8 - - [31/Oct/2025:22:36:38 +0200] "POST /mu HTTP/1.1" 500 9455 "https://www.example.com/" "Mozilla/5.0 (Windows NT 6.1; WOW64; Trident/7.0; AS; rv:11.0) like Gecko"
192.168.1.25 - - [31/Oct/2025:22:36:38 +0200] "GET /mmmctwqw HTTP/1.1" 204 5759 "https://www.ibm.com/" "Mozilla/5.0 (Windows NT 10.0; Win64; x64; rv:54.0) Gecko/20100101 Firefox/54.0"
192.168.1.45 - - [31/Oct/2025:22:36:38 +0200] "GET /wiiwan HTTP/1.1" 403 7899 "https://www.msn.com/" "Mozilla/5.0 (Windows NT 6.1; WOW64; Trident/7.0; AS; rv:11.0) like Gecko"
192.168.1.46 - - [31/Oct/2025:22:36:38 +0200] "DELETE /bt HTTP/1.1" 204 1964 "https://www.example.com/" "Mozilla/5.0 (Windows NT 10.0; Win64; x64) AppleWebKit/537.36 (KHTML, like Gecko) Chrome/62.0.3202.94 Safari/537.36"
192.168.1.45 - - [31/Oct/2025:22:36:38 +0200] "DELETE /w HTTP/1.1" 200 5220 "https://www.google.com/" "Mozilla/5.0 (Windows NT 10.0; Win64; x64) AppleWebKit/537.36 (KHTML, like Gecko) Chrome/62.0.3202.94 Safari/537.36"
192.168.1.49 - - [31/Oct/2025:22:36:38 +0200] "POST /cbmyj HTTP/1.1" 400 6357 "https://www.msn.com/" "Mozilla/5.0 (Windows NT 6.1; WOW64; rv:54.0) Gecko/20100101 Firefox/54.0"
192.168.1.13 - - [31/Oct/2025:22:36:38 +0200] "PUT /baiivg HTTP/1.1" 302 5469 "https://www.ibm.com/" "Mozilla/5.0 (Windows NT 10.0; Win64; x64) AppleWebKit/537.36 (KHTML, like Gecko) Chrome/58.0.3029.110 Safari/537.36"
192.168.1.37 - - [31/Oct/2025:22:36:38 +0200] "GET /miypekjq HTTP/1.1" 201 302 "https://www.example.com/" "Mozilla/5.0 (Windows NT 6.1; WOW64; Trident/7.0; AS; rv:11.0) like Gecko"
192.168.1.37 - - [31/Oct/2025:22:36:38 +0200] "GET /mxulaw HTTP/1.1" 302 1680 "https://www.example.com/" "Mozilla/5.0 (Windows NT 10.0; WOW64) AppleWebKit/537.36 (KHTML, like Gecko) Chrome/58.0.3029.110 Safari/537.36 OPR/45.0.2552.898"
192.168.1.36 - - [31/Oct/2025:22:36:38 +0200] "GET /w HTTP/1.1" 500 6774 "https://www.google.com/" "Mozilla/5.0 (Windows NT 6.1; WOW64; rv:54.0) Gecko/20100101 Firefox/54.0"
192.168.1.25 - - [31/Oct/2025:22:36:38 +0200] "PUT /oafq HTTP/1.1" 403 2062 "https://www.ibm.com/" "Mozilla/5.0 (Windows NT 10.0; Win64; x64) AppleWebKit/537.36 (KHTML, like Gecko) Chrome/58.0.3029.110 Safari/537.36"
2001:db8:0:1:0:0:0:2 - - [31/Oct/2025:22:36:38 +0200] "GET /slbviifa HTTP/1.1" 204 2337 "https://www.example.com/" "Mozilla/5.0 (Windows NT 6.1; WOW64; Trident/7.0; AS; rv:11.0) like Gecko"
2001:db8:0:1:0:0:0:b - - [31/Oct/2025:22:36:38 +0200] "POST /tzzowyhk HTTP/1.1" 201 5049 "https://www.example.com/" "Mozilla/5.0 (Windows NT 6.1; WOW64; rv:54.0) Gecko/20100101 Firefox/54.0"
2001:db8:0:1:0:0:0:2 - - [31/Oct/2025:22:36:38 +0200] "GET /keifq HTTP/1.1" 201 4236 "https://www.ibm.com/" "Mozilla/5.0 (Windows NT 10.0; Win64; x64) AppleWebKit/537.36 (KHTML, like Gecko) Chrome/58.0.3029.110 Safari/537.36"
192.168.1.3 - - [31/Oct/2025:22:36:38 +0200] "GET /tlj HTTP/1.1" 200 4210 "https://www.google.com/" "Mozilla/5.0 (Windows NT 6.1; WOW64; rv:54.0) Gecko/20100101 Firefox/54.0"
192.168.1.35 - - [31/Oct/2025:22:36:38 +0200] "POST /pzuufy HTTP/1.1" 204 7910 "https://www.msn.com/" "Mozilla/5.0 (Windows NT 10.0; Win64; x64) AppleWebKit/537.36 (KHTML, like Gecko) Chrome/62.0.3202.94 Safari/537.36"
192.168.1.20 - - [31/Oct/2025:22:36:38 +0200] "PUT /u HTTP/1.1" 201 5860 "https://www.example.com/" "Mozilla/5.0 (Windows NT 10.0; Win64; x64) AppleWebKit/537.36 (KHTML, like Gecko) Chrome/58.0.3029.110 Safari/537.36"
192.168.1.21 - - [31/Oct/2025:22:36:38 +0200] "POST /bqjb HTTP/1.1" 204 3204 "https://www.msn.com/" "Mozilla/5.0 (Windows NT 10.0; Win64; x64; rv:54.0) Gecko/20100101 Firefox/54.0"
192.168.1.31 - - [31/Oct/2025:22:36:38 +0200] "GET /sme HTTP/1.1" 400 8122 "https://www.ibm.com/" "Mozilla/5.0 (Windows NT 6.1; WOW64; rv:54.0) Gecko/20100101 Firefox/54.0"
192.168.1.16 - - [31/Oct/2025:22:36:38 +0200] "PUT /dze HTTP/1.1" 403 8805 "https://www.google.com/" "Mozilla/5.0 (Windows NT 10.0; Win64; x64) AppleWebKit/537.36 (KHTML, like Gecko) Chrome/58.0.3029.110 Safari/537.36"
192.168.1.41 - - [31/Oct/2025:22:36:38 +0200] "POST /f HTTP/1.1" 201 3285 "https://www.example.com/" "Mozilla/5.0 (Windows NT 10.0; Win64; x64) AppleWebKit/537.36 (KHTML, like Gecko) Chrome/62.0.3202.94 Safari/537.36"
192.168.1.15 - - [31/Oct/2025:22:36:38 +0200] "POST /cmioubuq HTTP/1.1" 302 1988 "https://www.ibm.com/" "Mozilla/5.0 (Windows NT 10.0; Win64; x64) AppleWebKit/537.36 (KHTML, like Gecko) Chrome/62.0.3202.94 Safari/537.36"
2001:db8:0:1:0:0:0:2 - - [31/Oct/2025:22:36:38 +0200] "PUT /cwauwq HTTP/1.1" 204 3800 "https://www.google.com/" "Mozilla/5.0 (Windows NT 10.0; Win64; x64) AppleWebKit/537.36 (KHTML, like Gecko) Chrome/62.0.3202.94 Safari/537.36"
