192.168.1.45 - - [31/Oct/2025:22:36:38 +0200] "DELETE /kaykpgzjjb HTTP/1.1" 201 8943 "https://www.msn.com/" "Mozilla/5.0 (Windows NT 10.0; Win64; x64; rv:54.0) Gecko/20100101 Firefox/54.0"
192.168.1.25 - - [31/Oct/2025:22:36:38 +0200] "DELETE /mactegtf HTTP/1.1" 302 8901 "https://www.google.com/" "Mozilla/5.0 (Windows NT 6.1; WOW64; rv:54.0) Gecko/20100101 Firefox/54.0"
2001:db8:0:1:0:0:0:a - - [31/Oct/2025:22:36:38 +0200] "GET /fnvkbqzh HTTP/1.1" 403 3968 "https://www.ibm.com/" "Mozilla/5.0 (Windows NT 6.1; WOW64; rv:54.0) Gecko/20100101 Firefox/54.0"
2001:db8:0:1:0:0:0:b - - [31/Oct/2025:22:36:38 +0200] "GET /fcyjmy HTTP/1.1" 401 6857 "https://www.example.com/" "Mozilla/5.0 (Windows NT 6.1; WOW64; rv:54.0) Gecko/20100101 Firefox/54.0"
192.168.1.18 - - [31/Oct/2025:22:36:38 +0200] "DELETE /joveahky HTTP/1.1" 301 9543 "https://www.example.com/" "Mozilla/5.0 (Windows NT 6.1; WOW64; rv:54.0) Gecko/20100101 Firefox/54.0"
192.168.1.11 - - [31/Oct/2025:22:36:38 +0200] "PUT /b HTTP/1.1" 404 6884 "https://www.google.com/" "Mozilla/5.0 (Windows NT 10.0; WOW64) AppleWebKit/537.36 (KHTML, like Gecko) Chrome/58.0.3029.110 Safari/537.36 OPR/45.0.2552.898"
192.168.1.38 - - [31/Oct/2025:22:36:38 +0200] "DELETE /gbpf HTTP/1.1" 404 6127 "https://www.msn.com/" "Mozilla/5.0 (Windows NT 10.0; Win64; x64; rv:54.0) Gecko/20100101 Firefox/54.0"
192.168.1.40 - - [31/Oct/2025:22:36:38 +0200] "GET /jugqpjzz HTTP/1.1" 204 1407 "https://www.google.com/" "Mozilla/5.0 (Windows NT 10.0; Win64; x64; rv:54.0) Gecko/20100101 Firefox/54.0"
192.168.1.12 - - [31/Oct/2025:22:36:38 +0200] "GET /qrqvbz HTTP/1.1" 204 1963 "https://www.ibm.com/" "Mozilla/5.0 (Windows NT 10.0; Win64; x64) AppleWebKit/537.36 (KHTML, like Gecko) Chrome/62.0.3202.94 Safari/537.36"
192.168.1.41 - - [31/Oct/2025:22:36:38 +0200] "POST /irvyjdedq HTTP/1.1" 400 5622 "https://www.google.com/" "Mozilla/5.0 (Windows NT 10.0; WOW64) AppleWebKit/537.36 (KHTML, like Gecko) Chrome/58.0.3029.110 Safari/537.36 OPR/45.0.2552.898"
192.168.1.27 - - [31/Oct/2025:22:36:38 +0200] "GET /kts HTTP/1.1" 400 1749 "https://www.msn.com/" "Mozilla/5.0 (Windows NT 10.0; Win64; x64) AppleWebKit/537.36 (KHTML, like Gecko) Chrome/62.0.3202.94 Safari/537.36"
192.168.1.50 - - [31/Oct/2025:22:36:38 +0200] "POST /tabehn HTTP/1.1" 302 6374 "https://www.example.com/" "Mozilla/5.0 (Windows NT 10.0; Win64; x64) AppleWebKit/537.36 (KHTML, like Gecko) Chrome/58.0.3029.110 Safari/537.36"
192.168.1.16 - - [31/Oct/2025:22:36:38 +0200] "GET /ar HTTP/1.1" 201 8554 "https://www.example.com/" "Mozilla/5.0 (Windows NT 6.1; WOW64; rv:54.0) Gecko/20100101 Firefox/54.0"
192.168.1.34 - - [31/Oct/2025:22:36:38 +0200] "GET /tzvnbxtxil HTTP/1.1" 401 4437 "https://www.msn.com/" "Mozilla/5.0 (Windows NT 6.1; WOW64; rv:54.0) Gecko/20100101 Firefox/54.0"
192.168.1.18 - - [31/Oct/2025:22:36:38 +0200] "PUT /qa HTTP/1.1" 204 8092 "https://www.ibm.com/" "Mozilla/5.0 (Windows NT 10.0; WOW64) AppleWebKit/537.36 (KHTML, like Gecko) Chrome/58.0.3029.110 Safari/537.36 OPR/45.0.2552.898"
192.168.1.7 - - [31/Oct/2025:22:36:38 +0200] "PUT /ym HTTP/1.1" 204 7894 "https://www.ibm.com/" "Mozilla/5.0 (Windows NT 6.1; WOW64; rv:54.0) Gecko/20100101 Firefox/54.0"
192.168.1.42 - - [31/Oct/2025:22:36:38 +0200] "POST /zctwj HTTP/1.1" 302 4149 "https://www.example.com/" "Mozilla/5.0 (Windows NT 6.1; WOW64; Trident/7.0; AS; rv:11.0) like Gecko"
192.168.1.34 - - [31/Oct/2025:22:36:38 +0200] "DELETE /mqa HTTP/1.1" 403 6676 "https://www.msn.com/" "Mozilla/5.0 (Windows NT 10.0; WOW64) AppleWebKit/537.36 (KHTML, like Gecko) Chrome/58.0.3029.110 Safari/537.36 OPR/45.0.2552.898"
192.168.1.41 - - [31/Oct/2025:22:36:38 +0200] "DELETE /bqwexkkn HTTP/1.1" 401 5290 "https://www.ibm.com/" "Mozilla/5.0 (Windows NT 6.1; WOW64; rv:54.0) Gecko/20100101 Firefox/54.0"
2001:db8:0:1:0:0:0:5 - - [31/Oct/2025:22:36:38 +0200] "POST /cfsdpr HTTP/1.1" 400 2724 "https://www.google.com/" "Mozilla/5.0 (Windows NT 10.0; Win64; x64; rv:54.0) Gecko/20100101 Firefox/54.0"
192.168.1.23 - - [31/Oct/2025:22:36:38 +0200] "GET /kwuuogewjs HTTP/1.1" 403 2149 "https://www.example.com/" "Mozilla/5.0 (Windows NT 10.0; Win64; x64) AppleWebKit/537.36 (KHTML, like Gecko) Chrome/58.0.3029.110 Safari/537.36"
192.168.1.5 - - [31/Oct/2025:22:36:38 +0200] "PUT /cyex HTTP/1.1" 204 1389 "https://www.msn.com/" "Mozilla/5.0 (Windows NT 10.0; Win64; x64) AppleWebKit/537.36 (KHTML, like Gecko) Chrome/62.0.3202.94 Safari/537.36"
192.168.1.20 - - [31/Oct/2025:22:36:38 +0200] "GET /x HTTP/1.1" 403 8099 "https://www.ibm.com/" "Mozilla/5.0 (Windows NT 6.1; WOW64; Trident/7.0; AS; rv:11.0) like Gecko"
192.168.1.5 - - [31/Oct/2025:22:36:38 +0200] "DELETE /xbwqutzctz HTTP/1.1" 201 3191 "https://www.msn.com/" "Mozilla/5.0 (Windows NT 10.0; WOW64) AppleWebKit/537.36 (KHTML, like Gecko) Chrome/58.0.3029.110 Safari/537.36 OPR/45.0.2552.898"
2001:db8:0:1:0:0:0:b - - [31/Oct/2025:22:36:38 +0200] "POST /zrnrbf HTTP/1.1" 404 5597 "https://www.msn.com/" "Mozilla/5.0 (Windows NT 6.1; WOW64; rv:54.0) Gecko/20100101 Firefox/54.0"
192.168.1.17 - - [31/Oct/2025:22:36:38 +0200] "PUT /flqomnt HTTP/1.1" 200 5036 "https://www.msn.com/" "Mozilla/5.0 (Windows NT 10.0; Win64; x64) AppleWebKit/537.36 (KHTML, like Gecko) Chrome/58.0.3029.110 Safari/537.36"
192.168.1.18 - - [31/Oct/2025:22:36:38 +0200] "PUT /bkubvkqyv HTTP/1.1" 302 5806 "https://www.example.com/" "Mozilla/5.0 (Windows NT 10.0; WOW64) AppleWebKit/537.36 (KHTML, like Gecko) Chrome/58.0.3029.110 Safari/537.36 OPR/45.0.2552.898"
2001:db8:0:1:0:0:0:9 - - [31/Oct/2025:22:36:38 +0200] "PUT /fnb HTTP/1.1" 500 6345 "https://www.example.com/" "Mozilla/5.0 (Windows NT 10.0; Win64; x64) AppleWebKit/537.36 (KHTML, like Gecko) Chrome/58.0.3029.110 Safari/537.36"
2001:db8:0:1:0:0:0:b - - [31/Oct/2025:22:36:38 +0200] "PUT /ucwslmjg HTTP/1.1" 201 321 "https://www.ibm.com/" "Mozilla/5.0 (Windows NT 6.1; WOW64; rv:54.0) Gecko/20100101 Firefox/54.0"
2001:db8:0:1:0:0:0:b - - [31/Oct/2025:22:36:38 +0200] "POST /ulzgrdrc HTTP/1.1" 403 5764 "https://www.google.com/" "Mozilla/5.0 (Windows NT 6.1; WOW64; rv:54.0) Gecko/20100101 Firefox/54.0"
192.168.1.26 - - [31/Oct/2025:22:36:38 +0200] "DELETE /h HTTP/1.1" 301 8114 "https://www.example.com/" "Mozilla/5.0 (Windows NT 10.0; WOW64) AppleWebKit/537.36 (KHTML, like Gecko) Chrome/58.0.3029.110 Safari/537.36 OPR/45.0.2552.898"
192.168.1.26 - - [31/Oct/2025:22:36:38 +0200] "GET /pessthv HTTP/1.1" 200 7642 "https://www.google.com/" "Mozilla/5.0 (Windows NT 10.0; WOW64) AppleWebKit/537.36 (KHTML, like Gecko) Chrome/58.0.3029.110 Safari/537.36 OPR/45.0.2552.898"
2001:db8:0:1:0:0:0:a - - [31/Oct/2025:22:36:38 +0200] "POST /pl HTTP/1.1" 204 7866 "https://www.ibm.com/" "Mozilla/5.0 (Windows NT 10.0; WOW64) AppleWebKit/537.36 (KHTML, like Gecko) Chrome/58.0.3029.110 Safari/537.36 OPR/45.0.2552.898"
192.168.1.8 - - [31/Oct/2025:22:36:38 +0200] "GET /ph HTTP/1.1" 400 8863 "https://www.example.com/" "Mozilla/5.0 (Windows NT 10.0; Win64; x64) AppleWebKit/537.36 (KHTML, like Gecko) Chrome/58.0.3029.110 Safari/537.36"
192.168.1.36 - - [31/Oct/2025:22:36:38 +0200] "POST /t HTTP/1.1" 404 7528 "https://www.google.com/" "Mozilla/5.0 (Windows NT 10.0; WOW64) AppleWebKit/537.36 (KHTML, like Gecko) Chrome/58.0.3029.110 Safari/537.36 OPR/45.0.2552.898"
192.168.1.1 - - [31/Oct/2025:22:36:38 +0200] "GET /b HTTP/1.1" 301 6349 "https://www.google.com/" "Mozilla/5.0 (Windows NT 10.0; Win64; x64) AppleWebKit/537.36 (KHTML, like Gecko) Chrome/62.0.3202.94 Safari/537.36"
192.168.1.32 - - [31/Oct/2025:22:36:38 +0200] "DELETE /a HTTP/1.1" 204 4890 "https://www.msn.com/" "Mozilla/5.0 (Windows NT 10.0; WOW64) AppleWebKit/537.36 (KHTML, like Gecko) Chrome/58.0.3029.110 Safari/537.36 OPR/45.0.2552.898"
192.168.1.29 - - [31/Oct/2025:22:36:38 +0200] "GET /r HTTP/1.1" 201 7142 "https://www.google.com/" "Mozilla/5.0 (Windows NT 6.1; WOW64; rv:54.0) Gecko/20100101 Firefox/54.0"
192.168.1.44 - - [31/Oct/2025:22:36:38 +0200] "POST /t HTTP/1.1" 403 3851 "https://www.google.com/" "Mozilla/5.0 (Windows NT 10.0; Win64; x64) AppleWebKit/537.36 (KHTML, like Gecko) Chrome/62.0.3202.94 Safari/537.36"
192.168.1.25 - - [31/Oct/2025:22:36:38 +0200] "POST /xgqxptyr HTTP/1.1" 302 1511 "https://www.example.com/" "Mozilla/5.0 (Windows NT 10.0; WOW64) AppleWebKit/537.36 (KHTML, like Gecko) Chrome/58.0.3029.110 Safari/537.36 OPR/45.0.2552.898"
2001:db8:0:1:0:0:0:e - - [31/Oct/2025:22:36:38 +0200] "GET /ri HTTP/1.1" 302 7643 "https://www.ibm.com/" "Mozilla/5.0 (Windows NT 6.1; WOW64; Trident/7.0; AS; rv:11.0) like Gecko"
2001:db8:0:1:0:0:0:3 - - [31/Oct/2025:22:36:38 +0200] "POST /o HTTP/1.1" 204 7221 "https://www.msn.com/" "Mozilla/5.0 (Windows NT 6.1; WOW64; rv:54.0) Gecko/20100101 Firefox/54.0"
192.168.1.36 - - [31/Oct/2025:22:36:38 +0200] "POST /j HTTP/1.1" 301 1087 "https://www.msn.com/" "Mozilla/5.0 (Windows NT 10.0; Win64; x64; rv:54.0) Gecko/20100101 Firefox/54.0"
2001:db8:0:1:0:0:0:e - - [31/Oct/2025:22:36:38 +0200] "GET /thvkno HTTP/1.1" 201 7393 "https://www.ibm.com/" "Mozilla/5.0 (Windows NT 10.0; Win64; x64) AppleWebKit/537.36 (KHTML, like Gecko) Chrome/62.0.3202.94 Safari/537.36"
2001:db8:0:1:0:0:0:9 - - [31/Oct/2025:22:36:38 +0200] "DELETE /eqflby HTTP/1.1" 200 8042 "https://www.example.com/" "Mozilla/5.0 (Windows NT 6.1; WOW64; Trident/7.0; AS; rv:11.0) like Gecko"
192.168.1.28 - - [31/Oct/2025:22:36:38 +0200] "PUT /hngse HTTP/1.1" 204 4786 "https://www.example.com/" "Mozilla/5.0 (Windows NT 10.0; Win64; x64) AppleWebKit/537.36 (KHTML, like Gecko) Chrome/62.0.3202.94 Safari/537.36"
192.168.1.6 - - [31/Oct/2025:22:36:38 +0200] "POST /vvfxwqji HTTP/1.1" 403 1681 "https://www.google.com/" "Mozilla/5.0 (Windows NT 10.0; Win64; x64) AppleWebKit/537.36 (KHTML, like Gecko) Chrome/58.0.3029.110 Safari/537.36"
192.168.1.21 - - [31/Oct/2025:22:36:38 +0200] "POST /i HTTP/1.1" 302 5323 "https://www.example.com/" "Mozilla/5.0 (Windows NT 10.0; Win64; x64) AppleWebKit/537.36 (KHTML, like Gecko) Chrome/58.0.3029.110 Safari/537.36"
2001:db8:0:1:0:0:0:2 - - [31/Oct/2025:22:36:38 +0200] "GET /velrkltq HTTP/1.1" 301 5000 "https://www.example.com/" "Mozilla/5.0 (Windows NT 10.0; Win64; x64) AppleWebKit/537.36 (KHTML, like Gecko) Chrome/58.0.3029.110 Safari/537.36"
192.168.1.12 - - [31/Oct/2025:22:36:38 +0200] "POST /tjz HTTP/1.1" 500 7355 "https://www.ibm.com/" "Mozilla/5.0 (Windows NT 10.0; WOW64) AppleWebKit/537.36 (KHTML, like Gecko) Chrome/58.0.3029.110 Safari/537.36 OPR/45.0.2552.898"
192.168.1.47 - - [31/Oct/2025:22:36:38 +0200] "GET /hcbiccvdt HTTP/1.1" 404 1739 "https://www.google.com/" "Mozilla/5.0 (Windows NT 10.0; Win64; x64; rv:54.0) Gecko/20100101 Firefox/54.0"
192.168.1.47 - - [31/Oct/2025:22:36:38 +0200] "PUT /gbxci HTTP/1.1" 403 3885 "https://www.google.com/" "Mozilla/5.0 (Windows NT 10.0; WOW64) AppleWebKit/537.36 (KHTML, like Gecko) Chrome/58.0.3029.110 Safari/537.36 OPR/45.0.2552.898"
2001:db8:0:1:0:0:0:5 - - [31/Oct/2025:22:36:38 +0200] "PUT /qkfgqsgfwr HTTP/1.1" 401 7685 "https://www.google.com/" "Mozilla/5.0 (Windows NT 6.1; WOW64; rv:54.0) Gecko/20100101 Firefox/54.0"
192.168.1.8 - - [31/Oct/2025:22:36:38 +0200] "POST /qj HTTP/1.1" 201 6599 "https://www.ibm.com/" "Mozilla/5.0 (Windows NT 10.0; Win64; x64; rv:54.0) Gecko/20100101 Firefox/54.0"
192.168.1.34 - - [31/Oct/2025:22:36:38 +0200] "POST /rntvyxko HTTP/1.1" 500 4228 "https://www.ibm.com/" "Mozilla/5.0 (Windows NT 10.0; WOW64) AppleWebKit/537.36 (KHTML, like Gecko) Chrome/58.0.3029.110 Safari/537.36 OPR/45.0.2552.898"
192.168.1.16 - - [31/Oct/2025:22:36:38 +0200] "DELETE /efetg HTTP/1.1" 404 4020 "https://www.google.com/" "Mozilla/5.0 (Windows NT 6.1; WOW64; Trident/7.0; AS; rv:11.0) like Gecko"
192.168.1.1 - - [31/Oct/2025:22:36:38 +0200] "GET /byvxbomu HTTP/1.1" 201 7247 "https://www.google.com/" "Mozilla/5.0 (Windows NT 6.1; WOW64; rv:54.0) Gecko/20100101 Firefox/54.0"
192.168.1.13 - - [31/Oct/2025:22:36:38 +0200] "POST /xd HTTP/1.1" 404 1247 "https://www.ibm.com/" "Mozilla/5.0 (Windows NT 6.1; WOW64; rv:54.0) Gecko/20100101 Firefox/54.0"
192.168.1.6 - - [31/Oct/2025:22:36:38 +0200] "GET /nblg HTTP/1.1" 201 8269 "https://www.example.com/" "Mozilla/5.0 (Windows NT 10.0; Win64; x64; rv:54.0) Gecko/20100101 Firefox/54.0"
192.168.1.7 - - [31/Oct/2025:22:36:38 +0200] "PUT /pksconcml HTTP/1.1" 201 4577 "https://www.ibm.com/" "Mozilla/5.0 (Windows NT 10.0; Win64; x64) AppleWebKit/537.36 (KHTML, like Gecko) Chrome/62.0.3202.94 Safari/537.36"
2001:db8:0:1:0:0:0:8 - - [31/Oct/2025:22:36:38 +0200] "GET /rtwbua HTTP/1.1" 201 4422 "https://www.google.com/" "Mozilla/5.0 (Windows NT 6.1; WOW64; Trident/7.0; AS; rv:11.0) like Gecko"
2001:db8:0:1:0:0:0:9 - - [31/Oct/2025:22:36:38 +0200] "PUT /tlup HTTP/1.1" 500 6480 "https://www.msn.com/" "Mozilla/5.0 (Windows NT 10.0; WOW64) AppleWebKit/537.36 (KHTML, like Gecko) Chrome/58.0.3029.110 Safari/537.36 OPR/45.0.2552.898"
192.168.1.19 - - [31/Oct/2025:22:36:38 +0200] "DELETE /bjsddwg HTTP/1.1" 400 6633 "https://www.msn.com/" "Mozilla/5.0 (Windows NT 6.1; WOW64; rv:54.0) Gecko/20100101 Firefox/54.0"
192.168.1.43 - - [31/Oct/2025:22:36:38 +0200] "DELETE /elromwjg HTTP/1.1" 301 1253 "https://www.msn.com/" "Mozilla/5.0 (Windows NT 6.1; WOW64; rv:54.0) Gecko/20100101 Firefox/54.0"
192.168.1.50 - - [31/Oct/2025:22:36:38 +0200] "POST /orrtomuc HTTP/1.1" 400 8947 "https://www.ibm.com/" "Mozilla/5.0 (Windows NT 10.0; Win64; x64) AppleWebKit/537.36 (KHTML, like Gecko) Chrome/62.0.3202.94 Safari/537.36"
2001:db8:0:1:0:0:0:d - - [31/Oct/2025:22:36:38 +0200] "DELETE /omgp HTTP/1.1" 401 8640 "https://www.ibm.com/" "Mozilla/5.0 (Windows NT 10.0; Win64; x64; rv:54.0) Gecko/20100101 Firefox/54.0"
2001:db8:0:1:0:0:0:7 - - [31/Oct/2025:22:36:38 +0200] "PUT /lx HTTP/1.1" 201 5490 "https://www.google.com/" "Mozilla/5.0 (Windows NT 10.0; WOW64) AppleWebKit/537.36 (KHTML, like Gecko) Chrome/58.0.3029.110 Safari/537.36 OPR/45.0.2552.898"
192.168.1.36 - - [31/Oct/2025:22:36:38 +0200] "POST /v HTTP/1.1" 301 4582 "https://www.example.com/" "Mozilla/5.0 (Windows NT 6.1; WOW64; rv:54.0) Gecko/20100101 Firefox/54.0"
192.168.1.16 - - [31/Oct/2025:22:36:38 +0200] "GET /d HTTP/1.1" 201 7834 "https://www.msn.com/" "Mozilla/5.0 (Windows NT 6.1; WOW64; rv:54.0) Gecko/20100101 Firefox/54.0"
192.168.1.45 - - [31/Oct/2025:22:36:38 +0200] "PUT /rn HTTP/1.1" 301 7076 "https://www.google.com/" "Mozilla/5.0 (Windows NT 10.0; Win64; x64; rv:54.0) Gecko/20100101 Firefox/54.0"
192.168.1.30 - - [31/Oct/2025:22:36:38 +0200] "GET /zhgftu HTTP/1.1" 404 7351 "https://www.msn.com/" "Mozilla/5.0 (Windows NT 6.1; WOW64; rv:54.0) Gecko/20100101 Firefox/54.0"
192.168.1.37 - - [31/Oct/2025:22:36:38 +0200] "POST /vxbjecmj HTTP/1.1" 401 8983 "https://www.google.com/" "Mozilla/5.0 (Windows NT 10.0; Win64; x64) AppleWebKit/537.36 (KHTML, like Gecko) Chrome/58.0.3029.110 Safari/537.36"
192.168.1.47 - - [31/Oct/2025:22:36:38 +0200] "POST /wjcda HTTP/1.1" 404 279 "https://www.example.com/" "Mozilla/5.0 (Windows NT 6.1; WOW64; Trident/7.0; AS; rv:11.0) like Gecko"
192.168.1.18 - - [31/Oct/2025:22:36:38 +0200] "DELETE /yveauub HTTP/1.1" 302 3357 "https://www.example.com/" "Mozilla/5.0 (Windows NT 10.0; Win64; x64; rv:54.0) Gecko/20100101 Firefox/54.0"
2001:db8:0:1:0:0:0:d - - [31/Oct/2025:22:36:38 +0200] "PUT /ynsumaypb HTTP/1.1" 302 4659 "https://www.google.com/" "Mozilla/5.0 (Windows NT 10.0; WOW64) AppleWebKit/537.36 (KHTML, like Gecko) Chrome/58.0.3029.110 Safari/537.36 OPR/45.0.2552.898"
192.168.1.8 - - [31/Oct/2025:22:36:38 +0200] "GET /peoh HTTP/1.1" 400 8505 "https://www.google.com/" "Mozilla/5.0 (Windows NT 10.0; Win64; x64; rv:54.0) Gecko/20100101 Firefox/54.0"
2001:db8:0:1:0:0:0:3 - - [31/Oct/2025:22:36:38 +0200] "GET /eavrl HTTP/1.1" 302 8809 "https://www.msn.com/" "Mozilla/5.0 (Windows NT 10.0; Win64; x64) AppleWebKit/537.36 (KHTML, like Gecko) Chrome/58.0.3029.110 Safari/537.36"
192.168.1.35 - - [31/Oct/2025:22:36:38 +0200] "POST /hvdgutns HTTP/1.1" 301 5429 "https://www.google.com/" "Mozilla/5.0 (Windows NT 10.0; Win64; x64) AppleWebKit/537.36 (KHTML, like Gecko) Chrome/58.0.3029.110 Safari/537.36"
2001:db8:0:1:0:0:0:6 - - [31/Oct/2025:22:36:38 +0200] "PUT /mlylfndav HTTP/1.1" 400 5039 "https://www.google.com/" "Mozilla/5.0 (Windows NT 10.0; Win64; x64; rv:54.0) Gecko/20100101 Firefox/54.0"
192.168.1.4 - - [31/Oct/2025:22:36:38 +0200] "PUT /ycqlpnrki HTTP/1.1" 404 3887 "https://www.msn.com/" "Mozilla/5.0 (Windows NT 10.0; Win64; x64; rv:54.0) Gecko/20100101 Firefox/54.0"
192.168.1.4 - - [31/Oct/2025:22:36:38 +0200] "DELETE /bhrdiz HTTP/1.1" 403 3930 "https://www.ibm.com/" "Mozilla/5.0 (Windows NT 10.0; Win64; x64) AppleWebKit/537.36 (KHTML, like Gecko) Chrome/62.0.3202.94 Safari/537.36"
192.168.1.8 - - [31/Oct/2025:22:36:38 +0200] "POST /zwiwcn HTTP/1.1" 204 4614 "https://www.google.com/" "Mozilla/5.0 (Windows NT 10.0; Win64; x64; rv:54.0) Gecko/20100101 Firefox/54.0"
192.168.1.9 - - [31/Oct/2025:22:36:38 +0200] "POST /flqkbe HTTP/1.1" 400 2772 "https://www.google.com/" "Mozilla/5.0 (Windows NT 10.0; WOW64) AppleWebKit/537.36 (KHTML, like Gecko) Chrome/58.0.3029.110 Safari/537.36 OPR/45.0.2552.898"
192.168.1.4 - - [31/Oct/2025:22:36:38 +0200] "GET /nr HTTP/1.1" 400 3186 "https://www.google.com/" "Mozilla/5.0 (Windows NT 10.0; Win64; x64) AppleWebKit/537.36 (KHTML, like Gecko) Chrome/58.0.3029.110 Safari/537.36"
192.168.1.40 - - [31/Oct/2025:22:36:38 +0200] "POST /mi HTTP/1.1" 500 7197 "https://www.msn.com/" "Mozilla/5.0 (Windows NT 6.1; WOW64; Trident/7.0; AS; rv:11.0) like Gecko"
192.168.1.3 - - [31/Oct/2025:22:36:38 +0200] "PUT /avg HTTP/1.1" 201 1004 "https://www.msn.com/" "Mozilla/5.0 (Windows NT 6.1; WOW64; Trident/7.0; AS; rv:11.0) like Gecko"
2001:db8:0:1:0:0:0:c - - [31/Oct/2025:22:36:38 +0200] "PUT /ssuzuzvv HTTP/1.1" 301 4698 "https://www.example.com/" "Mozilla/5.0 (Windows NT 10.0; WOW64) AppleWebKit/537.36 (KHTML, like Gecko) Chrome/58.0.3029.110 Safari/537.36 OPR/45.0.2552.898"
192.168.1.42 - - [31/Oct/2025:22:36:38 +0200] "DELETE /ddmv HTTP/1.1" 400 2542 "https://www.example.com/" "Mozilla/5.0 (Windows NT 6.1; WOW64; rv:54.0) Gecko/20100101 Firefox/54.0"
192.168.1.21 - - [31/Oct/2025:22:36:38 +0200] "DELETE /vbm HTTP/1.1" 400 538 "https://www.ibm.com/" "Mozilla/5.0 (Windows NT 10.0; Win64; x64) AppleWebKit/537.36 (KHTML, like Gecko) Chrome/58.0.3029.110 Safari/537.36"
192.168.1.30 - - [31/Oct/2025:22:36:38 +0200] "GET /acc HTTP/1.1" 301 7797 "https://www.msn.com/" "Mozilla/5.0 (Windows NT 10.0; Win64; x64) AppleWebKit/537.36 (KHTML, like Gecko) Chrome/62.0.3202.94 Safari/537.36"
2001:db8:0:1:0:0:0:9 - - [31/Oct/2025:22:36:38 +0200] "POST /ak HTTP/1.1" 302 2264 "https://www.ibm.com/" "Mozilla/5.0 (Windows NT 10.0; Win64; x64) AppleWebKit/537.36 (KHTML, like Gecko) Chrome/58.0.3029.110 Safari/537.36"
192.168.1.2 - - [31/Oct/2025:22:36:38 +0200] "GET /dxxkh HTTP/1.1" 302 7104 "https://www.ibm.com/" "Mozilla/5.0 (Windows NT 6.1; WOW64; Trident/7.0; AS; rv:11.0) like Gecko"
192.168.1.28 - - [31/Oct/2025:22:36:38 +0200] "PUT /zqaym HTTP/1.1" 204 1536 "https://www.example.com/" "Mozilla/5.0 (Windows NT 6.1; WOW64; Trident/7.0; AS; rv:11.0) like Gecko"
2001:db8:0:1:0:0:0:5 - - [31/Oct/2025:22:36:38 +0200] "POST /ouodp HTTP/1.1" 401 969 "https://www.example.com/" "Mozilla/5.0 (Windows NT 10.0; Win64; x64) AppleWebKit/537.36 (KHTML, like Gecko) Chrome/62.0.3202.94 Safari/537.36"
2001:db8:0:1:0:0:0:1 - - [31/Oct/2025:22:36:38 +0200] "PUT /zgukbtquv HTTP/1.1" 302 553 "https://www.ibm.com/" "Mozilla/5.0 (Windows NT 10.0; WOW64) AppleWebKit/537.36 (KHTML, like Gecko) Chrome/58.0.3029.110 Safari/537.36 OPR/45.0.2552.898"
192.168.1.13 - - [31/Oct/2025:22:36:38 +0200] "DELETE /dxjmxfatrs HTTP/1.1" 204 7929 "https://www.google.com/" "Mozilla/5.0 (Windows NT 6.1; WOW64; Trident/7.0; AS; rv:11.0) like Gecko"
192.168.1.29 - - [31/Oct/2025:22:36:38 +0200] "POST /lb HTTP/1.1" 403 8859 "https://www.ibm.com/" "Mozilla/5.0 (Windows NT 6.1; WOW64; Trident/7.0; AS; rv:11.0) like Gecko"
192.168.1.10 - - [31/Oct/2025:22:36:38 +0200] "POST /he HTTP/1.1" 404 1757 "https://www.ibm.com/" "Mozilla/5.0 (Windows NT 6.1; WOW64; rv:54.0) Gecko/20100101 Firefox/54.0"
192.168.1.36 - - [31/Oct/2025:22:36:38 +0200] "POST /gxuchrt HTTP/1.1" 200 5440 "https://www.msn.com/" "Mozilla/5.0 (Windows NT 10.0; Win64; x64) AppleWebKit/537.36 (KHTML, like Gecko) Chrome/58.0.3029.110 Safari/537.36"
192.168.1.40 - - [31/Oct/2025:22:36:38 +0200] "GET /yw HTTP/1.1" 404 8980 "https://www.msn.com/" "Mozilla/5.0 (Windows NT 6.1; WOW64; rv:54.0) Gecko/20100101 Firefox/54.0"
192.168.1.26 - - [31/Oct/2025:22:36:38 +0200] "POST /xr HTTP/1.1" 403 4379 "https://www.msn.com/" "Mozilla/5.0 (Windows NT 10.0; Win64; x64) AppleWebKit/537.36 (KHTML, like Gecko) Chrome/62.0.3202.94 Safari/537.36"
192.168.1.35 - - [31/Oct/2025:22:36:38 +0200] "DELETE /bue HTTP/1.1" 204 2925 "https://www.google.com/" "Mozilla/5.0 (Windows NT 10.0; Win64; x64) AppleWebKit/537.36 (KHTML, like Gecko) Chrome/58.0.3029.110 Safari/537.36"
192.168.1.33 - - [31/Oct/2025:22:36:38 +0200] "PUT /rgzdk HTTP/1.1" 404 3122 "https://www.msn.com/" "Mozilla/5.0 (Windows NT 10.0; WOW64) AppleWebKit/537.36 (KHTML, like Gecko) Chrome/58.0.3029.110 Safari/537.36 OPR/45.0.2552.898"
2001:db8:0:1:0:0:0:8 - - [31/Oct/2025:22:36:38 +0200] "POST /zkudxki HTTP/1.1" 204 7569 "https://www.example.com/" "Mozilla/5.0 (Windows NT 10.0; Win64; x64) AppleWebKit/537.36 (KHTML, like Gecko) Chrome/58.0.3029.110 Safari/537.36"
2001:db8:0:1:0:0:0:4 - - [31/Oct/2025:22:36:38 +0200] "PUT /untz HTTP/1.1" 200 5072 "https://www.google.com/" "Mozilla/5.0 (Windows NT 6.1; WOW64; rv:54.0) Gecko/20100101 Firefox/54.0"
192.168.1.6 - - [31/Oct/2025:22:36:38 +0200] "PUT /p HTTP/1.1" 401 868 "https://www.ibm.com/" "Mozilla/5.0 (Windows NT 6.1; WOW64; rv:54.0) Gecko/20100101 Firefox/54.0"
192.168.1.43 - - [31/Oct/2025:22:36:38 +0200] "POST /kh HTTP/1.1" 204 8403 "https://www.google.com/" "Mozilla/5.0 (Windows NT 6.1; WOW64; Trident/7.0; AS; rv:11.0) like Gecko"
192.168.1.24 - - [31/Oct/2025:22:36:38 +0200] "DELETE /nlhepf HTTP/1.1" 404 8633 "https://www.ibm.com/" "Mozilla/5.0 (Windows NT 6.1; WOW64; Trident/7.0; AS; rv:11.0) like Gecko"
192.168.1.30 - - [31/Oct/2025:22:36:38 +0200] "GET /zzxypfwusn HTTP/1.1" 200 2446 "https://www.ibm.com/" "Mozilla/5.0 (Windows NT 10.0; Win64; x64) AppleWebKit/537.36 (KHTML, like Gecko) Chrome/62.0.3202.94 Safari/537.36"
2001:db8:0:1:0:0:0:7 - - [31/Oct/2025:22:36:38 +0200] "GET /zcx HTTP/1.1" 302 8859 "https://www.example.com/" "Mozilla/5.0 (Windows NT 10.0; WOW64) AppleWebKit/537.36 (KHTML, like Gecko) Chrome/58.0.3029.110 Safari/537.36 OPR/45.0.2552.898"
192.168.1.39 - - [31/Oct/2025:22:36:38 +0200] "GET /dwmlvxkfiw HTTP/1.1" 500 8786 "https://www.google.com/" "Mozilla/5.0 (Windows NT 10.0; Win64; x64; rv:54.0) Gecko/20100101 Firefox/54.0"
192.168.1.43 - - [31/Oct/2025:22:36:38 +0200] "POST /idvqznqpa HTTP/1.1" 302 2721 "https://www.msn.com/" "Mozilla/5.0 (Windows NT 10.0; Win64; x64; rv:54.0) Gecko/20100101 Firefox/54.0"
2001:db8:0:1:0:0:0:d - - [31/Oct/2025:22:36:38 +0200] "GET /asv HTTP/1.1" 200 5107 "https://www.example.com/" "Mozilla/5.0 (Windows NT 10.0; Win64; x64) AppleWebKit/537.36 (KHTML, like Gecko) Chrome/62.0.3202.94 Safari/537.36"
192.168.1.46 - - [31/Oct/2025:22:36:38 +0200] "POST /iejmh HTTP/1.1" 302 9775 "https://www.ibm.com/" "Mozilla/5.0 (Windows NT 6.1; WOW64; rv:54.0) Gecko/20100101 Firefox/54.0"
192.168.1.48 - - [31/Oct/2025:22:36:38 +0200] "PUT /umzwqov HTTP/1.1" 403 1669 "https://www.example.com/" "Mozilla/5.0 (Windows NT 6.1; WOW64; Trident/7.0; AS; rv:11.0) like Gecko"
192.168.1.33 - - [31/Oct/2025:22:36:38 +0200] "POST /igxqalf HTTP/1.1" 500 5427 "https://www.google.com/" "Mozilla/5.0 (Windows NT 10.0; Win64; x64; rv:54.0) Gecko/20100101 Firefox/54.0"
192.168.1.48 - - [31/Oct/2025:22:36:38 +0200] "PUT /matpwo HTTP/1.1" 401 7337 "https://www.msn.com/" "Mozilla/5.0 (Windows NT 6.1; WOW64; rv:54.0) Gecko/20100101 Firefox/54.0"
192.168.1.50 - - [31/Oct/2025:22:36:38 +0200] "POST /dinxfvwhh HTTP/1.1" 500 3429 "https://www.ibm.com/" "Mozilla/5.0 (Windows NT 10.0; Win64; x64) AppleWebKit/537.36 (KHTML, like Gecko) Chrome/62.0.3202.94 Safari/537.36"
192.168.1.49 - - [31/Oct/2025:22:36:38 +0200] "DELETE /hbsu HTTP/1.1" 500 8030 "https://www.google.com/" "Mozilla/5.0 (Windows NT 6.1; WOW64; Trident/7.0; AS; rv:11.0) like Gecko"
192.168.1.15 - - [31/Oct/2025:22:36:38 +0200] "PUT /jxc HTTP/1.1" 404 8271 "https://www.example.com/" "Mozilla/5.0 (Windows NT 6.1; WOW64; Trident/7.0; AS; rv:11.0) like Gecko"
192.168.1.15 - - [31/Oct/2025:22:36:38 +0200] "POST /rlni HTTP/1.1" 301 771 "https://www.example.com/" "Mozilla/5.0 (Windows NT 10.0; WOW64) AppleWebKit/537.36 (KHTML, like Gecko) Chrome/58.0.3029.110 Safari/537.36 OPR/45.0.2552.898"
192.168.1.22 - - [31/Oct/2025:22:36:38 +0200] "PUT /s HTTP/1.1" 301 1924 "https://www.msn.com/" "Mozilla/5.0 (Windows NT 10.0; WOW64) AppleWebKit/537.36 (KHTML, like Gecko) Chrome/58.0.3029.110 Safari/537.36 OPR/45.0.2552.898"
192.168.1.49 - - [31/Oct/2025:22:36:38 +0200] "POST /mydxt HTTP/1.1" 200 6216 "https://www.ibm.com/" "Mozilla/5.0 (Windows NT 6.1; WOW64; Trident/7.0; AS; rv:11.0) like Gecko"
2001:db8:0:1:0:0:0:9 - - [31/Oct/2025:22:36:38 +0200] "DELETE /du HTTP/1.1" 404 578 "https://www.example.com/" "Mozilla/5.0 (Windows NT 6.1; WOW64; Trident/7.0; AS; rv:11.0) like Gecko"
2001:db8:0:1:0:0:0:2 - - [31/Oct/2025:22:36:38 +0200] "PUT /gj HTTP/1.1" 200 4169 "https://www.msn.com/" "Mozilla/5.0 (Windows NT 10.0; Win64; x64; rv:54.0) Gecko/20100101 Firefox/54.0"
192.168.1.27 - - [31/Oct/2025:22:36:38 +0200] "GET /ia HTTP/1.1" 201 6743 "https://www.google.com/" "Mozilla/5.0 (Windows NT 10.0; Win64; x64; rv:54.0) Gecko/20100101 Firefox/54.0"
192.168.1.43 - - [31/Oct/2025:22:36:38 +0200] "POST /sehzsff HTTP/1.1" 403 5424 "https://www.google.com/" "Mozilla/5.0 (Windows NT 6.1; WOW64; rv:54.0) Gecko/20100101 Firefox/54.0"
192.168.1.27 - - [31/Oct/2025:22:36:38 +0200] "GET /lld HTTP/1.1" 301 5885 "https://www.msn.com/" "Mozilla/5.0 (Windows NT 10.0; Win64; x64) AppleWebKit/537.36 (KHTML, like Gecko) Chrome/62.0.3202.94 Safari/537.36"
192.168.1.8 - - [31/Oct/2025:22:36:38 +0200] "PUT /zwopnaafok HTTP/1.1" 201 9962 "https://www.example.com/" "Mozilla/5.0 (Windows NT 10.0; WOW64) AppleWebKit/537.36 (KHTML, like Gecko) Chrome/58.0.3029.110 Safari/537.36 OPR/45.0.2552.898"
2001:db8:0:1:0:0:0:3 - - [31/Oct/2025:22:36:38 +0200] "POST /phyurmhwee HTTP/1.1" 204 495 "https://www.msn.com/" "Mozilla/5.0 (Windows NT 10.0; WOW64) AppleWebKit/537.36 (KHTML, like Gecko) Chrome/58.0.3029.110 Safari/537.36 OPR/45.0.2552.898"
2001:db8:0:1:0:0:0:7 - - [31/Oct/2025:22:36:38 +0200] "GET /qtmwiag HTTP/1.1" 400 2995 "https://www.ibm.com/" "Mozilla/5.0 (Windows NT 6.1; WOW64; Trident/7.0; AS; rv:11.0) like Gecko"
192.168.1.18 - - [31/Oct/2025:22:36:38 +0200] "GET /trsagoxa HTTP/1.1" 204 9424 "https://www.google.com/" "Mozilla/5.0 (Windows NT 10.0; Win64; x64) AppleWebKit/537.36 (KHTML, like Gecko) Chrome/62.0.3202.94 Safari/537.36"
2001:db8:0:1:0:0:0:5 - - [31/Oct/2025:22:36:38 +0200] "GET /vmyzrwv HTTP/1.1" 204 6602 "https://www.ibm.com/" "Mozilla/5.0 (Windows NT 10.0; Win64; x64) AppleWebKit/537.36 (KHTML, like Gecko) Chrome/62.0.3202.94 Safari/537.36"
192.168.1.39 - - [31/Oct/2025:22:36:38 +0200] "POST /bwtl HTTP/1.1" 302 9929 "https://www.google.com/" "Mozilla/5.0 (Windows NT 10.0; WOW64) AppleWebKit/537.36 (KHTML, like Gecko) Chrome/58.0.3029.110 Safari/537.36 OPR/45.0.2552.898"
2001:db8:0:1:0:0:0:8 - - [31/Oct/2025:22:36:38 +0200] "GET /bzvgbiba HTTP/1.1" 404 3020 "https://www.msn.com/" "Mozilla/5.0 (Windows NT 6.1; WOW64; rv:54.0) Gecko/20100101 Firefox/54.0"
192.168.1.49 - - [31/Oct/2025:22:36:38 +0200] "POST /sxszhrz HTTP/1.1" 201 184 "https://www.msn.com/" "Mozilla/5.0 (Windows NT 6.1; WOW64; rv:54.0) Gecko/20100101 Firefox/54.0"
192.168.1.35 - - [31/Oct/2025:22:36:38 +0200] "PUT /u HTTP/1.1" 204 1207 "https://www.msn.com/" "Mozilla/5.0 (Windows NT 10.0; Win64; x64) AppleWebKit/537.36 (KHTML, like Gecko) Chrome/58.0.3029.110 Safari/537.36"
192.168.1.17 - - [31/Oct/2025:22:36:38 +0200] "GET /shztqgazzn HTTP/1.1" 301 5303 "https://www.google.com/" "Mozilla/5.0 (Windows NT 10.0; Win64; x64) AppleWebKit/537.36 (KHTML, like Gecko) Chrome/62.0.3202.94 Safari/537.36"
2001:db8:0:1:0:0:0:a - - [31/Oct/2025:22:36:38 +0200] "POST /ypyfgfblm HTTP/1.1" 302 7618 "https://www.ibm.com/" "Mozilla/5.0 (Windows NT 6.1; WOW64; rv:54.0) Gecko/20100101 Firefox/54.0"
192.168.1.36 - - [31/Oct/2025:22:36:38 +0200] "PUT /my HTTP/1.1" 500 8446 "https://www.ibm.com/" "Mozilla/5.0 (Windows NT 10.0; Win64; x64) AppleWebKit/537.36 (KHTML, like Gecko) Chrome/58.0.3029.110 Safari/537.36"
192.168.1.2 - - [31/Oct/2025:22:36:38 +0200] "PUT /mzze HTTP/1.1" 401 3859 "https://www.example.com/" "Mozilla/5.0 (Windows NT 10.0; WOW64) AppleWebKit/537.36 (KHTML, like Gecko) Chrome/58.0.3029.110 Safari/537.36 OPR/45.0.2552.898"
192.168.1.49 - - [31/Oct/2025:22:36:38 +0200] "GET /r HTTP/1.1" 201 7223 "https://www.ibm.com/" "Mozilla/5.0 (Windows NT 6.1; WOW64; Trident/7.0; AS; rv:11.0) like Gecko"
192.168.1.9 - - [31/Oct/2025:22:36:38 +0200] "POST /ajuidooc HTTP/1.1" 201 4143 "https://www.example.com/" "Mozilla/5.0 (Windows NT 10.0; Win64; x64) AppleWebKit/537.36 (KHTML, like Gecko) Chrome/62.0.3202.94 Safari/537.36"
192.168.1.1 - - [31/Oct/2025:22:36:38 +0200] "DELETE /zbwyqg HTTP/1.1" 401 8659 "https://www.google.com/" "Mozilla/5.0 (Windows NT 10.0; Win64; x64) AppleWebKit/537.36 (KHTML, like Gecko) Chrome/62.0.3202.94 Safari/537.36"
192.168.1.32 - - [31/Oct/2025:22:36:38 +0200] "GET /tceamguhop HTTP/1.1" 401 8024 "https://www.example.com/" "Mozilla/5.0 (Windows NT 10.0; Win64; x64) AppleWebKit/537.36 (KHTML, like Gecko) Chrome/58.0.3029.110 Safari/537.36"
192.168.1.30 - - [31/Oct/2025:22:36:38 +0200] "GET /fnlybyy HTTP/1.1" 500 2064 "https://www.msn.com/" "Mozilla/5.0 (Windows NT 10.0; WOW64) AppleWebKit/537.36 (KHTML, like Gecko) Chrome/58.0.3029.110 Safari/537.36 OPR/45.0.2552.898"
192.168.1.8 - - [31/Oct/2025:22:36:38 +0200] "GET /g HTTP/1.1" 400 5442 "https://www.example.com/" "Mozilla/5.0 (Windows NT 10.0; Win64; x64) AppleWebKit/537.36 (KHTML, like Gecko) Chrome/58.0.3029.110 Safari/537.36"
192.168.1.3 - - [31/Oct/2025:22:36:38 +0200] "DELETE /n HTTP/1.1" 200 8618 "https://www.msn.com/" "Mozilla/5.0 (Windows NT 10.0; WOW64) AppleWebKit/537.36 (KHTML, like Gecko) Chrome/58.0.3029.110 Safari/537.36 OPR/45.0.2552.898"
192.168.1.32 - - [31/Oct/2025:22:36:38 +0200] "GET /rhyrmatmsw HTTP/1.1" 400 7833 "https://www.msn.com/" "Mozilla/5.0 (Windows NT 6.1; WOW64; Trident/7.0; AS; rv:11.0) like Gecko"
192.168.1.47 - - [31/Oct/2025:22:36:38 +0200] "DELETE /o HTTP/1.1" 201 8498 "https://www.ibm.com/" "Mozilla/5.0 (Windows NT 6.1; WOW64; rv:54.0) Gecko/20100101 Firefox/54.0"
2001:db8:0:1:0:0:0:a - - [31/Oct/2025:22:36:38 +0200] "POST /ubpafiwp HTTP/1.1" 301 6756 "https://www.google.com/" "Mozilla/5.0 (Windows NT 10.0; WOW64) AppleWebKit/537.36 (KHTML, like Gecko) Chrome/58.0.3029.110 Safari/537.36 OPR/45.0.2552.898"
192.168.1.40 - - [31/Oct/2025:22:36:38 +0200] "GET /l HTTP/1.1" 403 181 "https://www.msn.com/" "Mozilla/5.0 (Windows NT 6.1; WOW64; Trident/7.0; AS; rv:11.0) like Gecko"
192.168.1.44 - - [31/Oct/2025:22:36:38 +0200] "PUT /yspdncarz HTTP/1.1" 204 4185 "https://www.ibm.com/" "Mozilla/5.0 (Windows NT 6.1; WOW64; Trident/7.0; AS; rv:11.0) like Gecko"
192.168.1.7 - - [31/Oct/2025:22:36:38 +0200] "POST /ceppbug HTTP/1.1" 201 3727 "https://www.google.com/" "Mozilla/5.0 (Windows NT 6.1; WOW64; Trident/7.0; AS; rv:11.0) like Gecko"
192.168.1.44 - - [31/Oct/2025:22:36:38 +0200] "PUT /fdfzk HTTP/1.1" 301 6889 "https://www.example.com/" "Mozilla/5.0 (Windows NT 10.0; Win64; x64) AppleWebKit/537.36 (KHTML, like Gecko) Chrome/62.0.3202.94 Safari/537.36"
192.168.1.47 - - [31/Oct/2025:22:36:38 +0200] "GET /xrctefcoqu HTTP/1.1" 204 2783 "https://www.example.com/" "Mozilla/5.0 (Windows NT 10.0; Win64; x64) AppleWebKit/537.36 (KHTML, like Gecko) Chrome/58.0.3029.110 Safari/537.36"
192.168.1.18 - - [31/Oct/2025:22:36:38 +0200] "PUT /gkc HTTP/1.1" 401 8369 "https://www.msn.com/" "Mozilla/5.0 (Windows NT 10.0; Win64; x64) AppleWebKit/537.36 (KHTML, like Gecko) Chrome/58.0.3029.110 Safari/537.36"
192.168.1.26 - - [31/Oct/2025:22:36:38 +0200] "PUT /zjgxuc HTTP/1.1" 401 925 "https://www.google.com/" "Mozilla/5.0 (Windows NT 10.0; WOW64) AppleWebKit/537.36 (KHTML, like Gecko) Chrome/58.0.3029.110 Safari/537.36 OPR/45.0.2552.898"
192.168.1.15 - - [31/Oct/2025:22:36:38 +0200] "GET /kltd HTTP/1.1" 301 7503 "https://www.msn.com/" "Mozilla/5.0 (Windows NT 6.1; WOW64; Trident/7.0; AS; rv:11.0) like Gecko"
192.168.1.26 - - [31/Oct/2025:22:36:38 +0200] "DELETE /pqxveqvnd HTTP/1.1" 403 8014 "https://www.google.com/" "Mozilla/5.0 (Windows NT 10.0; Win64; x64) AppleWebKit/537.36 (KHTML, like Gecko) Chrome/62.0.3202.94 Safari/537.36"
192.168.1.34 - - [31/Oct/2025:22:36:38 +0200] "DELETE /rgigocxzb HTTP/1.1" 403 3876 "https://www.msn.com/" "Mozilla/5.0 (Windows NT 10.0; Win64; x64) AppleWebKit/537.36 (KHTML, like Gecko) Chrome/62.0.3202.94 Safari/537.36"
192.168.1.4 - - [31/Oct/2025:22:36:38 +0200] "GET /txlznol HTTP/1.1" 403 5695 "https://www.google.com/" "Mozilla/5.0 (Windows NT 6.1; WOW64; rv:54.0) Gecko/20100101 Firefox/54.0"
192.168.1.5 - - [31/Oct/2025:22:36:38 +0200] "DELETE /s HTTP/1.1" 302 7163 "https://www.google.com/" "Mozilla/5.0 (Windows NT 10.0; WOW64) AppleWebKit/537.36 (KHTML, like Gecko) Chrome/58.0.3029.110 Safari/537.36 OPR/45.0.2552.898"
192.168.1.7 - - [31/Oct/2025:22:36:38 +0200] "DELETE /kpc HTTP/1.1" 302 421 "https://www.ibm.com/" "Mozilla/5.0 (Windows NT 10.0; WOW64) AppleWebKit/537.36 (KHTML, like Gecko) Chrome/58.0.3029.110 Safari/537.36 OPR/45.0.2552.898"
192.168.1.18 - - [31/Oct/2025:22:36:38 +0200] "POST /xxbgugyeen HTTP/1.1" 302 2776 "https://www.ibm.com/" "Mozilla/5.0 (Windows NT 10.0; Win64; x64; rv:54.0) Gecko/20100101 Firefox/54.0"
192.168.1.9 - - [31/Oct/2025:22:36:38 +0200] "DELETE /tbvfcud HTTP/1.1" 204 4242 "https://www.ibm.com/" "Mozilla/5.0 (Windows NT 10.0; Win64; x64) AppleWebKit/537.36 (KHTML, like Gecko) Chrome/58.0.3029.110 Safari/537.36"
192.168.1.48 - - [31/Oct/2025:22:36:38 +0200] "DELETE /sf HTTP/1.1" 204 7271 "https://www.google.com/" "Mozilla/5.0 (Windows NT 10.0; Win64; x64) AppleWebKit/537.36 (KHTML, like Gecko) Chrome/62.0.3202.94 Safari/537.36"
192.168.1.33 - - [31/Oct/2025:22:36:38 +0200] "GET /nee HTTP/1.1" 400 7949 "https://www.msn.com/" "Mozilla/5.0 (Windows NT 6.1; WOW64; Trident/7.0; AS; rv:11.0) like Gecko"
192.168.1.31 - - [31/Oct/2025:22:36:38 +0200] "GET /pmsjvhn HTTP/1.1" 201 118 "https://www.example.com/" "Mozilla/5.0 (Windows NT 10.0; Win64; x64; rv:54.0) Gecko/20100101 Firefox/54.0"
192.168.1.17 - - [31/Oct/2025:22:36:38 +0200] "GET /yzhiumjnv HTTP/1.1" 404 1647 "https://www.example.com/" "Mozilla/5.0 (Windows NT 6.1; WOW64; Trident/7.0; AS; rv:11.0) like Gecko"
192.168.1.1 - - [31/Oct/2025:22:36:38 +0200] "POST /ptrepvyl HTTP/1.1" 404 8332 "https://www.google.com/" "Mozilla/5.0 (Windows NT 10.0; Win64; x64; rv:54.0) Gecko/20100101 Firefox/54.0"
192.168.1.26 - - [31/Oct/2025:22:36:38 +0200] "GET /arhmksqhsg HTTP/1.1" 400 4525 "https://www.example.com/" "Mozilla/5.0 (Windows NT 6.1; WOW64; rv:54.0) Gecko/20100101 Firefox/54.0"
192.168.1.25 - - [31/Oct/2025:22:36:38 +0200] "GET /px HTTP/1.1" 403 2495 "https://www.msn.com/" "Mozilla/5.0 (Windows NT 10.0; WOW64) AppleWebKit/537.36 (KHTML, like Gecko) Chrome/58.0.3029.110 Safari/537.36 OPR/45.0.2552.898"
2001:db8:0:1:0:0:0:1 - - [31/Oct/2025:22:36:38 +0200] "GET /wqmw HTTP/1.1" 500 3751 "https://www.example.com/" "Mozilla/5.0 (Windows NT 10.0; Win64; x64; rv:54.0) Gecko/20100101 Firefox/54.0"
192.168.1.13 - - [31/Oct/2025:22:36:38 +0200] "DELETE /qjkdpsnrj HTTP/1.1" 302 539 "https://www.google.com/" "Mozilla/5.0 (Windows NT 10.0; WOW64) AppleWebKit/537.36 (KHTML, like Gecko) Chrome/58.0.3029.110 Safari/537.36 OPR/45.0.2552.898"
192.168.1.6 - - [31/Oct/2025:22:36:38 +0200] "PUT /kwwm HTTP/1.1" 401 605 "https://www.google.com/" "Mozilla/5.0 (Windows NT 6.1; WOW64; rv:54.0) Gecko/20100101 Firefox/54.0"
192.168.1.3 - - [31/Oct/2025:22:36:38 +0200] "POST /mjojxbmsns HTTP/1.1" 400 6005 "https://www.ibm.com/" "Mozilla/5.0 (Windows NT 10.0; Win64; x64) AppleWebKit/537.36 (KHTML, like Gecko) Chrome/62.0.3202.94 Safari/537.36"
2001:db8:0:1:0:0:0:2 - - [31/Oct/2025:22:36:38 +0200] "POST /chqvken HTTP/1.1" 403 1773 "https://www.example.com/" "Mozilla/5.0 (Windows NT 6.1; WOW64; rv:54.0) Gecko/20100101 Firefox/54.0"
192.168.1.41 - - [31/Oct/2025:22:36:38 +0200] "GET /trwvpzqbgd HTTP/1.1" 204 7229 "https://www.google.com/" "Mozilla/5.0 (Windows NT 6.1; WOW64; rv:54.0) Gecko/20100101 Firefox/54.0"
192.168.1.47 - - [31/Oct/2025:22:36:38 +0200] "DELETE /bjp HTTP/1.1" 400 5910 "https://www.msn.com/" "Mozilla/5.0 (Windows NT 6.1; WOW64; Trident/7.0; AS; rv:11.0) like Gecko"
192.168.1.17 - - [31/Oct/2025:22:36:38 +0200] "GET /vcpxl HTTP/1.1" 500 1985 "https://www.google.com/" "Mozilla/5.0 (Windows NT 10.0; Win64; x64) AppleWebKit/537.36 (KHTML, like Gecko) Chrome/62.0.3202.94 Safari/537.36"
2001:db8:0:1:0:0:0:4 - - [31/Oct/2025:22:36:38 +0200] "POST /omnfrn HTTP/1.1" 200 8571 "https://www.ibm.com/" "Mozilla/5.0 (Windows NT 10.0; WOW64) AppleWebKit/537.36 (KHTML, like Gecko) Chrome/58.0.3029.110 Safari/537.36 OPR/45.0.2552.898"
192.168.1.14 - - [31/Oct/2025:22:36:38 +0200] "POST /bb HTTP/1.1" 302 7543 "https://www.example.com/" "Mozilla/5.0 (Windows NT 10.0; Win64; x64) AppleWebKit/537.36 (KHTML, like Gecko) Chrome/58.0.3029.110 Safari/537.36"
192.168.1.3 - - [31/Oct/2025:22:36:38 +0200] "GET /p HTTP/1.1" 404 7323 "https://www.example.com/" "Mozilla/5.0 (Windows NT 10.0; Win64; x64) AppleWebKit/537.36 (KHTML, like Gecko) Chrome/58.0.3029.110 Safari/537.36"
192.168.1.29 - - [31/Oct/2025:22:36:38 +0200] "POST /uibwnq HTTP/1.1" 204 9745 "https://www.google.com/" "Mozilla/5.0 (Windows NT 10.0; Win64; x64) AppleWebKit/537.36 (KHTML, like Gecko) Chrome/58.0.3029.110 Safari/537.36"
192.168.1.41 - - [31/Oct/2025:22:36:38 +0200] "DELETE /segnvmqvjj HTTP/1.1" 302 1447 "https://www.msn.com/" "Mozilla/5.0 (Windows NT 6.1; WOW64; Trident/7.0; AS; rv:11.0) like Gecko"
192.168.1.8 - - [31/Oct/2025:22:36:38 +0200] "DELETE /mndh HTTP/1.1" 204 9302 "https://www.example.com/" "Mozilla/5.0 (Windows NT 10.0; Win64; x64) AppleWebKit/537.36 (KHTML, like Gecko) Chrome/62.0.3202.94 Safari/537.36"
192.168.1.36 - - [31/Oct/2025:22:36:38 +0200] "GET /vpptmfewrl HTTP/1.1" 401 1342 "https://www.ibm.com/" "Mozilla/5.0 (Windows NT 6.1; WOW64; Trident/7.0; AS; rv:11.0) like Gecko"
192.168.1.28 - - [31/Oct/2025:22:36:38 +0200] "GET /kf HTTP/1.1" 500 5539 "https://www.ibm.com/" "Mozilla/5.0 (Windows NT 10.0; Win64; x64) AppleWebKit/537.36 (KHTML, like Gecko) Chrome/62.0.3202.94 Safari/537.36"
192.168.1.35 - - [31/Oct/2025:22:36:38 +0200] "PUT /pv HTTP/1.1" 403 2134 "https://www.example.com/" "Mozilla/5.0 (Windows NT 10.0; WOW64) AppleWebKit/537.36 (KHTML, like Gecko) Chrome/58.0.3029.110 Safari/537.36 OPR/45.0.2552.898"
192.168.1.9 - - [31/Oct/2025:22:36:38 +0200] "POST /ldlirfb HTTP/1.1" 500 532 "https://www.example.com/" "Mozilla/5.0 (Windows NT 10.0; Win64; x64; rv:54.0) Gecko/20100101 Firefox/54.0"
192.168.1.37 - - [31/Oct/2025:22:36:38 +0200] "DELETE /xt HTTP/1.1" 204 1461 "https://www.ibm.com/" "Mozilla/5.0 (Windows NT 10.0; Win64; x64) AppleWebKit/537.36 (KHTML, like Gecko) Chrome/58.0.3029.110 Safari/537.36"
192.168.1.48 - - [31/Oct/2025:22:36:38 +0200] "DELETE /cajqku HTTP/1.1" 204 480 "https://www.ibm.com/" "Mozilla/5.0 (Windows NT 6.1; WOW64; Trident/7.0; AS; rv:11.0) like Gecko"
2001:db8:0:1:0:0:0:6 - - [31/Oct/2025:22:36:38 +0200] "POST /nzyukkdzx HTTP/1.1" 403 6177 "https://www.google.com/" "Mozilla/5.0 (Windows NT 10.0; Win64; x64; rv:54.0) Gecko/20100101 Firefox/54.0"
192.168.1.17 - - [31/Oct/2025:22:36:38 +0200] "GET /bxmltxay HTTP/1.1" 400 3556 "https://www.ibm.com/" "Mozilla/5.0 (Windows NT 6.1; WOW64; rv:54.0) Gecko/20100101 Firefox/54.0"
2001:db8:0:1:0:0:0:b - - [31/Oct/2025:22:36:38 +0200] "POST /tfukobcu HTTP/1.1" 201 8068 "https://www.google.com/" "Mozilla/5.0 (Windows NT 10.0; Win64; x64) AppleWebKit/537.36 (KHTML, like Gecko) Chrome/62.0.3202.94 Safari/537.36"
2001:db8:0:1:0:0:0:6 - - [31/Oct/2025:22:36:38 +0200] "POST /ocgxamsx HTTP/1.1" 404 590 "https://www.example.com/" "Mozilla/5.0 (Windows NT 10.0; WOW64) AppleWebKit/537.36 (KHTML, like Gecko) Chrome/58.0.3029.110 Safari/537.36 OPR/45.0.2552.898"
2001:db8:0:1:0:0:0:8 - - [31/Oct/2025:22:36:38 +0200] "POST /wjuzrvr HTTP/1.1" 404 2366 "https://www.google.com/" "Mozilla/5.0 (Windows NT 10.0; Win64; x64) AppleWebKit/537.36 (KHTML, like Gecko) Chrome/62.0.3202.94 Safari/537.36"
192.168.1.1 - - [31/Oct/2025:22:36:38 +0200] "DELETE /xf HTTP/1.1" 400 1834 "https://www.example.com/" "Mozilla/5.0 (Windows NT 10.0; WOW64) AppleWebKit/537.36 (KHTML, like Gecko) Chrome/58.0.3029.110 Safari/537.36 OPR/45.0.2552.898"
192.168.1.1 - - [31/Oct/2025:22:36:38 +0200] "GET /wghzmq HTTP/1.1" 400 2204 "https://www.msn.com/" "Mozilla/5.0 (Windows NT 6.1; WOW64; rv:54.0) Gecko/20100101 Firefox/54.0"
192.168.1.2 - - [31/Oct/2025:22:36:38 +0200] "DELETE /hgc HTTP/1.1" 201 5962 "https://www.example.com/" "Mozilla/5.0 (Windows NT 6.1; WOW64; rv:54.0) Gecko/20100101 Firefox/54.0"
192.168.1.36 - - [31/Oct/2025:22:36:38 +0200] "PUT /ba HTTP/1.1" 201 1988 "https://www.msn.com/" "Mozilla/5.0 (Windows NT 10.0; WOW64) AppleWebKit/537.36 (KHTML, like Gecko) Chrome/58.0.3029.110 Safari/537.36 OPR/45.0.2552.898"
2001:db8:0:1:0:0:0:e - - [31/Oct/2025:22:36:38 +0200] "DELETE /fwdjosafej HTTP/1.1" 404 1690 "https://www.example.com/" "Mozilla/5.0 (Windows NT 10.0; Win64; x64) AppleWebKit/537.36 (KHTML, like Gecko) Chrome/62.0.3202.94 Safari/537.36"
192.168.1.11 - - [31/Oct/2025:22:36:38 +0200] "POST /q HTTP/1.1" 403 9922 "https://www.google.com/" "Mozilla/5.0 (Windows NT 10.0; Win64; x64) AppleWebKit/537.36 (KHTML, like Gecko) Chrome/58.0.3029.110 Safari/537.36"
2001:db8:0:1:0:0:0:4 - - [31/Oct/2025:22:36:38 +0200] "DELETE /k HTTP/1.1" 400 9428 "https://www.example.com/" "Mozilla/5.0 (Windows NT 10.0; Win64; x64; rv:54.0) Gecko/20100101 Firefox/54.0"
192.168.1.10 - - [31/Oct/2025:22:36:38 +0200] "POST /wtlcgachz HTTP/1.1" 500 6957 "https://www.ibm.com/" "Mozilla/5.0 (Windows NT 10.0; WOW64) AppleWebKit/537.36 (KHTML, like Gecko) Chrome/58.0.3029.110 Safari/537.36 OPR/45.0.2552.898"
192.168.1.33 - - [31/Oct/2025:22:36:38 +0200] "PUT /d HTTP/1.1" 301 4466 "https://www.ibm.com/" "Mozilla/5.0 (Windows NT 10.0; Win64; x64; rv:54.0) Gecko/20100101 Firefox/54.0"
2001:db8:0:1:0:0:0:c - - [31/Oct/2025:22:36:38 +0200] "DELETE /rxnqkgve HTTP/1.1" 400 9205 "https://www.google.com/" "Mozilla/5.0 (Windows NT 6.1; WOW64; rv:54.0) Gecko/20100101 Firefox/54.0"
2001:db8:0:1:0:0:0:7 - - [31/Oct/2025:22:36:38 +0200] "GET /fcmofgjhp HTTP/1.1" 403 7596 "https://www.ibm.com/" "Mozilla/5.0 (Windows NT 10.0; Win64; x64; rv:54.0) Gecko/20100101 Firefox/54.0"
192.168.1.4 - - [31/Oct/2025:22:36:38 +0200] "POST /nmwyuvj HTTP/1.1" 404 3408 "https://www.ibm.com/" "Mozilla/5.0 (Windows NT 6.1; WOW64; Trident/7.0; AS; rv:11.0) like Gecko"
2001:db8:0:1:0:0:0:d - - [31/Oct/2025:22:36:38 +0200] "PUT /icbtpru HTTP/1.1" 401 2310 "https://www.ibm.com/" "Mozilla/5.0 (Windows NT 10.0; Win64; x64) AppleWebKit/537.36 (KHTML, like Gecko) Chrome/58.0.3029.110 Safari/537.36"
2001:db8:0:1:0:0:0:5 - - [31/Oct/2025:22:36:38 +0200] "DELETE /gdof HTTP/1.1" 401 8392 "https://www.example.com/" "Mozilla/5.0 (Windows NT 6.1; WOW64; rv:54.0) Gecko/20100101 Firefox/54.0"
192.168.1.21 - - [31/Oct/2025:22:36:38 +0200] "DELETE /cdkpr HTTP/1.1" 500 1217 "https://www.ibm.com/" "Mozilla/5.0 (Windows NT 6.1; WOW64; rv:54.0) Gecko/20100101 Firefox/54.0"
2001:db8:0:1:0:0:0:6 - - [31/Oct/2025:22:36:38 +0200] "PUT /tbqftgzye HTTP/1.1" 403 2259 "https://www.ibm.com/" "Mozilla/5.0 (Windows NT 10.0; WOW64) AppleWebKit/537.36 (KHTML, like Gecko) Chrome/58.0.3029.110 Safari/537.36 OPR/45.0.2552.898"
2001:db8:0:1:0:0:0:9 - - [31/Oct/2025:22:36:38 +0200] "PUT /n HTTP/1.1" 204 3034 "https://www.example.com/" "Mozilla/5.0 (Windows NT 6.1; WOW64; rv:54.0) Gecko/20100101 Firefox/54.0"
2001:db8:0:1:0:0:0:5 - - [31/Oct/2025:22:36:38 +0200] "PUT /nogskb HTTP/1.1" 301 8332 "https://www.ibm.com/" "Mozilla/5.0 (Windows NT 10.0; Win64; x64) AppleWebKit/537.36 (KHTML, like Gecko) Chrome/62.0.3202.94 Safari/537.36"
192.168.1.3 - - [31/Oct/2025:22:36:38 +0200] "GET /vrarklidg HTTP/1.1" 301 4419 "https://www.google.com/" "Mozilla/5.0 (Windows NT 10.0; Win64; x64; rv:54.0) Gecko/20100101 Firefox/54.0"
192.168.1.40 - - [31/Oct/2025:22:36:38 +0200] "POST /g HTTP/1.1" 401 8719 "https://www.example.com/" "Mozilla/5.0 (Windows NT 6.1; WOW64; rv:54.0) Gecko/20100101 Firefox/54.0"
192.168.1.36 - - [31/Oct/2025:22:36:38 +0200] "POST /pphbnle HTTP/1.1" 204 7185 "https://www.google.com/" "Mozilla/5.0 (Windows NT 10.0; Win64; x64) AppleWebKit/537.36 (KHTML, like Gecko) Chrome/58.0.3029.110 Safari/537.36"
192.168.1.36 - - [31/Oct/2025:22:36:38 +0200] "GET /ims HTTP/1.1" 204 3357 "https://www.ibm.com/" "Mozilla/5.0 (Windows NT 10.0; WOW64) AppleWebKit/537.36 (KHTML, like Gecko) Chrome/58.0.3029.110 Safari/537.36 OPR/45.0.2552.898"
192.168.1.29 - - [31/Oct/2025:22:36:38 +0200] "DELETE /i HTTP/1.1" 204 5014 "https://www.msn.com/" "Mozilla/5.0 (Windows NT 6.1; WOW64; Trident/7.0; AS; rv:11.0) like Gecko"
192.168.1.29 - - [31/Oct/2025:22:36:38 +0200] "GET /duuxfb HTTP/1.1" 204 3448 "https://www.google.com/" "Mozilla/5.0 (Windows NT 10.0; WOW64) AppleWebKit/537.36 (KHTML, like Gecko) Chrome/58.0.3029.110 Safari/537.36 OPR/45.0.2552.898"
2001:db8:0:1:0:0:0:2 - - [31/Oct/2025:22:36:38 +0200] "GET /uazx HTTP/1.1" 204 6423 "https://www.msn.com/" "Mozilla/5.0 (Windows NT 10.0; Win64; x64) AppleWebKit/537.36 (KHTML, like Gecko) Chrome/62.0.3202.94 Safari/537.36"
2001:db8:0:1:0:0:0:c - - [31/Oct/2025:22:36:38 +0200] "GET /rkdyfdwj HTTP/1.1" 200 4548 "https://www.google.com/" "Mozilla/5.0 (Windows NT 6.1; WOW64; Trident/7.0; AS; rv:11.0) like Gecko"
192.168.1.13 - - [31/Oct/2025:22:36:38 +0200] "POST /ls HTTP/1.1" 302 6155 "https://www.example.com/" "Mozilla/5.0 (Windows NT 10.0; Win64; x64) AppleWebKit/537.36 (KHTML, like Gecko) Chrome/62.0.3202.94 Safari/537.36"
192.168.1.29 - - [31/Oct/2025:22:36:38 +0200] "POST /pcicl HTTP/1.1" 401 598 "https://www.ibm.com/" "Mozilla/5.0 (Windows NT 6.1; WOW64; rv:54.0) Gecko/20100101 Firefox/54.0"
192.168.1.47 - - [31/Oct/2025:22:36:38 +0200] "GET /fihfssyzr HTTP/1.1" 204 3853 "https://www.example.com/" "Mozilla/5.0 (Windows NT 10.0; Win64; x64) AppleWebKit/537.36 (KHTML, like Gecko) Chrome/58.0.3029.110 Safari/537.36"
2001:db8:0:1:0:0:0:9 - - [31/Oct/2025:22:36:38 +0200] "PUT /pkt HTTP/1.1" 400 4677 "https://www.google.com/" "Mozilla/5.0 (Windows NT 10.0; WOW64) AppleWebKit/537.36 (KHTML, like Gecko) Chrome/58.0.3029.110 Safari/537.36 OPR/45.0.2552.898"
2001:db8:0:1:0:0:0:1 - - [31/Oct/2025:22:36:38 +0200] "GET /icjxjy HTTP/1.1" 400 9495 "https://www.google.com/" "Mozilla/5.0 (Windows NT 10.0; Win64; x64; rv:54.0) Gecko/20100101 Firefox/54.0"
192.168.1.38 - - [31/Oct/2025:22:36:38 +0200] "POST /aqswb HTTP/1.1" 301 6824 "https://www.msn.com/" "Mozilla/5.0 (Windows NT 6.1; WOW64; Trident/7.0; AS; rv:11.0) like Gecko"
192.168.1.13 - - [31/Oct/2025:22:36:38 +0200] "PUT /iibkcjplwq HTTP/1.1" 500 2725 "https://www.example.com/" "Mozilla/5.0 (Windows NT 10.0; Win64; x64) AppleWebKit/537.36 (KHTML, like Gecko) Chrome/62.0.3202.94 Safari/537.36"
2001:db8:0:1:0:0:0:c - - [31/Oct/2025:22:36:38 +0200] "GET /hoajy HTTP/1.1" 301 2229 "https://www.example.com/" "Mozilla/5.0 (Windows NT 6.1; WOW64; Trident/7.0; AS; rv:11.0) like Gecko"
192.168.1.49 - - [31/Oct/2025:22:36:38 +0200] "GET /s HTTP/1.1" 401 7983 "https://www.example.com/" "Mozilla/5.0 (Windows NT 10.0; Win64; x64) AppleWebKit/537.36 (KHTML, like Gecko) Chrome/62.0.3202.94 Safari/537.36"
192.168.1.30 - - [31/Oct/2025:22:36:38 +0200] "POST /qzlp HTTP/1.1" 204 2601 "https://www.example.com/" "Mozilla/5.0 (Windows NT 10.0; WOW64) AppleWebKit/537.36 (KHTML, like Gecko) Chrome/58.0.3029.110 Safari/537.36 OPR/45.0.2552.898"
192.168.1.38 - - [31/Oct/2025:22:36:38 +0200] "GET /dqr HTTP/1.1" 204 4707 "https://www.msn.com/" "Mozilla/5.0 (Windows NT 10.0; WOW64) AppleWebKit/537.36 (KHTML, like Gecko) Chrome/58.0.3029.110 Safari/537.36 OPR/45.0.2552.898"
192.168.1.36 - - [31/Oct/2025:22:36:38 +0200] "PUT /bg HTTP/1.1" 404 7354 "https://www.msn.com/" "Mozilla/5.0 (Windows NT 10.0; Win64; x64) AppleWebKit/537.36 (KHTML, like Gecko) Chrome/62.0.3202.94 Safari/537.36"
192.168.1.30 - - [31/Oct/2025:22:36:38 +0200] "POST /jcoqlt HTTP/1.1" 500 1533 "https://www.msn.com/" "Mozilla/5.0 (Windows NT 10.0; Win64; x64) AppleWebKit/537.36 (KHTML, like Gecko) Chrome/62.0.3202.94 Safari/537.36"
192.168.1.40 - - [31/Oct/2025:22:36:38 +0200] "POST /zmcwznvi HTTP/1.1" 200 5217 "https://www.msn.com/" "Mozilla/5.0 (Windows NT 10.0; Win64; x64) AppleWebKit/537.36 (KHTML, like Gecko) Chrome/62.0.3202.94 Safari/537.36"
192.168.1.14 - - [31/Oct/2025:22:36:38 +0200] "DELETE /bdunxshq HTTP/1.1" 201 897 "https://www.google.com/" "Mozilla/5.0 (Windows NT 6.1; WOW64; Trident/7.0; AS; rv:11.0) like Gecko"
2001:db8:0:1:0:0:0:8 - - [31/Oct/2025:22:36:38 +0200] "GET /w HTTP/1.1" 200 3470 "https://www.msn.com/" "Mozilla/5.0 (Windows NT 6.1; WOW64; rv:54.0) Gecko/20100101 Firefox/54.0"
192.168.1.48 - - [31/Oct/2025:22:36:38 +0200] "DELETE /zq HTTP/1.1" 404 8721 "https://www.msn.com/" "Mozilla/5.0 (Windows NT 10.0; Win64; x64) AppleWebKit/537.36 (KHTML, like Gecko) Chrome/62.0.3202.94 Safari/537.36"
2001:db8:0:1:0:0:0:7 - - [31/Oct/2025:22:36:38 +0200] "PUT /zn HTTP/1.1" 200 3591 "https://www.example.com/" "Mozilla/5.0 (Windows NT 10.0; WOW64) AppleWebKit/537.36 (KHTML, like Gecko) Chrome/58.0.3029.110 Safari/537.36 OPR/45.0.2552.898"
192.168.1.27 - - [31/Oct/2025:22:36:38 +0200] "PUT /c HTTP/1.1" 204 7161 "https://www.google.com/" "Mozilla/5.0 (Windows NT 10.0; Win64; x64; rv:54.0) Gecko/20100101 Firefox/54.0"
